======================1==============================
Time stamp : 2021-06-18T16:02:50.335+0530: 0.044
Collection time and cpu usage : [Times: user=0.00 sys=0.00, real=0.00 secs] 
Time spent for gc :  0.0004632 secs
Reason for GC : Allocation Failure
PSYoungGen: 509K->416K(1024K)
============================================================2==============================
Time stamp : 2021-06-18T16:02:50.336+0530: 0.045
Collection time and cpu usage : [Times: user=0.00 sys=0.00, real=0.00 secs] 
Time spent for gc :  0.0003967 secs
Reason for GC : Allocation Failure
PSYoungGen: 895K->370K(1024K)
============================================================3==============================
Time stamp : 2021-06-18T16:02:50.336+0530: 0.046
Collection time and cpu usage : [Times: user=0.00 sys=0.00, real=0.00 secs] 
Time spent for gc :  0.0005059 secs
Reason for GC : Allocation Failure
PSYoungGen: 882K->352K(1024K)
============================================================4==============================
Time stamp : 2021-06-18T16:02:50.337+0530: 0.046
Collection time and cpu usage : [Times: user=0.00 sys=0.00, real=0.00 secs] 
Time spent for gc :  0.0004793 secs
Reason for GC : Allocation Failure
PSYoungGen: 836K->366K(1536K)
============================================================5==============================
Time stamp : 2021-06-18T16:02:50.338+0530: 0.047
Collection time and cpu usage : [Times: user=0.00 sys=0.00, real=0.00 secs] 
Time spent for gc :  0.0005946 secs
Reason for GC : Allocation Failure
PSYoungGen: 1359K->414K(1536K)
============================================================6==============================
Time stamp : 2021-06-18T16:02:50.339+0530: 0.048
Collection time and cpu usage : [Times: user=0.00 sys=0.00, real=0.00 secs] 
Time spent for gc :  0.0004549 secs
Reason for GC : Allocation Failure
PSYoungGen: 1411K->366K(1536K)
============================================================7==============================
Time stamp : 2021-06-18T16:02:50.339+0530: 0.049
Collection time and cpu usage : [Times: user=0.05 sys=0.00, real=0.00 secs] 
Time spent for gc :  0.0004738 secs
Reason for GC : Allocation Failure
PSYoungGen: 1367K->84K(1536K)
============================================================8==============================
Time stamp : 2021-06-18T16:02:50.340+0530: 0.049
Collection time and cpu usage : [Times: user=0.00 sys=0.00, real=0.00 secs] 
Time spent for gc :  0.0002427 secs
Reason for GC : Allocation Failure
PSYoungGen: 1034K->203K(1536K)
============================================================9==============================
Time stamp : 2021-06-18T16:02:50.341+0530: 0.050
Collection time and cpu usage : [Times: user=0.00 sys=0.00, real=0.00 secs] 
Time spent for gc :  0.0002773 secs
Reason for GC : Allocation Failure
PSYoungGen: 1178K->156K(1536K)
============================================================10==============================
Time stamp : 2021-06-18T16:02:50.341+0530: 0.051
Collection time and cpu usage : [Times: user=0.00 sys=0.00, real=0.00 secs] 
Time spent for gc :  0.0002532 secs
Reason for GC : Allocation Failure
PSYoungGen: 1142K->99K(1536K)
============================================================11==============================
Time stamp : 2021-06-18T16:02:50.342+0530: 0.051
Collection time and cpu usage : [Times: user=0.00 sys=0.00, real=0.00 secs] 
Time spent for gc :  0.0002568 secs
Reason for GC : Allocation Failure
PSYoungGen: 1011K->243K(1536K)
============================================================12==============================
Time stamp : 2021-06-18T16:02:50.342+0530: 0.052
Collection time and cpu usage : [Times: user=0.00 sys=0.00, real=0.00 secs] 
Time spent for gc :  0.0002754 secs
Reason for GC : Allocation Failure
PSYoungGen: 1133K->254K(1536K)
============================================================13==============================
Time stamp : 2021-06-18T16:02:50.343+0530: 0.052
Collection time and cpu usage : [Times: user=0.00 sys=0.00, real=0.00 secs] 
Time spent for gc :  0.0002715 secs
Reason for GC : Allocation Failure
PSYoungGen: 1188K->187K(1536K)
============================================================14==============================
Time stamp : 2021-06-18T16:02:50.343+0530: 0.053
Collection time and cpu usage : [Times: user=0.00 sys=0.00, real=0.00 secs] 
Time spent for gc :  0.0002638 secs
Reason for GC : Allocation Failure
PSYoungGen: 1165K->276K(1536K)
============================================================15==============================
Time stamp : 2021-06-18T16:02:50.344+0530: 0.053
Collection time and cpu usage : [Times: user=0.00 sys=0.00, real=0.00 secs] 
Time spent for gc :  0.0002421 secs
Reason for GC : Allocation Failure
PSYoungGen: 1297K->202K(1536K)
============================================================16==============================
Time stamp : 2021-06-18T16:02:50.345+0530: 0.054
Collection time and cpu usage : [Times: user=0.00 sys=0.00, real=0.00 secs] 
Time spent for gc :  0.0002219 secs
Reason for GC : Allocation Failure
PSYoungGen: 1178K->152K(1536K)
============================================================17==============================
Time stamp : 2021-06-18T16:02:50.345+0530: 0.054
Collection time and cpu usage : [Times: user=0.00 sys=0.00, real=0.00 secs] 
Time spent for gc :  0.0002100 secs
Reason for GC : Allocation Failure
PSYoungGen: 1165K->305K(1536K)
============================================================18==============================
Time stamp : 2021-06-18T16:02:50.345+0530: 0.055
Collection time and cpu usage : [Times: user=0.00 sys=0.00, real=0.00 secs] 
Time spent for gc :  0.0002067 secs
Reason for GC : Allocation Failure
PSYoungGen: 1261K->316K(1536K)
============================================================19==============================
Time stamp : 2021-06-18T16:02:50.346+0530: 0.055
Collection time and cpu usage : [Times: user=0.00 sys=0.00, real=0.00 secs] 
Time spent for gc :  0.0002563 secs
Reason for GC : Allocation Failure
PSYoungGen: 1301K->324K(1536K)
============================================================20==============================
Time stamp : 2021-06-18T16:02:50.346+0530: 0.056
Collection time and cpu usage : [Times: user=0.00 sys=0.00, real=0.00 secs] 
Time spent for gc :  0.0002192 secs
Reason for GC : Allocation Failure
PSYoungGen: 1340K->234K(1536K)
============================================================21==============================
Time stamp : 2021-06-18T16:02:50.347+0530: 0.056
Collection time and cpu usage : [Times: user=0.00 sys=0.00, real=0.00 secs] 
Time spent for gc :  0.0002457 secs
Reason for GC : Allocation Failure
PSYoungGen: 1072K->342K(1536K)
============================================================22==============================
Time stamp : 2021-06-18T16:02:50.347+0530: 0.057
Collection time and cpu usage : [Times: user=0.00 sys=0.00, real=0.00 secs] 
Time spent for gc :  0.0002446 secs
Reason for GC : Allocation Failure
PSYoungGen: 1200K->349K(1536K)
============================================================23==============================
Time stamp : 2021-06-18T16:02:50.348+0530: 0.057
Collection time and cpu usage : [Times: user=0.00 sys=0.00, real=0.00 secs] 
Time spent for gc :  0.0002336 secs
Reason for GC : Allocation Failure
PSYoungGen: 1227K->357K(1536K)
============================================================24==============================
Time stamp : 2021-06-18T16:02:50.348+0530: 0.057
Collection time and cpu usage : [Times: user=0.00 sys=0.00, real=0.00 secs] 
Time spent for gc :  0.0002546 secs
Reason for GC : Allocation Failure
PSYoungGen: 1253K->364K(1536K)
============================================================25==============================
Time stamp : 2021-06-18T16:02:50.348+0530: 0.058
Collection time and cpu usage : [Times: user=0.00 sys=0.00, real=0.00 secs] 
Time spent for gc :  0.0002219 secs
Reason for GC : Allocation Failure
PSYoungGen: 1280K->371K(1536K)
============================================================26==============================
Time stamp : 2021-06-18T16:02:50.349+0530: 0.058
Collection time and cpu usage : [Times: user=0.00 sys=0.00, real=0.00 secs] 
Time spent for gc :  0.0001981 secs
Reason for GC : Allocation Failure
PSYoungGen: 1307K->263K(1536K)
============================================================27==============================
Time stamp : 2021-06-18T16:02:50.349+0530: 0.059
Collection time and cpu usage : [Times: user=0.00 sys=0.00, real=0.00 secs] 
Time spent for gc :  0.0002322 secs
Reason for GC : Allocation Failure
PSYoungGen: 1218K->268K(1536K)
============================================================28==============================
Time stamp : 2021-06-18T16:02:50.350+0530: 0.059
Collection time and cpu usage : [Times: user=0.00 sys=0.00, real=0.00 secs] 
Time spent for gc :  0.0002222 secs
Reason for GC : Allocation Failure
PSYoungGen: 1242K->273K(1536K)
============================================================29==============================
Time stamp : 2021-06-18T16:02:50.351+0530: 0.059
Collection time and cpu usage : [Times: user=0.00 sys=0.00, real=0.00 secs] 
Time spent for gc :  0.0003402 secs
Reason for GC : Allocation Failure
PSYoungGen: 1267K->277K(1536K)
============================================================30==============================
Time stamp : 2021-06-18T16:02:50.351+0530: 0.060
Collection time and cpu usage : [Times: user=0.00 sys=0.00, real=0.00 secs] 
Time spent for gc :  0.0001779 secs
Reason for GC : Allocation Failure
PSYoungGen: 1291K->282K(1536K)
============================================================31==============================
Time stamp : 2021-06-18T16:02:50.351+0530: 0.060
Collection time and cpu usage : [Times: user=0.00 sys=0.00, real=0.00 secs] 
Time spent for gc :  0.0001721 secs
Reason for GC : Allocation Failure
PSYoungGen: 1187K->159K(1536K)
============================================================32==============================
Time stamp : 2021-06-18T16:02:50.351+0530: 0.061
Collection time and cpu usage : [Times: user=0.00 sys=0.00, real=0.00 secs] 
Time spent for gc :  0.0001973 secs
Reason for GC : Allocation Failure
PSYoungGen: 1079K->419K(1536K)
============================================================33==============================
Time stamp : 2021-06-18T16:02:50.352+0530: 0.061
Collection time and cpu usage : [Times: user=0.00 sys=0.00, real=0.00 secs] 
Time spent for gc :  0.0001621 secs
Reason for GC : Allocation Failure
PSYoungGen: 1223K->426K(1536K)
============================================================34==============================
Time stamp : 2021-06-18T16:02:50.352+0530: 0.061
Collection time and cpu usage : [Times: user=0.00 sys=0.00, real=0.00 secs] 
Time spent for gc :  0.0001327 secs
Reason for GC : Allocation Failure
PSYoungGen: 1374K->165K(1536K)
============================================================35==============================
Time stamp : 2021-06-18T16:02:50.352+0530: 0.062
Collection time and cpu usage : [Times: user=0.00 sys=0.00, real=0.00 secs] 
Time spent for gc :  0.0001939 secs
Reason for GC : Allocation Failure
PSYoungGen: 1128K->437K(1536K)
============================================================36==============================
Time stamp : 2021-06-18T16:02:50.353+0530: 0.062
Collection time and cpu usage : [Times: user=0.00 sys=0.00, real=0.00 secs] 
Time spent for gc :  0.0001419 secs
Reason for GC : Allocation Failure
PSYoungGen: 1278K->444K(1536K)
============================================================37==============================
Time stamp : 2021-06-18T16:02:50.353+0530: 0.062
Collection time and cpu usage : [Times: user=0.00 sys=0.00, real=0.00 secs] 
Time spent for gc :  0.0001208 secs
Reason for GC : Allocation Failure
PSYoungGen: 1435K->172K(1536K)
============================================================38==============================
Time stamp : 2021-06-18T16:02:50.353+0530: 0.062
Collection time and cpu usage : [Times: user=0.00 sys=0.00, real=0.00 secs] 
Time spent for gc :  0.0001380 secs
Reason for GC : Allocation Failure
PSYoungGen: 1176K->455K(1536K)
============================================================39==============================
Time stamp : 2021-06-18T16:02:50.353+0530: 0.063
Collection time and cpu usage : [Times: user=0.00 sys=0.00, real=0.00 secs] 
Time spent for gc :  0.0001601 secs
Reason for GC : Allocation Failure
PSYoungGen: 1332K->462K(1536K)
============================================================40==============================
Time stamp : 2021-06-18T16:02:50.354+0530: 0.063
Collection time and cpu usage : [Times: user=0.00 sys=0.00, real=0.00 secs] 
Time spent for gc :  0.0001513 secs
Reason for GC : Allocation Failure
PSYoungGen: 1349K->466K(1536K)
============================================================41==============================
Time stamp : 2021-06-18T16:02:50.354+0530: 0.063
Collection time and cpu usage : [Times: user=0.00 sys=0.00, real=0.00 secs] 
Time spent for gc :  0.0001593 secs
Reason for GC : Allocation Failure
PSYoungGen: 1365K->473K(1536K)
============================================================42==============================
Time stamp : 2021-06-18T16:02:50.354+0530: 0.064
Collection time and cpu usage : [Times: user=0.00 sys=0.00, real=0.00 secs] 
Time spent for gc :  0.0001460 secs
Reason for GC : Allocation Failure
PSYoungGen: 1382K->477K(1536K)
============================================================43==============================
Time stamp : 2021-06-18T16:02:50.355+0530: 0.064
Collection time and cpu usage : [Times: user=0.00 sys=0.00, real=0.00 secs] 
Time spent for gc :  0.0001413 secs
Reason for GC : Allocation Failure
PSYoungGen: 1398K->484K(1536K)
============================================================44==============================
Time stamp : 2021-06-18T16:02:50.355+0530: 0.064
Collection time and cpu usage : [Times: user=0.00 sys=0.00, real=0.00 secs] 
Time spent for gc :  0.0001455 secs
Reason for GC : Allocation Failure
PSYoungGen: 1415K->488K(1536K)
============================================================45==============================
Time stamp : 2021-06-18T16:02:50.355+0530: 0.064
Collection time and cpu usage : [Times: user=0.00 sys=0.00, real=0.00 secs] 
Time spent for gc :  0.0001358 secs
Reason for GC : Allocation Failure
PSYoungGen: 1431K->495K(1536K)
============================================================46==============================
Time stamp : 2021-06-18T16:02:50.355+0530: 0.065
Collection time and cpu usage : [Times: user=0.00 sys=0.00, real=0.00 secs] 
Time spent for gc :  0.0001352 secs
Reason for GC : Allocation Failure
PSYoungGen: 1448K->499K(1536K)
============================================================47==============================
Time stamp : 2021-06-18T16:02:50.356+0530: 0.065
Collection time and cpu usage : [Times: user=0.00 sys=0.00, real=0.00 secs] 
Time spent for gc :  0.0001346 secs
Reason for GC : Allocation Failure
PSYoungGen: 1464K->506K(1536K)
============================================================48==============================
Time stamp : 2021-06-18T16:02:50.356+0530: 0.065
Collection time and cpu usage : [Times: user=0.00 sys=0.00, real=0.00 secs] 
Time spent for gc :  0.0001430 secs
Reason for GC : Allocation Failure
PSYoungGen: 1481K->510K(1536K)
============================================================49==============================
Time stamp : 2021-06-18T16:02:50.356+0530: 0.065
Collection time and cpu usage : [Times: user=0.00 sys=0.00, real=0.00 secs] 
Time spent for gc :  0.0001690 secs
Reason for GC : Allocation Failure
PSYoungGen: 1497K->355K(1536K)
============================================================50==============================
Time stamp : 2021-06-18T16:02:50.357+0530: 0.066
Collection time and cpu usage : [Times: user=0.00 sys=0.00, real=0.00 secs] 
Time spent for gc :  0.0001815 secs
Reason for GC : Allocation Failure
PSYoungGen: 1352K->358K(1536K)
============================================================51==============================
Time stamp : 2021-06-18T16:02:50.357+0530: 0.066
Collection time and cpu usage : [Times: user=0.00 sys=0.00, real=0.00 secs] 
Time spent for gc :  0.0001715 secs
Reason for GC : Allocation Failure
PSYoungGen: 1366K->363K(1536K)
============================================================52==============================
Time stamp : 2021-06-18T16:02:50.357+0530: 0.066
Collection time and cpu usage : [Times: user=0.00 sys=0.00, real=0.00 secs] 
Time spent for gc :  0.0001856 secs
Reason for GC : Allocation Failure
PSYoungGen: 1381K->365K(1536K)
============================================================53==============================
Time stamp : 2021-06-18T16:02:50.358+0530: 0.067
Collection time and cpu usage : [Times: user=0.00 sys=0.00, real=0.00 secs] 
Time spent for gc :  0.0001286 secs
Reason for GC : Allocation Failure
PSYoungGen: 1226K->233K(1536K)
============================================================54==============================
Time stamp : 2021-06-18T16:02:50.358+0530: 0.067
Collection time and cpu usage : [Times: user=0.00 sys=0.00, real=0.00 secs] 
Time spent for gc :  0.0001815 secs
Reason for GC : Allocation Failure
PSYoungGen: 1101K->372K(1536K)
============================================================55==============================
Time stamp : 2021-06-18T16:02:50.358+0530: 0.067
Collection time and cpu usage : [Times: user=0.00 sys=0.00, real=0.00 secs] 
Time spent for gc :  0.0001687 secs
Reason for GC : Allocation Failure
PSYoungGen: 1076K->375K(1536K)
============================================================56==============================
Time stamp : 2021-06-18T16:02:50.358+0530: 0.067
Collection time and cpu usage : [Times: user=0.00 sys=0.00, real=0.00 secs] 
Time spent for gc :  0.0002020 secs
Reason for GC : Allocation Failure
PSYoungGen: 1084K->377K(1536K)
============================================================57==============================
Time stamp : 2021-06-18T16:02:50.359+0530: 0.068
Collection time and cpu usage : [Times: user=0.00 sys=0.00, real=0.00 secs] 
Time spent for gc :  0.0001956 secs
Reason for GC : Allocation Failure
PSYoungGen: 1091K->380K(1536K)
============================================================58==============================
Time stamp : 2021-06-18T16:02:50.359+0530: 0.068
Collection time and cpu usage : [Times: user=0.00 sys=0.00, real=0.00 secs] 
Time spent for gc :  0.0002078 secs
Reason for GC : Allocation Failure
PSYoungGen: 1098K->382K(1536K)
============================================================59==============================
Time stamp : 2021-06-18T16:02:50.359+0530: 0.068
Collection time and cpu usage : [Times: user=0.00 sys=0.00, real=0.00 secs] 
Time spent for gc :  0.0001745 secs
Reason for GC : Allocation Failure
PSYoungGen: 1106K->385K(1536K)
============================================================60==============================
Time stamp : 2021-06-18T16:02:50.359+0530: 0.069
Collection time and cpu usage : [Times: user=0.00 sys=0.00, real=0.00 secs] 
Time spent for gc :  0.0001834 secs
Reason for GC : Allocation Failure
PSYoungGen: 1113K->387K(1536K)
============================================================61==============================
Time stamp : 2021-06-18T16:02:50.360+0530: 0.069
Collection time and cpu usage : [Times: user=0.00 sys=0.00, real=0.00 secs] 
Time spent for gc :  0.0001768 secs
Reason for GC : Allocation Failure
PSYoungGen: 1120K->389K(1536K)
============================================================62==============================
Time stamp : 2021-06-18T16:02:50.360+0530: 0.069
Collection time and cpu usage : [Times: user=0.00 sys=0.00, real=0.00 secs] 
Time spent for gc :  0.0023954 secs
Type of GC : Full GC
Reason for GC : Ergonomics
PSYoungGen: 389K->0K(1536K)
ParOldGen: 2370K->638K(2560K)
============================================================63==============================
Time stamp : 2021-06-18T16:02:50.362+0530: 0.072
Collection time and cpu usage : [Times: user=0.00 sys=0.00, real=0.00 secs] 
Time spent for gc :  0.0003995 secs
Reason for GC : Allocation Failure
PSYoungGen: 738K->392K(1536K)
============================================================64==============================
Time stamp : 2021-06-18T16:02:50.363+0530: 0.072
Collection time and cpu usage : [Times: user=0.00 sys=0.00, real=0.00 secs] 
Time spent for gc :  0.0005098 secs
Reason for GC : Allocation Failure
PSYoungGen: 1135K->394K(1536K)
============================================================65==============================
Time stamp : 2021-06-18T16:02:50.364+0530: 0.073
Collection time and cpu usage : [Times: user=0.00 sys=0.00, real=0.00 secs] 
Time spent for gc :  0.0002699 secs
Reason for GC : Allocation Failure
PSYoungGen: 1142K->397K(1536K)
============================================================66==============================
Time stamp : 2021-06-18T16:02:50.364+0530: 0.074
Collection time and cpu usage : [Times: user=0.00 sys=0.00, real=0.00 secs] 
Time spent for gc :  0.0003513 secs
Reason for GC : Allocation Failure
PSYoungGen: 1149K->399K(1536K)
============================================================67==============================
Time stamp : 2021-06-18T16:02:50.365+0530: 0.074
Collection time and cpu usage : [Times: user=0.00 sys=0.00, real=0.00 secs] 
Time spent for gc :  0.0002355 secs
Reason for GC : Allocation Failure
PSYoungGen: 1157K->402K(1536K)
============================================================68==============================
Time stamp : 2021-06-18T16:02:50.365+0530: 0.075
Collection time and cpu usage : [Times: user=0.00 sys=0.00, real=0.00 secs] 
Time spent for gc :  0.0002369 secs
Reason for GC : Allocation Failure
PSYoungGen: 1164K->404K(1536K)
============================================================69==============================
Time stamp : 2021-06-18T16:02:50.366+0530: 0.075
Collection time and cpu usage : [Times: user=0.00 sys=0.00, real=0.00 secs] 
Time spent for gc :  0.0003239 secs
Reason for GC : Allocation Failure
PSYoungGen: 1171K->406K(1536K)
============================================================70==============================
Time stamp : 2021-06-18T16:02:50.367+0530: 0.076
Collection time and cpu usage : [Times: user=0.00 sys=0.00, real=0.00 secs] 
Time spent for gc :  0.0002302 secs
Reason for GC : Allocation Failure
PSYoungGen: 1179K->409K(1536K)
============================================================71==============================
Time stamp : 2021-06-18T16:02:50.367+0530: 0.076
Collection time and cpu usage : [Times: user=0.00 sys=0.00, real=0.00 secs] 
Time spent for gc :  0.0002383 secs
Reason for GC : Allocation Failure
PSYoungGen: 1186K->411K(1536K)
============================================================72==============================
Time stamp : 2021-06-18T16:02:50.367+0530: 0.076
Collection time and cpu usage : [Times: user=0.00 sys=0.00, real=0.00 secs] 
Time spent for gc :  0.0003103 secs
Reason for GC : Allocation Failure
PSYoungGen: 1193K->414K(1536K)
============================================================73==============================
Time stamp : 2021-06-18T16:02:50.368+0530: 0.077
Collection time and cpu usage : [Times: user=0.00 sys=0.00, real=0.00 secs] 
Time spent for gc :  0.0026534 secs
Type of GC : Full GC
Reason for GC : Ergonomics
PSYoungGen: 414K->0K(1536K)
ParOldGen: 2308K->663K(2560K)
============================================================74==============================
Time stamp : 2021-06-18T16:02:50.371+0530: 0.080
Collection time and cpu usage : [Times: user=0.00 sys=0.00, real=0.00 secs] 
Time spent for gc :  0.0002865 secs
Reason for GC : Allocation Failure
PSYoungGen: 786K->414K(1536K)
============================================================75==============================
Time stamp : 2021-06-18T16:02:50.371+0530: 0.080
Collection time and cpu usage : [Times: user=0.00 sys=0.00, real=0.00 secs] 
Time spent for gc :  0.0004325 secs
Reason for GC : Allocation Failure
PSYoungGen: 1205K->419K(1536K)
============================================================76==============================
Time stamp : 2021-06-18T16:02:50.372+0530: 0.081
Collection time and cpu usage : [Times: user=0.00 sys=0.00, real=0.00 secs] 
Time spent for gc :  0.0003787 secs
Reason for GC : Allocation Failure
PSYoungGen: 1215K->421K(1536K)
============================================================77==============================
Time stamp : 2021-06-18T16:02:50.372+0530: 0.081
Collection time and cpu usage : [Times: user=0.00 sys=0.00, real=0.00 secs] 
Time spent for gc :  0.0025254 secs
Type of GC : Full GC
Reason for GC : Ergonomics
PSYoungGen: 421K->0K(1536K)
ParOldGen: 2010K->670K(3584K)
============================================================78==============================
Time stamp : 2021-06-18T16:02:50.375+0530: 0.084
Collection time and cpu usage : [Times: user=0.00 sys=0.00, real=0.00 secs] 
Time spent for gc :  0.0003028 secs
Reason for GC : Allocation Failure
PSYoungGen: 801K->423K(1536K)
============================================================79==============================
Time stamp : 2021-06-18T16:02:50.375+0530: 0.084
Collection time and cpu usage : [Times: user=0.00 sys=0.00, real=0.00 secs] 
Time spent for gc :  0.0002477 secs
Reason for GC : Allocation Failure
PSYoungGen: 1230K->426K(1536K)
============================================================80==============================
Time stamp : 2021-06-18T16:02:50.376+0530: 0.085
Collection time and cpu usage : [Times: user=0.00 sys=0.00, real=0.00 secs] 
Time spent for gc :  0.0003605 secs
Reason for GC : Allocation Failure
PSYoungGen: 1237K->428K(1536K)
============================================================81==============================
Time stamp : 2021-06-18T16:02:50.376+0530: 0.085
Collection time and cpu usage : [Times: user=0.00 sys=0.00, real=0.00 secs] 
Time spent for gc :  0.0002192 secs
Reason for GC : Allocation Failure
PSYoungGen: 1244K->431K(1536K)
============================================================82==============================
Time stamp : 2021-06-18T16:02:50.376+0530: 0.086
Collection time and cpu usage : [Times: user=0.00 sys=0.00, real=0.00 secs] 
Time spent for gc :  0.0002599 secs
Reason for GC : Allocation Failure
PSYoungGen: 1252K->433K(1536K)
============================================================83==============================
Time stamp : 2021-06-18T16:02:50.377+0530: 0.086
Collection time and cpu usage : [Times: user=0.00 sys=0.00, real=0.00 secs] 
Time spent for gc :  0.0002471 secs
Reason for GC : Allocation Failure
PSYoungGen: 1259K->436K(1536K)
============================================================84==============================
Time stamp : 2021-06-18T16:02:50.377+0530: 0.087
Collection time and cpu usage : [Times: user=0.00 sys=0.00, real=0.00 secs] 
Time spent for gc :  0.0002469 secs
Reason for GC : Allocation Failure
PSYoungGen: 1266K->438K(1536K)
============================================================85==============================
Time stamp : 2021-06-18T16:02:50.377+0530: 0.087
Collection time and cpu usage : [Times: user=0.00 sys=0.00, real=0.00 secs] 
Time spent for gc :  0.0002743 secs
Reason for GC : Allocation Failure
PSYoungGen: 1274K->440K(1536K)
============================================================86==============================
Time stamp : 2021-06-18T16:02:50.378+0530: 0.087
Collection time and cpu usage : [Times: user=0.00 sys=0.00, real=0.00 secs] 
Time spent for gc :  0.0002779 secs
Reason for GC : Allocation Failure
PSYoungGen: 1281K->443K(1536K)
============================================================87==============================
Time stamp : 2021-06-18T16:02:50.378+0530: 0.088
Collection time and cpu usage : [Times: user=0.00 sys=0.00, real=0.00 secs] 
Time spent for gc :  0.0002585 secs
Reason for GC : Allocation Failure
PSYoungGen: 1288K->445K(1536K)
============================================================88==============================
Time stamp : 2021-06-18T16:02:50.378+0530: 0.088
Collection time and cpu usage : [Times: user=0.00 sys=0.00, real=0.00 secs] 
Time spent for gc :  0.0002574 secs
Reason for GC : Allocation Failure
PSYoungGen: 1295K->448K(1536K)
============================================================89==============================
Time stamp : 2021-06-18T16:02:50.379+0530: 0.089
Collection time and cpu usage : [Times: user=0.00 sys=0.00, real=0.00 secs] 
Time spent for gc :  0.0027681 secs
Type of GC : Full GC
Reason for GC : Ergonomics
PSYoungGen: 448K->0K(1536K)
ParOldGen: 3282K->697K(4096K)
============================================================90==============================
Time stamp : 2021-06-18T16:02:50.383+0530: 0.092
Collection time and cpu usage : [Times: user=0.00 sys=0.00, real=0.00 secs] 
Time spent for gc :  0.0003217 secs
Reason for GC : Allocation Failure
PSYoungGen: 854K->450K(1536K)
============================================================91==============================
Time stamp : 2021-06-18T16:02:50.383+0530: 0.092
Collection time and cpu usage : [Times: user=0.00 sys=0.00, real=0.00 secs] 
Time spent for gc :  0.0002410 secs
Reason for GC : Allocation Failure
PSYoungGen: 1310K->453K(1536K)
============================================================92==============================
Time stamp : 2021-06-18T16:02:50.383+0530: 0.093
Collection time and cpu usage : [Times: user=0.00 sys=0.00, real=0.00 secs] 
Time spent for gc :  0.0002355 secs
Reason for GC : Allocation Failure
PSYoungGen: 1317K->455K(1536K)
============================================================93==============================
Time stamp : 2021-06-18T16:02:50.384+0530: 0.093
Collection time and cpu usage : [Times: user=0.00 sys=0.00, real=0.00 secs] 
Time spent for gc :  0.0003787 secs
Reason for GC : Allocation Failure
PSYoungGen: 1325K->458K(1536K)
============================================================94==============================
Time stamp : 2021-06-18T16:02:50.384+0530: 0.094
Collection time and cpu usage : [Times: user=0.00 sys=0.00, real=0.00 secs] 
Time spent for gc :  0.0002610 secs
Reason for GC : Allocation Failure
PSYoungGen: 1332K->460K(1536K)
============================================================95==============================
Time stamp : 2021-06-18T16:02:50.385+0530: 0.094
Collection time and cpu usage : [Times: user=0.00 sys=0.00, real=0.00 secs] 
Time spent for gc :  0.0002216 secs
Reason for GC : Allocation Failure
PSYoungGen: 1339K->462K(1536K)
============================================================96==============================
Time stamp : 2021-06-18T16:02:50.385+0530: 0.094
Collection time and cpu usage : [Times: user=0.00 sys=0.00, real=0.00 secs] 
Time spent for gc :  0.0002976 secs
Reason for GC : Allocation Failure
PSYoungGen: 1347K->465K(1536K)
============================================================97==============================
Time stamp : 2021-06-18T16:02:50.386+0530: 0.095
Collection time and cpu usage : [Times: user=0.00 sys=0.00, real=0.00 secs] 
Time spent for gc :  0.0002538 secs
Reason for GC : Allocation Failure
PSYoungGen: 1354K->467K(1536K)
============================================================98==============================
Time stamp : 2021-06-18T16:02:50.386+0530: 0.095
Collection time and cpu usage : [Times: user=0.00 sys=0.00, real=0.00 secs] 
Time spent for gc :  0.0003743 secs
Reason for GC : Allocation Failure
PSYoungGen: 1361K->470K(1536K)
============================================================99==============================
Time stamp : 2021-06-18T16:02:50.386+0530: 0.096
Collection time and cpu usage : [Times: user=0.00 sys=0.00, real=0.00 secs] 
Time spent for gc :  0.0001671 secs
Reason for GC : Allocation Failure
PSYoungGen: 1369K->472K(1536K)
============================================================100==============================
Time stamp : 2021-06-18T16:02:50.386+0530: 0.096
Collection time and cpu usage : [Times: user=0.00 sys=0.00, real=0.00 secs] 
Time spent for gc :  0.0001917 secs
Reason for GC : Allocation Failure
PSYoungGen: 1376K->475K(1536K)
============================================================101==============================
Time stamp : 2021-06-18T16:02:50.387+0530: 0.096
Collection time and cpu usage : [Times: user=0.00 sys=0.00, real=0.00 secs] 
Time spent for gc :  0.0002045 secs
Reason for GC : Allocation Failure
PSYoungGen: 1383K->477K(1536K)
============================================================102==============================
Time stamp : 2021-06-18T16:02:50.387+0530: 0.097
Collection time and cpu usage : [Times: user=0.00 sys=0.00, real=0.00 secs] 
Time spent for gc :  0.0002083 secs
Reason for GC : Allocation Failure
PSYoungGen: 1390K->479K(1536K)
============================================================103==============================
Time stamp : 2021-06-18T16:02:50.387+0530: 0.097
Collection time and cpu usage : [Times: user=0.00 sys=0.00, real=0.00 secs] 
Time spent for gc :  0.0025123 secs
Type of GC : Full GC
Reason for GC : Ergonomics
PSYoungGen: 479K->0K(1536K)
ParOldGen: 3930K->728K(4096K)
============================================================104==============================
Time stamp : 2021-06-18T16:02:50.390+0530: 0.100
Collection time and cpu usage : [Times: user=0.00 sys=0.00, real=0.00 secs] 
Time spent for gc :  0.0002471 secs
Reason for GC : Allocation Failure
PSYoungGen: 918K->479K(1536K)
============================================================105==============================
Time stamp : 2021-06-18T16:02:50.390+0530: 0.100
Collection time and cpu usage : [Times: user=0.00 sys=0.00, real=0.00 secs] 
Time spent for gc :  0.0003075 secs
Reason for GC : Allocation Failure
PSYoungGen: 1403K->484K(1536K)
============================================================106==============================
Time stamp : 2021-06-18T16:02:50.391+0530: 0.101
Collection time and cpu usage : [Times: user=0.00 sys=0.00, real=0.00 secs] 
Time spent for gc :  0.0001842 secs
Reason for GC : Allocation Failure
PSYoungGen: 1412K->487K(1536K)
============================================================107==============================
Time stamp : 2021-06-18T16:02:50.391+0530: 0.101
Collection time and cpu usage : [Times: user=0.00 sys=0.00, real=0.00 secs] 
Time spent for gc :  0.0001804 secs
Reason for GC : Allocation Failure
PSYoungGen: 1420K->489K(1536K)
============================================================108==============================
Time stamp : 2021-06-18T16:02:50.391+0530: 0.101
Collection time and cpu usage : [Times: user=0.00 sys=0.00, real=0.00 secs] 
Time spent for gc :  0.0001660 secs
Reason for GC : Allocation Failure
PSYoungGen: 1427K->492K(1536K)
============================================================109==============================
Time stamp : 2021-06-18T16:02:50.393+0530: 0.102
Collection time and cpu usage : [Times: user=0.00 sys=0.00, real=0.00 secs] 
Time spent for gc :  0.0001687 secs
Reason for GC : Allocation Failure
PSYoungGen: 1434K->494K(1536K)
============================================================110==============================
Time stamp : 2021-06-18T16:02:50.393+0530: 0.102
Collection time and cpu usage : [Times: user=0.00 sys=0.00, real=0.00 secs] 
Time spent for gc :  0.0001624 secs
Reason for GC : Allocation Failure
PSYoungGen: 1442K->496K(1536K)
============================================================111==============================
Time stamp : 2021-06-18T16:02:50.393+0530: 0.102
Collection time and cpu usage : [Times: user=0.00 sys=0.00, real=0.00 secs] 
Time spent for gc :  0.0001704 secs
Reason for GC : Allocation Failure
PSYoungGen: 1449K->499K(1536K)
============================================================112==============================
Time stamp : 2021-06-18T16:02:50.393+0530: 0.102
Collection time and cpu usage : [Times: user=0.00 sys=0.00, real=0.00 secs] 
Time spent for gc :  0.0001737 secs
Reason for GC : Allocation Failure
PSYoungGen: 1456K->501K(1536K)
============================================================113==============================
Time stamp : 2021-06-18T16:02:50.394+0530: 0.103
Collection time and cpu usage : [Times: user=0.00 sys=0.00, real=0.00 secs] 
Time spent for gc :  0.0023746 secs
Type of GC : Full GC
Reason for GC : Ergonomics
PSYoungGen: 501K->0K(1536K)
ParOldGen: 3697K->750K(4096K)
============================================================114==============================
Time stamp : 2021-06-18T16:02:50.396+0530: 0.105
Collection time and cpu usage : [Times: user=0.00 sys=0.00, real=0.00 secs] 
Time spent for gc :  0.0002557 secs
Reason for GC : Allocation Failure
PSYoungGen: 962K->504K(1536K)
============================================================115==============================
Time stamp : 2021-06-18T16:02:50.397+0530: 0.106
Collection time and cpu usage : [Times: user=0.00 sys=0.00, real=0.00 secs] 
Time spent for gc :  0.0001895 secs
Reason for GC : Allocation Failure
PSYoungGen: 1471K->506K(1536K)
============================================================116==============================
Time stamp : 2021-06-18T16:02:50.397+0530: 0.106
Collection time and cpu usage : [Times: user=0.00 sys=0.00, real=0.00 secs] 
Time spent for gc :  0.0001696 secs
Reason for GC : Allocation Failure
PSYoungGen: 1478K->509K(1536K)
============================================================117==============================
Time stamp : 2021-06-18T16:02:50.397+0530: 0.106
Collection time and cpu usage : [Times: user=0.00 sys=0.00, real=0.00 secs] 
Time spent for gc :  0.0002704 secs
Reason for GC : Allocation Failure
PSYoungGen: 1485K->511K(1536K)
============================================================118==============================
Time stamp : 2021-06-18T16:02:50.398+0530: 0.107
Collection time and cpu usage : [Times: user=0.00 sys=0.00, real=0.00 secs] 
Time spent for gc :  0.0002807 secs
Reason for GC : Allocation Failure
PSYoungGen: 1493K->273K(1536K)
============================================================119==============================
Time stamp : 2021-06-18T16:02:50.398+0530: 0.107
Collection time and cpu usage : [Times: user=0.00 sys=0.00, real=0.00 secs] 
Time spent for gc :  0.0002266 secs
Reason for GC : Allocation Failure
PSYoungGen: 1259K->274K(1536K)
============================================================120==============================
Time stamp : 2021-06-18T16:02:50.399+0530: 0.108
Collection time and cpu usage : [Times: user=0.00 sys=0.00, real=0.00 secs] 
Time spent for gc :  0.0001973 secs
Reason for GC : Allocation Failure
PSYoungGen: 1265K->275K(1536K)
============================================================121==============================
Time stamp : 2021-06-18T16:02:50.399+0530: 0.108
Collection time and cpu usage : [Times: user=0.00 sys=0.00, real=0.00 secs] 
Time spent for gc :  0.0023505 secs
Type of GC : Full GC
Reason for GC : Ergonomics
PSYoungGen: 275K->0K(1536K)
ParOldGen: 3625K->767K(4096K)
============================================================122==============================
Time stamp : 2021-06-18T16:02:50.401+0530: 0.110
Collection time and cpu usage : [Times: user=0.00 sys=0.00, real=0.00 secs] 
Time spent for gc :  0.0002383 secs
Reason for GC : Allocation Failure
PSYoungGen: 996K->276K(1536K)
============================================================123==============================
Time stamp : 2021-06-18T16:02:50.402+0530: 0.111
Collection time and cpu usage : [Times: user=0.00 sys=0.00, real=0.00 secs] 
Time spent for gc :  0.0002222 secs
Reason for GC : Allocation Failure
PSYoungGen: 1277K->277K(1536K)
============================================================124==============================
Time stamp : 2021-06-18T16:02:50.402+0530: 0.111
Collection time and cpu usage : [Times: user=0.00 sys=0.00, real=0.00 secs] 
Time spent for gc :  0.0001978 secs
Reason for GC : Allocation Failure
PSYoungGen: 1283K->279K(1536K)
============================================================125==============================
Time stamp : 2021-06-18T16:02:50.402+0530: 0.112
Collection time and cpu usage : [Times: user=0.00 sys=0.02, real=0.00 secs] 
Time spent for gc :  0.0002139 secs
Reason for GC : Allocation Failure
PSYoungGen: 1289K->280K(1536K)
============================================================126==============================
Time stamp : 2021-06-18T16:02:50.403+0530: 0.112
Collection time and cpu usage : [Times: user=0.00 sys=0.00, real=0.00 secs] 
Time spent for gc :  0.0001903 secs
Reason for GC : Allocation Failure
PSYoungGen: 1295K->281K(1536K)
============================================================127==============================
Time stamp : 2021-06-18T16:02:50.403+0530: 0.112
Collection time and cpu usage : [Times: user=0.00 sys=0.00, real=0.00 secs] 
Time spent for gc :  0.0024104 secs
Type of GC : Full GC
Reason for GC : Ergonomics
PSYoungGen: 281K->0K(1536K)
ParOldGen: 3725K->780K(4096K)
============================================================128==============================
Time stamp : 2021-06-18T16:02:50.406+0530: 0.115
Collection time and cpu usage : [Times: user=0.00 sys=0.00, real=0.00 secs] 
Time spent for gc :  0.0003846 secs
Reason for GC : Allocation Failure
PSYoungGen: 1020K->282K(1536K)
============================================================129==============================
Time stamp : 2021-06-18T16:02:50.406+0530: 0.115
Collection time and cpu usage : [Times: user=0.00 sys=0.00, real=0.00 secs] 
Time spent for gc :  0.0002131 secs
Reason for GC : Allocation Failure
PSYoungGen: 1056K->283K(1536K)
============================================================130==============================
Time stamp : 2021-06-18T16:02:50.406+0530: 0.116
Collection time and cpu usage : [Times: user=0.00 sys=0.00, real=0.00 secs] 
Time spent for gc :  0.0002402 secs
Reason for GC : Allocation Failure
PSYoungGen: 1059K->503K(1536K)
============================================================131==============================
Time stamp : 2021-06-18T16:02:50.407+0530: 0.116
Collection time and cpu usage : [Times: user=0.00 sys=0.00, real=0.00 secs] 
Time spent for gc :  0.0003785 secs
Reason for GC : Allocation Failure
PSYoungGen: 1030K->285K(1536K)
============================================================132==============================
Time stamp : 2021-06-18T16:02:50.407+0530: 0.117
Collection time and cpu usage : [Times: user=0.00 sys=0.00, real=0.00 secs] 
Time spent for gc :  0.0001460 secs
Reason for GC : Allocation Failure
PSYoungGen: 1065K->286K(1536K)
============================================================133==============================
Time stamp : 2021-06-18T16:02:50.408+0530: 0.117
Collection time and cpu usage : [Times: user=0.00 sys=0.00, real=0.00 secs] 
Time spent for gc :  0.0001840 secs
Reason for GC : Allocation Failure
PSYoungGen: 1069K->508K(1536K)
============================================================134==============================
Time stamp : 2021-06-18T16:02:50.408+0530: 0.117
Collection time and cpu usage : [Times: user=0.00 sys=0.00, real=0.00 secs] 
Time spent for gc :  0.0002100 secs
Reason for GC : Allocation Failure
PSYoungGen: 1039K->287K(1536K)
============================================================135==============================
Time stamp : 2021-06-18T16:02:50.408+0530: 0.117
Collection time and cpu usage : [Times: user=0.00 sys=0.00, real=0.00 secs] 
Time spent for gc :  0.0024317 secs
Type of GC : Full GC
Reason for GC : Ergonomics
PSYoungGen: 287K->0K(1536K)
ParOldGen: 3320K->792K(4096K)
============================================================136==============================
Time stamp : 2021-06-18T16:02:50.411+0530: 0.120
Collection time and cpu usage : [Times: user=0.00 sys=0.00, real=0.00 secs] 
Time spent for gc :  0.0002970 secs
Reason for GC : Allocation Failure
PSYoungGen: 787K->288K(1536K)
============================================================137==============================
Time stamp : 2021-06-18T16:02:50.411+0530: 0.121
Collection time and cpu usage : [Times: user=0.00 sys=0.00, real=0.00 secs] 
Time spent for gc :  0.0003765 secs
Reason for GC : Allocation Failure
PSYoungGen: 1079K->32K(1536K)
============================================================138==============================
Time stamp : 2021-06-18T16:02:50.412+0530: 0.121
Collection time and cpu usage : [Times: user=0.00 sys=0.00, real=0.00 secs] 
Time spent for gc :  0.0003920 secs
Reason for GC : Allocation Failure
PSYoungGen: 827K->291K(1536K)
============================================================139==============================
Time stamp : 2021-06-18T16:02:50.413+0530: 0.122
Collection time and cpu usage : [Times: user=0.00 sys=0.00, real=0.00 secs] 
Time spent for gc :  0.0002327 secs
Reason for GC : Allocation Failure
PSYoungGen: 1089K->32K(1536K)
============================================================140==============================
Time stamp : 2021-06-18T16:02:50.413+0530: 0.122
Collection time and cpu usage : [Times: user=0.00 sys=0.00, real=0.00 secs] 
Time spent for gc :  0.0023910 secs
Type of GC : Full GC
Reason for GC : Ergonomics
PSYoungGen: 32K->0K(1536K)
ParOldGen: 3383K->1058K(4096K)
============================================================141==============================
Time stamp : 2021-06-18T16:02:50.416+0530: 0.125
Collection time and cpu usage : [Times: user=0.00 sys=0.00, real=0.00 secs] 
Time spent for gc :  0.0002222 secs
Reason for GC : Allocation Failure
PSYoungGen: 802K->293K(1536K)
============================================================142==============================
Time stamp : 2021-06-18T16:02:50.416+0530: 0.125
Collection time and cpu usage : [Times: user=0.00 sys=0.00, real=0.00 secs] 
Time spent for gc :  0.0002089 secs
Reason for GC : Allocation Failure
PSYoungGen: 1098K->32K(1536K)
============================================================143==============================
Time stamp : 2021-06-18T16:02:50.416+0530: 0.125
Collection time and cpu usage : [Times: user=0.00 sys=0.00, real=0.00 secs] 
Time spent for gc :  0.0001637 secs
Reason for GC : Allocation Failure
PSYoungGen: 842K->296K(1536K)
============================================================144==============================
Time stamp : 2021-06-18T16:02:50.417+0530: 0.126
Collection time and cpu usage : [Times: user=0.06 sys=0.00, real=0.00 secs] 
Time spent for gc :  0.0023819 secs
Type of GC : Full GC
Reason for GC : Ergonomics
PSYoungGen: 296K->0K(1536K)
ParOldGen: 3158K->545K(4096K)
============================================================145==============================
Time stamp : 2021-06-18T16:02:50.419+0530: 0.128
Collection time and cpu usage : [Times: user=0.00 sys=0.00, real=0.00 secs] 
Time spent for gc :  0.0002884 secs
Reason for GC : Allocation Failure
PSYoungGen: 812K->32K(1536K)
============================================================146==============================
Time stamp : 2021-06-18T16:02:50.419+0530: 0.129
Collection time and cpu usage : [Times: user=0.00 sys=0.00, real=0.00 secs] 
Time spent for gc :  0.0001502 secs
Reason for GC : Allocation Failure
PSYoungGen: 849K->298K(1536K)
============================================================147==============================
Time stamp : 2021-06-18T16:02:50.420+0530: 0.129
Collection time and cpu usage : [Times: user=0.00 sys=0.00, real=0.00 secs] 
Time spent for gc :  0.0002433 secs
Reason for GC : Allocation Failure
PSYoungGen: 1118K->32K(1536K)
============================================================148==============================
Time stamp : 2021-06-18T16:02:50.420+0530: 0.129
Collection time and cpu usage : [Times: user=0.00 sys=0.00, real=0.00 secs] 
Time spent for gc :  0.0023492 secs
Type of GC : Full GC
Reason for GC : Ergonomics
PSYoungGen: 32K->0K(1536K)
ParOldGen: 2939K->1080K(4096K)
============================================================149==============================
Time stamp : 2021-06-18T16:02:50.422+0530: 0.132
Collection time and cpu usage : [Times: user=0.00 sys=0.00, real=0.00 secs] 
Time spent for gc :  0.0002131 secs
Reason for GC : Allocation Failure
PSYoungGen: 824K->300K(1536K)
============================================================150==============================
Time stamp : 2021-06-18T16:02:50.423+0530: 0.132
Collection time and cpu usage : [Times: user=0.00 sys=0.00, real=0.00 secs] 
Time spent for gc :  0.0002322 secs
Reason for GC : Allocation Failure
PSYoungGen: 1128K->32K(1536K)
============================================================151==============================
Time stamp : 2021-06-18T16:02:50.423+0530: 0.133
Collection time and cpu usage : [Times: user=0.00 sys=0.00, real=0.00 secs] 
Time spent for gc :  0.0024306 secs
Type of GC : Full GC
Reason for GC : Ergonomics
PSYoungGen: 864K->0K(1536K)
ParOldGen: 3239K->552K(4096K)
============================================================152==============================
Time stamp : 2021-06-18T16:02:50.426+0530: 0.135
Collection time and cpu usage : [Times: user=0.00 sys=0.00, real=0.00 secs] 
Time spent for gc :  0.0002380 secs
Reason for GC : Allocation Failure
PSYoungGen: 834K->32K(1536K)
============================================================153==============================
Time stamp : 2021-06-18T16:02:50.426+0530: 0.136
Collection time and cpu usage : [Times: user=0.00 sys=0.00, real=0.00 secs] 
Time spent for gc :  0.0001745 secs
Reason for GC : Allocation Failure
PSYoungGen: 871K->337K(1536K)
============================================================154==============================
Time stamp : 2021-06-18T16:02:50.427+0530: 0.136
Collection time and cpu usage : [Times: user=0.00 sys=0.00, real=0.00 secs] 
Time spent for gc :  0.0002197 secs
Reason for GC : Allocation Failure
PSYoungGen: 1179K->32K(1536K)
============================================================155==============================
Time stamp : 2021-06-18T16:02:50.427+0530: 0.136
Collection time and cpu usage : [Times: user=0.00 sys=0.00, real=0.00 secs] 
Time spent for gc :  0.0023821 secs
Type of GC : Full GC
Reason for GC : Ergonomics
PSYoungGen: 32K->0K(1536K)
ParOldGen: 3012K->1102K(4096K)
============================================================156==============================
Time stamp : 2021-06-18T16:02:50.429+0530: 0.139
Collection time and cpu usage : [Times: user=0.00 sys=0.00, real=0.00 secs] 
Time spent for gc :  0.0002865 secs
Reason for GC : Allocation Failure
PSYoungGen: 846K->307K(1536K)
============================================================157==============================
Time stamp : 2021-06-18T16:02:50.430+0530: 0.139
Collection time and cpu usage : [Times: user=0.00 sys=0.00, real=0.00 secs] 
Time spent for gc :  0.0003050 secs
Reason for GC : Allocation Failure
PSYoungGen: 1156K->32K(1536K)
============================================================158==============================
Time stamp : 2021-06-18T16:02:50.430+0530: 0.140
Collection time and cpu usage : [Times: user=0.06 sys=0.00, real=0.00 secs] 
Time spent for gc :  0.0026736 secs
Type of GC : Full GC
Reason for GC : Ergonomics
PSYoungGen: 32K->0K(1536K)
ParOldGen: 2764K->1109K(4096K)
============================================================159==============================
Time stamp : 2021-06-18T16:02:50.433+0530: 0.143
Collection time and cpu usage : [Times: user=0.00 sys=0.00, real=0.00 secs] 
Time spent for gc :  0.0003239 secs
Reason for GC : Allocation Failure
PSYoungGen: 853K->309K(1536K)
============================================================160==============================
Time stamp : 2021-06-18T16:02:50.434+0530: 0.143
Collection time and cpu usage : [Times: user=0.00 sys=0.00, real=0.00 secs] 
Time spent for gc :  0.0004042 secs
Reason for GC : Allocation Failure
PSYoungGen: 1165K->32K(1536K)
============================================================161==============================
Time stamp : 2021-06-18T16:02:50.435+0530: 0.144
Collection time and cpu usage : [Times: user=0.00 sys=0.00, real=0.00 secs] 
Time spent for gc :  0.0027301 secs
Type of GC : Full GC
Reason for GC : Ergonomics
PSYoungGen: 32K->0K(1536K)
ParOldGen: 2786K->1117K(4096K)
============================================================162==============================
Time stamp : 2021-06-18T16:02:50.437+0530: 0.147
Collection time and cpu usage : [Times: user=0.00 sys=0.00, real=0.00 secs] 
Time spent for gc :  0.0002892 secs
Reason for GC : Allocation Failure
PSYoungGen: 861K->311K(1536K)
============================================================163==============================
Time stamp : 2021-06-18T16:02:50.438+0530: 0.147
Collection time and cpu usage : [Times: user=0.00 sys=0.00, real=0.00 secs] 
Time spent for gc :  0.0004181 secs
Reason for GC : Allocation Failure
PSYoungGen: 1175K->32K(1536K)
============================================================164==============================
Time stamp : 2021-06-18T16:02:50.438+0530: 0.148
Collection time and cpu usage : [Times: user=0.00 sys=0.00, real=0.00 secs] 
Time spent for gc :  0.0024442 secs
Type of GC : Full GC
Reason for GC : Ergonomics
PSYoungGen: 32K->0K(1536K)
ParOldGen: 2808K->1124K(4096K)
============================================================165==============================
Time stamp : 2021-06-18T16:02:50.442+0530: 0.150
Collection time and cpu usage : [Times: user=0.00 sys=0.00, real=0.00 secs] 
Time spent for gc :  0.0003882 secs
Reason for GC : Allocation Failure
PSYoungGen: 868K->314K(1536K)
============================================================166==============================
Time stamp : 2021-06-18T16:02:50.442+0530: 0.151
Collection time and cpu usage : [Times: user=0.00 sys=0.00, real=0.00 secs] 
Time spent for gc :  0.0004546 secs
Reason for GC : Allocation Failure
PSYoungGen: 1185K->32K(1536K)
============================================================167==============================
Time stamp : 2021-06-18T16:02:50.442+0530: 0.152
Collection time and cpu usage : [Times: user=0.00 sys=0.00, real=0.00 secs] 
Time spent for gc :  0.0025575 secs
Type of GC : Full GC
Reason for GC : Ergonomics
PSYoungGen: 32K->0K(1536K)
ParOldGen: 2830K->1131K(4096K)
============================================================168==============================
Time stamp : 2021-06-18T16:02:50.445+0530: 0.154
Collection time and cpu usage : [Times: user=0.00 sys=0.00, real=0.00 secs] 
Time spent for gc :  0.0002748 secs
Reason for GC : Allocation Failure
PSYoungGen: 875K->316K(1536K)
============================================================169==============================
Time stamp : 2021-06-18T16:02:50.446+0530: 0.155
Collection time and cpu usage : [Times: user=0.00 sys=0.00, real=0.00 secs] 
Time spent for gc :  0.0003114 secs
Reason for GC : Allocation Failure
PSYoungGen: 1195K->32K(1536K)
============================================================170==============================
Time stamp : 2021-06-18T16:02:50.446+0530: 0.155
Collection time and cpu usage : [Times: user=0.00 sys=0.00, real=0.00 secs] 
Time spent for gc :  0.0024630 secs
Type of GC : Full GC
Reason for GC : Ergonomics
PSYoungGen: 32K->0K(1536K)
ParOldGen: 2852K->1139K(4096K)
============================================================171==============================
Time stamp : 2021-06-18T16:02:50.449+0530: 0.158
Collection time and cpu usage : [Times: user=0.00 sys=0.00, real=0.00 secs] 
Time spent for gc :  0.0004583 secs
Reason for GC : Allocation Failure
PSYoungGen: 883K->319K(1536K)
============================================================172==============================
Time stamp : 2021-06-18T16:02:50.449+0530: 0.159
Collection time and cpu usage : [Times: user=0.00 sys=0.00, real=0.00 secs] 
Time spent for gc :  0.0003754 secs
Reason for GC : Allocation Failure
PSYoungGen: 1204K->32K(1536K)
============================================================173==============================
Time stamp : 2021-06-18T16:02:50.450+0530: 0.159
Collection time and cpu usage : [Times: user=0.00 sys=0.00, real=0.00 secs] 
Time spent for gc :  0.0024910 secs
Type of GC : Full GC
Reason for GC : Ergonomics
PSYoungGen: 32K->0K(1536K)
ParOldGen: 2874K->1146K(4096K)
============================================================174==============================
Time stamp : 2021-06-18T16:02:50.453+0530: 0.162
Collection time and cpu usage : [Times: user=0.00 sys=0.00, real=0.00 secs] 
Time spent for gc :  0.0004095 secs
Reason for GC : Allocation Failure
PSYoungGen: 890K->321K(1536K)
============================================================175==============================
Time stamp : 2021-06-18T16:02:50.454+0530: 0.163
Collection time and cpu usage : [Times: user=0.00 sys=0.00, real=0.00 secs] 
Time spent for gc :  0.0003904 secs
Reason for GC : Allocation Failure
PSYoungGen: 1214K->32K(1536K)
============================================================176==============================
Time stamp : 2021-06-18T16:02:50.454+0530: 0.163
Collection time and cpu usage : [Times: user=0.00 sys=0.00, real=0.00 secs] 
Time spent for gc :  0.0026107 secs
Type of GC : Full GC
Reason for GC : Ergonomics
PSYoungGen: 32K->0K(1536K)
ParOldGen: 2896K->1153K(4096K)
============================================================177==============================
Time stamp : 2021-06-18T16:02:50.457+0530: 0.166
Collection time and cpu usage : [Times: user=0.00 sys=0.00, real=0.00 secs] 
Time spent for gc :  0.0004225 secs
Reason for GC : Allocation Failure
PSYoungGen: 897K->324K(1536K)
============================================================178==============================
Time stamp : 2021-06-18T16:02:50.458+0530: 0.167
Collection time and cpu usage : [Times: user=0.00 sys=0.00, real=0.00 secs] 
Time spent for gc :  0.0003294 secs
Reason for GC : Allocation Failure
PSYoungGen: 1224K->32K(1536K)
============================================================179==============================
Time stamp : 2021-06-18T16:02:50.458+0530: 0.167
Collection time and cpu usage : [Times: user=0.00 sys=0.00, real=0.00 secs] 
Time spent for gc :  0.0024744 secs
Type of GC : Full GC
Reason for GC : Ergonomics
PSYoungGen: 32K->0K(1536K)
ParOldGen: 2917K->1160K(4096K)
============================================================180==============================
Time stamp : 2021-06-18T16:02:50.460+0530: 0.170
Collection time and cpu usage : [Times: user=0.00 sys=0.00, real=0.00 secs] 
Time spent for gc :  0.0002726 secs
Reason for GC : Allocation Failure
PSYoungGen: 905K->326K(1536K)
============================================================181==============================
Time stamp : 2021-06-18T16:02:50.461+0530: 0.170
Collection time and cpu usage : [Times: user=0.00 sys=0.00, real=0.00 secs] 
Time spent for gc :  0.0003710 secs
Reason for GC : Allocation Failure
PSYoungGen: 1234K->32K(1536K)
============================================================182==============================
Time stamp : 2021-06-18T16:02:50.461+0530: 0.171
Collection time and cpu usage : [Times: user=0.00 sys=0.00, real=0.00 secs] 
Time spent for gc :  0.0024245 secs
Type of GC : Full GC
Reason for GC : Ergonomics
PSYoungGen: 32K->0K(1536K)
ParOldGen: 2939K->1168K(4096K)
============================================================183==============================
Time stamp : 2021-06-18T16:02:50.464+0530: 0.174
Collection time and cpu usage : [Times: user=0.00 sys=0.00, real=0.00 secs] 
Time spent for gc :  0.0005369 secs
Reason for GC : Allocation Failure
PSYoungGen: 912K->328K(1536K)
============================================================184==============================
Time stamp : 2021-06-18T16:02:50.465+0530: 0.174
Collection time and cpu usage : [Times: user=0.00 sys=0.00, real=0.00 secs] 
Time spent for gc :  0.0003095 secs
Reason for GC : Allocation Failure
PSYoungGen: 1243K->32K(1536K)
============================================================185==============================
Time stamp : 2021-06-18T16:02:50.465+0530: 0.175
Collection time and cpu usage : [Times: user=0.00 sys=0.00, real=0.00 secs] 
Time spent for gc :  0.0023705 secs
Type of GC : Full GC
Reason for GC : Ergonomics
PSYoungGen: 32K->0K(1536K)
ParOldGen: 2961K->1175K(4096K)
============================================================186==============================
Time stamp : 2021-06-18T16:02:50.468+0530: 0.177
Collection time and cpu usage : [Times: user=0.00 sys=0.00, real=0.00 secs] 
Time spent for gc :  0.0002225 secs
Reason for GC : Allocation Failure
PSYoungGen: 919K->332K(1536K)
============================================================187==============================
Time stamp : 2021-06-18T16:02:50.468+0530: 0.178
Collection time and cpu usage : [Times: user=0.00 sys=0.00, real=0.00 secs] 
Time spent for gc :  0.0002372 secs
Reason for GC : Allocation Failure
PSYoungGen: 1254K->32K(1536K)
============================================================188==============================
Time stamp : 2021-06-18T16:02:50.469+0530: 0.178
Collection time and cpu usage : [Times: user=0.00 sys=0.00, real=0.00 secs] 
Time spent for gc :  0.0023932 secs
Type of GC : Full GC
Reason for GC : Ergonomics
PSYoungGen: 32K->0K(1536K)
ParOldGen: 2983K->1182K(4096K)
============================================================189==============================
Time stamp : 2021-06-18T16:02:50.471+0530: 0.181
Collection time and cpu usage : [Times: user=0.00 sys=0.00, real=0.00 secs] 
Time spent for gc :  0.0002180 secs
Reason for GC : Allocation Failure
PSYoungGen: 926K->333K(1536K)
============================================================190==============================
Time stamp : 2021-06-18T16:02:50.472+0530: 0.181
Collection time and cpu usage : [Times: user=0.00 sys=0.00, real=0.00 secs] 
Time spent for gc :  0.0002699 secs
Reason for GC : Allocation Failure
PSYoungGen: 1263K->32K(1536K)
============================================================191==============================
Time stamp : 2021-06-18T16:02:50.472+0530: 0.181
Collection time and cpu usage : [Times: user=0.00 sys=0.00, real=0.00 secs] 
Time spent for gc :  0.0023868 secs
Type of GC : Full GC
Reason for GC : Ergonomics
PSYoungGen: 32K->0K(1536K)
ParOldGen: 3005K->1190K(4096K)
============================================================192==============================
Time stamp : 2021-06-18T16:02:50.475+0530: 0.184
Collection time and cpu usage : [Times: user=0.00 sys=0.00, real=0.00 secs] 
Time spent for gc :  0.0002449 secs
Reason for GC : Allocation Failure
PSYoungGen: 934K->336K(1536K)
============================================================193==============================
Time stamp : 2021-06-18T16:02:50.475+0530: 0.184
Collection time and cpu usage : [Times: user=0.00 sys=0.00, real=0.00 secs] 
Time spent for gc :  0.0002524 secs
Reason for GC : Allocation Failure
PSYoungGen: 1273K->32K(1536K)
============================================================194==============================
Time stamp : 2021-06-18T16:02:50.475+0530: 0.185
Collection time and cpu usage : [Times: user=0.00 sys=0.00, real=0.00 secs] 
Time spent for gc :  0.0023672 secs
Type of GC : Full GC
Reason for GC : Ergonomics
PSYoungGen: 32K->0K(1536K)
ParOldGen: 3027K->1197K(4096K)
============================================================195==============================
Time stamp : 2021-06-18T16:02:50.478+0530: 0.187
Collection time and cpu usage : [Times: user=0.00 sys=0.00, real=0.00 secs] 
Time spent for gc :  0.0002255 secs
Reason for GC : Allocation Failure
PSYoungGen: 941K->338K(1536K)
============================================================196==============================
Time stamp : 2021-06-18T16:02:50.478+0530: 0.188
Collection time and cpu usage : [Times: user=0.00 sys=0.00, real=0.00 secs] 
Time spent for gc :  0.0002613 secs
Reason for GC : Allocation Failure
PSYoungGen: 1282K->32K(1536K)
============================================================197==============================
Time stamp : 2021-06-18T16:02:50.479+0530: 0.188
Collection time and cpu usage : [Times: user=0.02 sys=0.00, real=0.00 secs] 
Time spent for gc :  0.0023683 secs
Type of GC : Full GC
Reason for GC : Ergonomics
PSYoungGen: 32K->0K(1536K)
ParOldGen: 3049K->1204K(4096K)
============================================================198==============================
Time stamp : 2021-06-18T16:02:50.481+0530: 0.191
Collection time and cpu usage : [Times: user=0.00 sys=0.00, real=0.00 secs] 
Time spent for gc :  0.0002280 secs
Reason for GC : Allocation Failure
PSYoungGen: 948K->341K(1536K)
============================================================199==============================
Time stamp : 2021-06-18T16:02:50.482+0530: 0.191
Collection time and cpu usage : [Times: user=0.00 sys=0.00, real=0.00 secs] 
Time spent for gc :  0.0002571 secs
Reason for GC : Allocation Failure
PSYoungGen: 1292K->32K(1536K)
============================================================200==============================
Time stamp : 2021-06-18T16:02:50.482+0530: 0.191
Collection time and cpu usage : [Times: user=0.00 sys=0.00, real=0.00 secs] 
Time spent for gc :  0.0023705 secs
Type of GC : Full GC
Reason for GC : Ergonomics
PSYoungGen: 32K->0K(1536K)
ParOldGen: 3071K->1212K(4096K)
============================================================201==============================
Time stamp : 2021-06-18T16:02:50.485+0530: 0.194
Collection time and cpu usage : [Times: user=0.00 sys=0.00, real=0.00 secs] 
Time spent for gc :  0.0002585 secs
Reason for GC : Allocation Failure
PSYoungGen: 956K->343K(1536K)
============================================================202==============================
Time stamp : 2021-06-18T16:02:50.485+0530: 0.194
Collection time and cpu usage : [Times: user=0.00 sys=0.00, real=0.00 secs] 
Time spent for gc :  0.0002676 secs
Reason for GC : Allocation Failure
PSYoungGen: 1302K->32K(1536K)
============================================================203==============================
Time stamp : 2021-06-18T16:02:50.485+0530: 0.195
Collection time and cpu usage : [Times: user=0.00 sys=0.00, real=0.00 secs] 
Time spent for gc :  0.0023733 secs
Type of GC : Full GC
Reason for GC : Ergonomics
PSYoungGen: 32K->0K(1536K)
ParOldGen: 3093K->1219K(4096K)
============================================================204==============================
Time stamp : 2021-06-18T16:02:50.488+0530: 0.197
Collection time and cpu usage : [Times: user=0.00 sys=0.00, real=0.00 secs] 
Time spent for gc :  0.0002189 secs
Reason for GC : Allocation Failure
PSYoungGen: 963K->347K(1536K)
============================================================205==============================
Time stamp : 2021-06-18T16:02:50.488+0530: 0.198
Collection time and cpu usage : [Times: user=0.00 sys=0.00, real=0.00 secs] 
Time spent for gc :  0.0002582 secs
Reason for GC : Allocation Failure
PSYoungGen: 1313K->32K(1536K)
============================================================206==============================
Time stamp : 2021-06-18T16:02:50.489+0530: 0.198
Collection time and cpu usage : [Times: user=0.00 sys=0.00, real=0.00 secs] 
Time spent for gc :  0.0023791 secs
Type of GC : Full GC
Reason for GC : Ergonomics
PSYoungGen: 32K->0K(1536K)
ParOldGen: 3115K->1226K(4096K)
============================================================207==============================
Time stamp : 2021-06-18T16:02:50.491+0530: 0.201
Collection time and cpu usage : [Times: user=0.00 sys=0.00, real=0.00 secs] 
Time spent for gc :  0.0002410 secs
Reason for GC : Allocation Failure
PSYoungGen: 970K->348K(1536K)
============================================================208==============================
Time stamp : 2021-06-18T16:02:50.492+0530: 0.201
Collection time and cpu usage : [Times: user=0.00 sys=0.00, real=0.00 secs] 
Time spent for gc :  0.0002854 secs
Reason for GC : Allocation Failure
PSYoungGen: 1321K->32K(1536K)
============================================================209==============================
Time stamp : 2021-06-18T16:02:50.492+0530: 0.201
Collection time and cpu usage : [Times: user=0.00 sys=0.00, real=0.00 secs] 
Time spent for gc :  0.0023738 secs
Type of GC : Full GC
Reason for GC : Ergonomics
PSYoungGen: 32K->0K(1536K)
ParOldGen: 3136K->1233K(4096K)
============================================================210==============================
Time stamp : 2021-06-18T16:02:50.495+0530: 0.204
Collection time and cpu usage : [Times: user=0.00 sys=0.00, real=0.00 secs] 
Time spent for gc :  0.0002349 secs
Reason for GC : Allocation Failure
PSYoungGen: 978K->352K(1536K)
============================================================211==============================
Time stamp : 2021-06-18T16:02:50.495+0530: 0.204
Collection time and cpu usage : [Times: user=0.00 sys=0.00, real=0.00 secs] 
Time spent for gc :  0.0002421 secs
Reason for GC : Allocation Failure
PSYoungGen: 1332K->32K(1536K)
============================================================212==============================
Time stamp : 2021-06-18T16:02:50.495+0530: 0.205
Collection time and cpu usage : [Times: user=0.02 sys=0.00, real=0.00 secs] 
Time spent for gc :  0.0023154 secs
Type of GC : Full GC
Reason for GC : Ergonomics
PSYoungGen: 32K->0K(1536K)
ParOldGen: 3158K->1241K(4096K)
============================================================213==============================
Time stamp : 2021-06-18T16:02:50.498+0530: 0.207
Collection time and cpu usage : [Times: user=0.00 sys=0.00, real=0.00 secs] 
Time spent for gc :  0.0002712 secs
Reason for GC : Allocation Failure
PSYoungGen: 985K->354K(1536K)
============================================================214==============================
Time stamp : 2021-06-18T16:02:50.498+0530: 0.208
Collection time and cpu usage : [Times: user=0.00 sys=0.00, real=0.00 secs] 
Time spent for gc :  0.0002613 secs
Reason for GC : Allocation Failure
PSYoungGen: 1342K->32K(1536K)
============================================================215==============================
Time stamp : 2021-06-18T16:02:50.499+0530: 0.208
Collection time and cpu usage : [Times: user=0.00 sys=0.00, real=0.00 secs] 
Time spent for gc :  0.0024162 secs
Type of GC : Full GC
Reason for GC : Ergonomics
PSYoungGen: 32K->0K(1536K)
ParOldGen: 3180K->1248K(4096K)
============================================================216==============================
Time stamp : 2021-06-18T16:02:50.501+0530: 0.211
Collection time and cpu usage : [Times: user=0.00 sys=0.00, real=0.00 secs] 
Time spent for gc :  0.0002208 secs
Reason for GC : Allocation Failure
PSYoungGen: 992K->355K(1536K)
============================================================217==============================
Time stamp : 2021-06-18T16:02:50.502+0530: 0.211
Collection time and cpu usage : [Times: user=0.00 sys=0.00, real=0.00 secs] 
Time spent for gc :  0.0002588 secs
Reason for GC : Allocation Failure
PSYoungGen: 1350K->32K(1536K)
============================================================218==============================
Time stamp : 2021-06-18T16:02:50.502+0530: 0.211
Collection time and cpu usage : [Times: user=0.00 sys=0.00, real=0.00 secs] 
Time spent for gc :  0.0023228 secs
Type of GC : Full GC
Reason for GC : Ergonomics
PSYoungGen: 32K->0K(1536K)
ParOldGen: 3202K->1255K(4096K)
============================================================219==============================
Time stamp : 2021-06-18T16:02:50.504+0530: 0.214
Collection time and cpu usage : [Times: user=0.00 sys=0.00, real=0.00 secs] 
Time spent for gc :  0.0002424 secs
Reason for GC : Allocation Failure
PSYoungGen: 999K->359K(1536K)
============================================================220==============================
Time stamp : 2021-06-18T16:02:50.505+0530: 0.214
Collection time and cpu usage : [Times: user=0.00 sys=0.00, real=0.00 secs] 
Time spent for gc :  0.0002585 secs
Reason for GC : Allocation Failure
PSYoungGen: 1361K->32K(1536K)
============================================================221==============================
Time stamp : 2021-06-18T16:02:50.505+0530: 0.215
Collection time and cpu usage : [Times: user=0.00 sys=0.00, real=0.00 secs] 
Time spent for gc :  0.0023406 secs
Type of GC : Full GC
Reason for GC : Ergonomics
PSYoungGen: 32K->0K(1536K)
ParOldGen: 3224K->1263K(4096K)
============================================================222==============================
Time stamp : 2021-06-18T16:02:50.508+0530: 0.217
Collection time and cpu usage : [Times: user=0.00 sys=0.00, real=0.00 secs] 
Time spent for gc :  0.0002355 secs
Reason for GC : Allocation Failure
PSYoungGen: 1007K->360K(1536K)
============================================================223==============================
Time stamp : 2021-06-18T16:02:50.508+0530: 0.218
Collection time and cpu usage : [Times: user=0.00 sys=0.00, real=0.00 secs] 
Time spent for gc :  0.0002726 secs
Reason for GC : Allocation Failure
PSYoungGen: 1370K->32K(1536K)
============================================================224==============================
Time stamp : 2021-06-18T16:02:50.508+0530: 0.218
Collection time and cpu usage : [Times: user=0.06 sys=0.00, real=0.00 secs] 
Time spent for gc :  0.0023807 secs
Type of GC : Full GC
Reason for GC : Ergonomics
PSYoungGen: 32K->0K(1536K)
ParOldGen: 3246K->1270K(4096K)
============================================================225==============================
Time stamp : 2021-06-18T16:02:50.511+0530: 0.221
Collection time and cpu usage : [Times: user=0.00 sys=0.00, real=0.00 secs] 
Time spent for gc :  0.0002161 secs
Reason for GC : Allocation Failure
PSYoungGen: 1014K->363K(1536K)
============================================================226==============================
Time stamp : 2021-06-18T16:02:50.511+0530: 0.221
Collection time and cpu usage : [Times: user=0.00 sys=0.00, real=0.00 secs] 
Time spent for gc :  0.0002618 secs
Reason for GC : Allocation Failure
PSYoungGen: 1380K->32K(1536K)
============================================================227==============================
Time stamp : 2021-06-18T16:02:50.512+0530: 0.221
Collection time and cpu usage : [Times: user=0.00 sys=0.00, real=0.00 secs] 
Time spent for gc :  0.0023638 secs
Type of GC : Full GC
Reason for GC : Ergonomics
PSYoungGen: 32K->0K(1536K)
ParOldGen: 3268K->1277K(4096K)
============================================================228==============================
Time stamp : 2021-06-18T16:02:50.515+0530: 0.224
Collection time and cpu usage : [Times: user=0.00 sys=0.00, real=0.00 secs] 
Time spent for gc :  0.0002402 secs
Reason for GC : Allocation Failure
PSYoungGen: 1021K->365K(1536K)
============================================================229==============================
Time stamp : 2021-06-18T16:02:50.515+0530: 0.224
Collection time and cpu usage : [Times: user=0.00 sys=0.00, real=0.00 secs] 
Time spent for gc :  0.0002494 secs
Reason for GC : Allocation Failure
PSYoungGen: 1056K->367K(1536K)
============================================================230==============================
Time stamp : 2021-06-18T16:02:50.515+0530: 0.225
Collection time and cpu usage : [Times: user=0.00 sys=0.00, real=0.00 secs] 
Time spent for gc :  0.0024345 secs
Type of GC : Full GC
Reason for GC : Ergonomics
PSYoungGen: 367K->0K(1536K)
ParOldGen: 3282K->616K(4096K)
============================================================231==============================
Time stamp : 2021-06-18T16:02:50.518+0530: 0.227
Collection time and cpu usage : [Times: user=0.00 sys=0.00, real=0.00 secs] 
Time spent for gc :  0.0001732 secs
Reason for GC : Allocation Failure
PSYoungGen: 693K->369K(1536K)
============================================================232==============================
Time stamp : 2021-06-18T16:02:50.518+0530: 0.228
Collection time and cpu usage : [Times: user=0.00 sys=0.00, real=0.00 secs] 
Time spent for gc :  0.0001726 secs
Reason for GC : Allocation Failure
PSYoungGen: 1065K->402K(1536K)
============================================================233==============================
Time stamp : 2021-06-18T16:02:50.519+0530: 0.228
Collection time and cpu usage : [Times: user=0.00 sys=0.00, real=0.00 secs] 
Time spent for gc :  0.0001654 secs
Reason for GC : Allocation Failure
PSYoungGen: 1100K->371K(1536K)
============================================================234==============================
Time stamp : 2021-06-18T16:02:50.519+0530: 0.228
Collection time and cpu usage : [Times: user=0.00 sys=0.00, real=0.00 secs] 
Time spent for gc :  0.0023517 secs
Type of GC : Full GC
Reason for GC : Ergonomics
PSYoungGen: 371K->0K(1536K)
ParOldGen: 2639K->620K(4096K)
============================================================235==============================
Time stamp : 2021-06-18T16:02:50.521+0530: 0.231
Collection time and cpu usage : [Times: user=0.00 sys=0.00, real=0.00 secs] 
Time spent for gc :  0.0001673 secs
Reason for GC : Allocation Failure
PSYoungGen: 700K->372K(1536K)
============================================================236==============================
Time stamp : 2021-06-18T16:02:50.522+0530: 0.231
Collection time and cpu usage : [Times: user=0.00 sys=0.00, real=0.00 secs] 
Time spent for gc :  0.0001671 secs
Reason for GC : Allocation Failure
PSYoungGen: 1076K->373K(1536K)
============================================================237==============================
Time stamp : 2021-06-18T16:02:50.522+0530: 0.231
Collection time and cpu usage : [Times: user=0.00 sys=0.00, real=0.00 secs] 
Time spent for gc :  0.0001762 secs
Reason for GC : Allocation Failure
PSYoungGen: 1079K->407K(1536K)
============================================================238==============================
Time stamp : 2021-06-18T16:02:50.522+0530: 0.232
Collection time and cpu usage : [Times: user=0.00 sys=0.00, real=0.00 secs] 
Time spent for gc :  0.0023262 secs
Type of GC : Full GC
Reason for GC : Ergonomics
PSYoungGen: 407K->0K(1536K)
ParOldGen: 2665K->624K(4096K)
============================================================239==============================
Time stamp : 2021-06-18T16:02:50.525+0530: 0.234
Collection time and cpu usage : [Times: user=0.00 sys=0.00, real=0.00 secs] 
Time spent for gc :  0.0001751 secs
Reason for GC : Allocation Failure
PSYoungGen: 708K->376K(1536K)
============================================================240==============================
Time stamp : 2021-06-18T16:02:50.525+0530: 0.235
Collection time and cpu usage : [Times: user=0.00 sys=0.00, real=0.00 secs] 
Time spent for gc :  0.0001687 secs
Reason for GC : Allocation Failure
PSYoungGen: 1086K->377K(1536K)
============================================================241==============================
Time stamp : 2021-06-18T16:02:50.525+0530: 0.235
Collection time and cpu usage : [Times: user=0.00 sys=0.00, real=0.00 secs] 
Time spent for gc :  0.0001732 secs
Reason for GC : Allocation Failure
PSYoungGen: 1090K->378K(1536K)
============================================================242==============================
Time stamp : 2021-06-18T16:02:50.526+0530: 0.235
Collection time and cpu usage : [Times: user=0.02 sys=0.00, real=0.00 secs] 
Time spent for gc :  0.0023411 secs
Type of GC : Full GC
Reason for GC : Ergonomics
PSYoungGen: 1094K->0K(1536K)
ParOldGen: 3384K->629K(4096K)
============================================================243==============================
Time stamp : 2021-06-18T16:02:50.528+0530: 0.238
Collection time and cpu usage : [Times: user=0.00 sys=0.00, real=0.00 secs] 
Time spent for gc :  0.0001588 secs
Reason for GC : Allocation Failure
PSYoungGen: 717K->381K(1536K)
============================================================244==============================
Time stamp : 2021-06-18T16:02:50.529+0530: 0.238
Collection time and cpu usage : [Times: user=0.00 sys=0.00, real=0.00 secs] 
Time spent for gc :  0.0001701 secs
Reason for GC : Allocation Failure
PSYoungGen: 1101K->382K(1536K)
============================================================245==============================
Time stamp : 2021-06-18T16:02:50.529+0530: 0.238
Collection time and cpu usage : [Times: user=0.00 sys=0.00, real=0.00 secs] 
Time spent for gc :  0.0001604 secs
Reason for GC : Allocation Failure
PSYoungGen: 1105K->383K(1536K)
============================================================246==============================
Time stamp : 2021-06-18T16:02:50.529+0530: 0.239
Collection time and cpu usage : [Times: user=0.00 sys=0.00, real=0.00 secs] 
Time spent for gc :  0.0023827 secs
Type of GC : Full GC
Reason for GC : Ergonomics
PSYoungGen: 1108K->0K(1536K)
ParOldGen: 3428K->634K(4096K)
============================================================247==============================
Time stamp : 2021-06-18T16:02:50.532+0530: 0.241
Collection time and cpu usage : [Times: user=0.00 sys=0.00, real=0.00 secs] 
Time spent for gc :  0.0001754 secs
Reason for GC : Allocation Failure
PSYoungGen: 727K->386K(1536K)
============================================================248==============================
Time stamp : 2021-06-18T16:02:50.532+0530: 0.242
Collection time and cpu usage : [Times: user=0.00 sys=0.00, real=0.00 secs] 
Time spent for gc :  0.0001690 secs
Reason for GC : Allocation Failure
PSYoungGen: 1116K->387K(1536K)
============================================================249==============================
Time stamp : 2021-06-18T16:02:50.532+0530: 0.242
Collection time and cpu usage : [Times: user=0.00 sys=0.00, real=0.00 secs] 
Time spent for gc :  0.0001660 secs
Reason for GC : Allocation Failure
PSYoungGen: 1119K->388K(1536K)
============================================================250==============================
Time stamp : 2021-06-18T16:02:50.533+0530: 0.242
Collection time and cpu usage : [Times: user=0.00 sys=0.00, real=0.00 secs] 
Time spent for gc :  0.0023619 secs
Type of GC : Full GC
Reason for GC : Ergonomics
PSYoungGen: 1123K->0K(1536K)
ParOldGen: 3472K->638K(4096K)
============================================================251==============================
Time stamp : 2021-06-18T16:02:50.535+0530: 0.245
Collection time and cpu usage : [Times: user=0.00 sys=0.00, real=0.00 secs] 
Time spent for gc :  0.0001826 secs
Reason for GC : Allocation Failure
PSYoungGen: 737K->391K(1536K)
============================================================252==============================
Time stamp : 2021-06-18T16:02:50.536+0530: 0.245
Collection time and cpu usage : [Times: user=0.00 sys=0.00, real=0.00 secs] 
Time spent for gc :  0.0001721 secs
Reason for GC : Allocation Failure
PSYoungGen: 1130K->392K(1536K)
============================================================253==============================
Time stamp : 2021-06-18T16:02:50.536+0530: 0.246
Collection time and cpu usage : [Times: user=0.00 sys=0.00, real=0.00 secs] 
Time spent for gc :  0.0001770 secs
Reason for GC : Allocation Failure
PSYoungGen: 1134K->393K(1536K)
============================================================254==============================
Time stamp : 2021-06-18T16:02:50.536+0530: 0.246
Collection time and cpu usage : [Times: user=0.00 sys=0.00, real=0.00 secs] 
Time spent for gc :  0.0023691 secs
Type of GC : Full GC
Reason for GC : Ergonomics
PSYoungGen: 1138K->0K(1536K)
ParOldGen: 3515K->643K(4096K)
============================================================255==============================
Time stamp : 2021-06-18T16:02:50.539+0530: 0.249
Collection time and cpu usage : [Times: user=0.00 sys=0.00, real=0.00 secs] 
Time spent for gc :  0.0001698 secs
Reason for GC : Allocation Failure
PSYoungGen: 747K->395K(1536K)
============================================================256==============================
Time stamp : 2021-06-18T16:02:50.539+0530: 0.249
Collection time and cpu usage : [Times: user=0.00 sys=0.00, real=0.00 secs] 
Time spent for gc :  0.0002308 secs
Reason for GC : Allocation Failure
PSYoungGen: 1145K->397K(1536K)
============================================================257==============================
Time stamp : 2021-06-18T16:02:50.540+0530: 0.249
Collection time and cpu usage : [Times: user=0.00 sys=0.00, real=0.00 secs] 
Time spent for gc :  0.0001942 secs
Reason for GC : Allocation Failure
PSYoungGen: 1149K->398K(1536K)
============================================================258==============================
Time stamp : 2021-06-18T16:02:50.540+0530: 0.250
Collection time and cpu usage : [Times: user=0.06 sys=0.00, real=0.00 secs] 
Time spent for gc :  0.0023384 secs
Type of GC : Full GC
Reason for GC : Ergonomics
PSYoungGen: 1152K->0K(1536K)
ParOldGen: 3559K->648K(4096K)
============================================================259==============================
Time stamp : 2021-06-18T16:02:50.543+0530: 0.252
Collection time and cpu usage : [Times: user=0.00 sys=0.00, real=0.00 secs] 
Time spent for gc :  0.0001804 secs
Reason for GC : Allocation Failure
PSYoungGen: 756K->400K(1536K)
============================================================260==============================
Time stamp : 2021-06-18T16:02:50.543+0530: 0.253
Collection time and cpu usage : [Times: user=0.00 sys=0.00, real=0.00 secs] 
Time spent for gc :  0.0001646 secs
Reason for GC : Allocation Failure
PSYoungGen: 1159K->401K(1536K)
============================================================261==============================
Time stamp : 2021-06-18T16:02:50.543+0530: 0.253
Collection time and cpu usage : [Times: user=0.00 sys=0.00, real=0.00 secs] 
Time spent for gc :  0.0001759 secs
Reason for GC : Allocation Failure
PSYoungGen: 1163K->403K(1536K)
============================================================262==============================
Time stamp : 2021-06-18T16:02:50.544+0530: 0.253
Collection time and cpu usage : [Times: user=0.00 sys=0.00, real=0.00 secs] 
Time spent for gc :  0.0023472 secs
Type of GC : Full GC
Reason for GC : Ergonomics
PSYoungGen: 1167K->0K(1536K)
ParOldGen: 3603K->653K(4096K)
============================================================263==============================
Time stamp : 2021-06-18T16:02:50.546+0530: 0.256
Collection time and cpu usage : [Times: user=0.00 sys=0.00, real=0.00 secs] 
Time spent for gc :  0.0001770 secs
Reason for GC : Allocation Failure
PSYoungGen: 766K->405K(1536K)
============================================================264==============================
Time stamp : 2021-06-18T16:02:50.547+0530: 0.256
Collection time and cpu usage : [Times: user=0.00 sys=0.00, real=0.00 secs] 
Time spent for gc :  0.0001665 secs
Reason for GC : Allocation Failure
PSYoungGen: 1174K->406K(1536K)
============================================================265==============================
Time stamp : 2021-06-18T16:02:50.547+0530: 0.257
Collection time and cpu usage : [Times: user=0.00 sys=0.00, real=0.00 secs] 
Time spent for gc :  0.0002862 secs
Reason for GC : Allocation Failure
PSYoungGen: 1178K->408K(1536K)
============================================================266==============================
Time stamp : 2021-06-18T16:02:50.548+0530: 0.257
Collection time and cpu usage : [Times: user=0.00 sys=0.00, real=0.00 secs] 
Time spent for gc :  0.0024292 secs
Type of GC : Full GC
Reason for GC : Ergonomics
PSYoungGen: 1181K->0K(1536K)
ParOldGen: 3647K->658K(4096K)
============================================================267==============================
Time stamp : 2021-06-18T16:02:50.550+0530: 0.260
Collection time and cpu usage : [Times: user=0.00 sys=0.00, real=0.00 secs] 
Time spent for gc :  0.0001890 secs
Reason for GC : Allocation Failure
PSYoungGen: 776K->410K(1536K)
============================================================268==============================
Time stamp : 2021-06-18T16:02:50.551+0530: 0.260
Collection time and cpu usage : [Times: user=0.00 sys=0.00, real=0.00 secs] 
Time spent for gc :  0.0001793 secs
Reason for GC : Allocation Failure
PSYoungGen: 1189K->411K(1536K)
============================================================269==============================
Time stamp : 2021-06-18T16:02:50.551+0530: 0.261
Collection time and cpu usage : [Times: user=0.00 sys=0.00, real=0.00 secs] 
Time spent for gc :  0.0001682 secs
Reason for GC : Allocation Failure
PSYoungGen: 1192K->412K(1536K)
============================================================270==============================
Time stamp : 2021-06-18T16:02:50.551+0530: 0.261
Collection time and cpu usage : [Times: user=0.00 sys=0.00, real=0.00 secs] 
Time spent for gc :  0.0001801 secs
Reason for GC : Allocation Failure
PSYoungGen: 1196K->414K(1536K)
============================================================271==============================
Time stamp : 2021-06-18T16:02:50.552+0530: 0.261
Collection time and cpu usage : [Times: user=0.00 sys=0.00, real=0.00 secs] 
Time spent for gc :  0.0002042 secs
Reason for GC : Allocation Failure
PSYoungGen: 816K->816K(1536K)
============================================================272==============================
Time stamp : 2021-06-18T16:02:50.552+0530: 0.262
Collection time and cpu usage : [Times: user=0.00 sys=0.00, real=0.00 secs] 
Time spent for gc :  0.0023447 secs
Type of GC : Full GC
Reason for GC : Ergonomics
PSYoungGen: 816K->0K(1536K)
ParOldGen: 4073K->1045K(4096K)
============================================================273==============================
Time stamp : 2021-06-18T16:02:50.554+0530: 0.264
Collection time and cpu usage : [Times: user=0.00 sys=0.00, real=0.00 secs] 
Time spent for gc :  0.0002618 secs
Reason for GC : Allocation Failure
PSYoungGen: 784K->32K(1536K)
============================================================274==============================
Time stamp : 2021-06-18T16:02:50.555+0530: 0.265
Collection time and cpu usage : [Times: user=0.00 sys=0.00, real=0.00 secs] 
Time spent for gc :  0.0024805 secs
Type of GC : Full GC
Reason for GC : Ergonomics
PSYoungGen: 819K->0K(1536K)
ParOldGen: 3340K->1431K(4096K)
============================================================275==============================
Time stamp : 2021-06-18T16:02:50.558+0530: 0.267
Collection time and cpu usage : [Times: user=0.00 sys=0.00, real=0.00 secs] 
Time spent for gc :  0.0002352 secs
Reason for GC : Allocation Failure
PSYoungGen: 789K->416K(1536K)
============================================================276==============================
Time stamp : 2021-06-18T16:02:50.558+0530: 0.268
Collection time and cpu usage : [Times: user=0.00 sys=0.00, real=0.00 secs] 
Time spent for gc :  0.0002987 secs
Reason for GC : Allocation Failure
PSYoungGen: 1208K->416K(1536K)
============================================================277==============================
Time stamp : 2021-06-18T16:02:50.558+0530: 0.268
Collection time and cpu usage : [Times: user=0.00 sys=0.00, real=0.00 secs] 
Time spent for gc :  0.0025669 secs
Type of GC : Full GC
Reason for GC : Ergonomics
PSYoungGen: 416K->0K(1536K)
ParOldGen: 3357K->1438K(4096K)
============================================================278==============================
Time stamp : 2021-06-18T16:02:50.561+0530: 0.271
Collection time and cpu usage : [Times: user=0.00 sys=0.00, real=0.00 secs] 
Time spent for gc :  0.0001829 secs
Reason for GC : Allocation Failure
PSYoungGen: 794K->419K(1536K)
============================================================279==============================
Time stamp : 2021-06-18T16:02:50.562+0530: 0.271
Collection time and cpu usage : [Times: user=0.00 sys=0.00, real=0.00 secs] 
Time spent for gc :  0.0002446 secs
Reason for GC : Allocation Failure
PSYoungGen: 1215K->420K(1536K)
============================================================280==============================
Time stamp : 2021-06-18T16:02:50.562+0530: 0.272
Collection time and cpu usage : [Times: user=0.00 sys=0.00, real=0.00 secs] 
Time spent for gc :  0.0024154 secs
Type of GC : Full GC
Reason for GC : Ergonomics
PSYoungGen: 420K->0K(1536K)
ParOldGen: 3383K->1445K(4096K)
============================================================281==============================
Time stamp : 2021-06-18T16:02:50.565+0530: 0.274
Collection time and cpu usage : [Times: user=0.00 sys=0.00, real=0.00 secs] 
Time spent for gc :  0.0002297 secs
Reason for GC : Allocation Failure
PSYoungGen: 799K->421K(1536K)
============================================================282==============================
Time stamp : 2021-06-18T16:02:50.565+0530: 0.275
Collection time and cpu usage : [Times: user=0.00 sys=0.00, real=0.00 secs] 
Time spent for gc :  0.0002557 secs
Reason for GC : Allocation Failure
PSYoungGen: 1223K->422K(1536K)
============================================================283==============================
Time stamp : 2021-06-18T16:02:50.565+0530: 0.275
Collection time and cpu usage : [Times: user=0.00 sys=0.00, real=0.00 secs] 
Time spent for gc :  0.0023783 secs
Type of GC : Full GC
Reason for GC : Ergonomics
PSYoungGen: 422K->0K(1536K)
ParOldGen: 3403K->1452K(4096K)
============================================================284==============================
Time stamp : 2021-06-18T16:02:50.568+0530: 0.278
Collection time and cpu usage : [Times: user=0.00 sys=0.00, real=0.00 secs] 
Time spent for gc :  0.0001840 secs
Reason for GC : Allocation Failure
PSYoungGen: 804K->423K(1536K)
============================================================285==============================
Time stamp : 2021-06-18T16:02:50.568+0530: 0.278
Collection time and cpu usage : [Times: user=0.00 sys=0.00, real=0.00 secs] 
Time spent for gc :  0.0002668 secs
Reason for GC : Allocation Failure
PSYoungGen: 1230K->425K(1536K)
============================================================286==============================
Time stamp : 2021-06-18T16:02:50.569+0530: 0.278
Collection time and cpu usage : [Times: user=0.00 sys=0.00, real=0.00 secs] 
Time spent for gc :  0.0023481 secs
Type of GC : Full GC
Reason for GC : Ergonomics
PSYoungGen: 425K->0K(1536K)
ParOldGen: 3422K->1460K(4096K)
============================================================287==============================
Time stamp : 2021-06-18T16:02:50.571+0530: 0.281
Collection time and cpu usage : [Times: user=0.00 sys=0.00, real=0.00 secs] 
Time spent for gc :  0.0002596 secs
Reason for GC : Allocation Failure
PSYoungGen: 809K->426K(1536K)
============================================================288==============================
Time stamp : 2021-06-18T16:02:50.572+0530: 0.281
Collection time and cpu usage : [Times: user=0.00 sys=0.00, real=0.00 secs] 
Time spent for gc :  0.0002441 secs
Reason for GC : Allocation Failure
PSYoungGen: 1237K->427K(1536K)
============================================================289==============================
Time stamp : 2021-06-18T16:02:50.572+0530: 0.282
Collection time and cpu usage : [Times: user=0.06 sys=0.00, real=0.00 secs] 
Time spent for gc :  0.0023638 secs
Type of GC : Full GC
Reason for GC : Ergonomics
PSYoungGen: 427K->0K(1536K)
ParOldGen: 3442K->1467K(4096K)
============================================================290==============================
Time stamp : 2021-06-18T16:02:50.575+0530: 0.284
Collection time and cpu usage : [Times: user=0.00 sys=0.00, real=0.00 secs] 
Time spent for gc :  0.0001795 secs
Reason for GC : Allocation Failure
PSYoungGen: 814K->428K(1536K)
============================================================291==============================
Time stamp : 2021-06-18T16:02:50.575+0530: 0.285
Collection time and cpu usage : [Times: user=0.00 sys=0.00, real=0.00 secs] 
Time spent for gc :  0.0002502 secs
Reason for GC : Allocation Failure
PSYoungGen: 1245K->429K(1536K)
============================================================292==============================
Time stamp : 2021-06-18T16:02:50.575+0530: 0.285
Collection time and cpu usage : [Times: user=0.00 sys=0.00, real=0.00 secs] 
Time spent for gc :  0.0023896 secs
Type of GC : Full GC
Reason for GC : Ergonomics
PSYoungGen: 429K->0K(1536K)
ParOldGen: 3461K->1474K(4096K)
============================================================293==============================
Time stamp : 2021-06-18T16:02:50.578+0530: 0.288
Collection time and cpu usage : [Times: user=0.00 sys=0.00, real=0.00 secs] 
Time spent for gc :  0.0001793 secs
Reason for GC : Allocation Failure
PSYoungGen: 818K->431K(1536K)
============================================================294==============================
Time stamp : 2021-06-18T16:02:50.578+0530: 0.288
Collection time and cpu usage : [Times: user=0.00 sys=0.00, real=0.00 secs] 
Time spent for gc :  0.0002441 secs
Reason for GC : Allocation Failure
PSYoungGen: 1252K->432K(1536K)
============================================================295==============================
Time stamp : 2021-06-18T16:02:50.578+0530: 0.288
Collection time and cpu usage : [Times: user=0.00 sys=0.00, real=0.00 secs] 
Time spent for gc :  0.0024068 secs
Type of GC : Full GC
Reason for GC : Ergonomics
PSYoungGen: 432K->0K(1536K)
ParOldGen: 3481K->1482K(4096K)
============================================================296==============================
Time stamp : 2021-06-18T16:02:50.581+0530: 0.291
Collection time and cpu usage : [Times: user=0.00 sys=0.00, real=0.00 secs] 
Time spent for gc :  0.0001837 secs
Reason for GC : Allocation Failure
PSYoungGen: 823K->433K(1536K)
============================================================297==============================
Time stamp : 2021-06-18T16:02:50.581+0530: 0.291
Collection time and cpu usage : [Times: user=0.00 sys=0.00, real=0.00 secs] 
Time spent for gc :  0.0002441 secs
Reason for GC : Allocation Failure
PSYoungGen: 1259K->434K(1536K)
============================================================298==============================
Time stamp : 2021-06-18T16:02:50.582+0530: 0.292
Collection time and cpu usage : [Times: user=0.00 sys=0.00, real=0.00 secs] 
Time spent for gc :  0.0023442 secs
Type of GC : Full GC
Reason for GC : Ergonomics
PSYoungGen: 434K->0K(1536K)
ParOldGen: 3500K->1489K(4096K)
============================================================299==============================
Time stamp : 2021-06-18T16:02:50.584+0530: 0.294
Collection time and cpu usage : [Times: user=0.00 sys=0.00, real=0.00 secs] 
Time spent for gc :  0.0001815 secs
Reason for GC : Allocation Failure
PSYoungGen: 828K->436K(1536K)
============================================================300==============================
Time stamp : 2021-06-18T16:02:50.585+0530: 0.295
Collection time and cpu usage : [Times: user=0.00 sys=0.00, real=0.00 secs] 
Time spent for gc :  0.0002585 secs
Reason for GC : Allocation Failure
PSYoungGen: 1267K->437K(1536K)
============================================================301==============================
Time stamp : 2021-06-18T16:02:50.585+0530: 0.295
Collection time and cpu usage : [Times: user=0.00 sys=0.00, real=0.00 secs] 
Time spent for gc :  0.0023722 secs
Type of GC : Full GC
Reason for GC : Ergonomics
PSYoungGen: 437K->0K(1536K)
ParOldGen: 3520K->1496K(4096K)
============================================================302==============================
Time stamp : 2021-06-18T16:02:50.588+0530: 0.297
Collection time and cpu usage : [Times: user=0.00 sys=0.00, real=0.00 secs] 
Time spent for gc :  0.0001898 secs
Reason for GC : Allocation Failure
PSYoungGen: 833K->438K(1536K)
============================================================303==============================
Time stamp : 2021-06-18T16:02:50.588+0530: 0.298
Collection time and cpu usage : [Times: user=0.00 sys=0.00, real=0.00 secs] 
Time spent for gc :  0.0002549 secs
Reason for GC : Allocation Failure
PSYoungGen: 1274K->438K(1536K)
============================================================304==============================
Time stamp : 2021-06-18T16:02:50.588+0530: 0.298
Collection time and cpu usage : [Times: user=0.06 sys=0.00, real=0.00 secs] 
Time spent for gc :  0.0023888 secs
Type of GC : Full GC
Reason for GC : Ergonomics
PSYoungGen: 438K->0K(1536K)
ParOldGen: 3532K->1504K(4096K)
============================================================305==============================
Time stamp : 2021-06-18T16:02:50.591+0530: 0.301
Collection time and cpu usage : [Times: user=0.00 sys=0.00, real=0.00 secs] 
Time spent for gc :  0.0001784 secs
Reason for GC : Allocation Failure
PSYoungGen: 838K->440K(1536K)
============================================================306==============================
Time stamp : 2021-06-18T16:02:50.591+0530: 0.301
Collection time and cpu usage : [Times: user=0.00 sys=0.00, real=0.00 secs] 
Time spent for gc :  0.0002676 secs
Reason for GC : Allocation Failure
PSYoungGen: 1281K->440K(1536K)
============================================================307==============================
Time stamp : 2021-06-18T16:02:50.592+0530: 0.301
Collection time and cpu usage : [Times: user=0.00 sys=0.00, real=0.00 secs] 
Time spent for gc :  0.0023442 secs
Type of GC : Full GC
Reason for GC : Ergonomics
PSYoungGen: 440K->0K(1536K)
ParOldGen: 3552K->1511K(4096K)
============================================================308==============================
Time stamp : 2021-06-18T16:02:50.594+0530: 0.304
Collection time and cpu usage : [Times: user=0.00 sys=0.00, real=0.00 secs] 
Time spent for gc :  0.0001806 secs
Reason for GC : Allocation Failure
PSYoungGen: 843K->443K(1536K)
============================================================309==============================
Time stamp : 2021-06-18T16:02:50.595+0530: 0.304
Collection time and cpu usage : [Times: user=0.00 sys=0.00, real=0.00 secs] 
Time spent for gc :  0.0002557 secs
Reason for GC : Allocation Failure
PSYoungGen: 1288K->443K(1536K)
============================================================310==============================
Time stamp : 2021-06-18T16:02:50.595+0530: 0.305
Collection time and cpu usage : [Times: user=0.00 sys=0.00, real=0.00 secs] 
Time spent for gc :  0.0024664 secs
Type of GC : Full GC
Reason for GC : Ergonomics
PSYoungGen: 443K->0K(1536K)
ParOldGen: 3571K->1518K(4096K)
============================================================311==============================
Time stamp : 2021-06-18T16:02:50.598+0530: 0.307
Collection time and cpu usage : [Times: user=0.00 sys=0.00, real=0.00 secs] 
Time spent for gc :  0.0001870 secs
Reason for GC : Allocation Failure
PSYoungGen: 848K->445K(1536K)
============================================================312==============================
Time stamp : 2021-06-18T16:02:50.598+0530: 0.308
Collection time and cpu usage : [Times: user=0.00 sys=0.00, real=0.00 secs] 
Time spent for gc :  0.0002538 secs
Reason for GC : Allocation Failure
PSYoungGen: 1296K->445K(1536K)
============================================================313==============================
Time stamp : 2021-06-18T16:02:50.598+0530: 0.308
Collection time and cpu usage : [Times: user=0.00 sys=0.00, real=0.00 secs] 
Time spent for gc :  0.0023683 secs
Type of GC : Full GC
Reason for GC : Ergonomics
PSYoungGen: 445K->0K(1536K)
ParOldGen: 3591K->1526K(4096K)
============================================================314==============================
Time stamp : 2021-06-18T16:02:50.601+0530: 0.311
Collection time and cpu usage : [Times: user=0.00 sys=0.00, real=0.00 secs] 
Time spent for gc :  0.0001867 secs
Reason for GC : Allocation Failure
PSYoungGen: 852K->448K(1536K)
============================================================315==============================
Time stamp : 2021-06-18T16:02:50.601+0530: 0.311
Collection time and cpu usage : [Times: user=0.00 sys=0.00, real=0.00 secs] 
Time spent for gc :  0.0002668 secs
Reason for GC : Allocation Failure
PSYoungGen: 1303K->448K(1536K)
============================================================316==============================
Time stamp : 2021-06-18T16:02:50.602+0530: 0.311
Collection time and cpu usage : [Times: user=0.00 sys=0.00, real=0.00 secs] 
Time spent for gc :  0.0023600 secs
Type of GC : Full GC
Reason for GC : Ergonomics
PSYoungGen: 448K->0K(1536K)
ParOldGen: 3610K->1533K(4096K)
============================================================317==============================
Time stamp : 2021-06-18T16:02:50.604+0530: 0.314
Collection time and cpu usage : [Times: user=0.00 sys=0.00, real=0.00 secs] 
Time spent for gc :  0.0001848 secs
Reason for GC : Allocation Failure
PSYoungGen: 857K->450K(1536K)
============================================================318==============================
Time stamp : 2021-06-18T16:02:50.605+0530: 0.314
Collection time and cpu usage : [Times: user=0.00 sys=0.00, real=0.00 secs] 
Time spent for gc :  0.0002405 secs
Reason for GC : Allocation Failure
PSYoungGen: 1310K->450K(1536K)
============================================================319==============================
Time stamp : 2021-06-18T16:02:50.605+0530: 0.315
Collection time and cpu usage : [Times: user=0.00 sys=0.00, real=0.00 secs] 
Time spent for gc :  0.0023517 secs
Type of GC : Full GC
Reason for GC : Ergonomics
PSYoungGen: 450K->0K(1536K)
ParOldGen: 3630K->1540K(4096K)
============================================================320==============================
Time stamp : 2021-06-18T16:02:50.607+0530: 0.317
Collection time and cpu usage : [Times: user=0.00 sys=0.00, real=0.00 secs] 
Time spent for gc :  0.0001956 secs
Reason for GC : Allocation Failure
PSYoungGen: 862K->453K(1536K)
============================================================321==============================
Time stamp : 2021-06-18T16:02:50.608+0530: 0.318
Collection time and cpu usage : [Times: user=0.00 sys=0.00, real=0.00 secs] 
Time spent for gc :  0.0023719 secs
Type of GC : Full GC
Reason for GC : Ergonomics
PSYoungGen: 1318K->0K(1536K)
ParOldGen: 3227K->1547K(4096K)
============================================================322==============================
Time stamp : 2021-06-18T16:02:50.610+0530: 0.320
Collection time and cpu usage : [Times: user=0.00 sys=0.00, real=0.00 secs] 
Time spent for gc :  0.0001995 secs
Reason for GC : Allocation Failure
PSYoungGen: 867K->455K(1536K)
============================================================323==============================
Time stamp : 2021-06-18T16:02:50.611+0530: 0.321
Collection time and cpu usage : [Times: user=0.00 sys=0.00, real=0.00 secs] 
Time spent for gc :  0.0024830 secs
Type of GC : Full GC
Reason for GC : Ergonomics
PSYoungGen: 1325K->0K(1536K)
ParOldGen: 3244K->1555K(4096K)
============================================================324==============================
Time stamp : 2021-06-18T16:02:50.614+0530: 0.324
Collection time and cpu usage : [Times: user=0.00 sys=0.00, real=0.00 secs] 
Time spent for gc :  0.0002485 secs
Reason for GC : Allocation Failure
PSYoungGen: 872K->457K(1536K)
============================================================325==============================
Time stamp : 2021-06-18T16:02:50.614+0530: 0.324
Collection time and cpu usage : [Times: user=0.00 sys=0.00, real=0.00 secs] 
Time spent for gc :  0.0002649 secs
Reason for GC : Allocation Failure
PSYoungGen: 1332K->457K(1536K)
============================================================326==============================
Time stamp : 2021-06-18T16:02:50.614+0530: 0.324
Collection time and cpu usage : [Times: user=0.00 sys=0.00, real=0.00 secs] 
Time spent for gc :  0.0023436 secs
Type of GC : Full GC
Reason for GC : Ergonomics
PSYoungGen: 457K->0K(1536K)
ParOldGen: 3688K->1562K(4096K)
============================================================327==============================
Time stamp : 2021-06-18T16:02:50.617+0530: 0.327
Collection time and cpu usage : [Times: user=0.00 sys=0.00, real=0.00 secs] 
Time spent for gc :  0.0001953 secs
Reason for GC : Allocation Failure
PSYoungGen: 877K->460K(1536K)
============================================================328==============================
Time stamp : 2021-06-18T16:02:50.617+0530: 0.327
Collection time and cpu usage : [Times: user=0.06 sys=0.00, real=0.00 secs] 
Time spent for gc :  0.0024417 secs
Type of GC : Full GC
Reason for GC : Ergonomics
PSYoungGen: 1340K->0K(1536K)
ParOldGen: 3278K->1569K(4096K)
============================================================329==============================
Time stamp : 2021-06-18T16:02:50.621+0530: 0.330
Collection time and cpu usage : [Times: user=0.00 sys=0.00, real=0.00 secs] 
Time spent for gc :  0.0002391 secs
Reason for GC : Allocation Failure
PSYoungGen: 882K->462K(1536K)
============================================================330==============================
Time stamp : 2021-06-18T16:02:50.622+0530: 0.331
Collection time and cpu usage : [Times: user=0.00 sys=0.00, real=0.00 secs] 
Time spent for gc :  0.0025087 secs
Type of GC : Full GC
Reason for GC : Ergonomics
PSYoungGen: 1347K->0K(1536K)
ParOldGen: 3295K->1577K(4096K)
============================================================331==============================
Time stamp : 2021-06-18T16:02:50.624+0530: 0.333
Collection time and cpu usage : [Times: user=0.00 sys=0.00, real=0.00 secs] 
Time spent for gc :  0.0002122 secs
Reason for GC : Allocation Failure
PSYoungGen: 887K->465K(1536K)
============================================================332==============================
Time stamp : 2021-06-18T16:02:50.625+0530: 0.334
Collection time and cpu usage : [Times: user=0.00 sys=0.00, real=0.00 secs] 
Time spent for gc :  0.0024021 secs
Type of GC : Full GC
Reason for GC : Ergonomics
PSYoungGen: 1354K->0K(1536K)
ParOldGen: 3312K->1584K(4096K)
============================================================333==============================
Time stamp : 2021-06-18T16:02:50.628+0530: 0.336
Collection time and cpu usage : [Times: user=0.00 sys=0.00, real=0.00 secs] 
Time spent for gc :  0.0002782 secs
Reason for GC : Allocation Failure
PSYoungGen: 891K->467K(1536K)
============================================================334==============================
Time stamp : 2021-06-18T16:02:50.628+0530: 0.337
Collection time and cpu usage : [Times: user=0.00 sys=0.00, real=0.00 secs] 
Time spent for gc :  0.0003158 secs
Reason for GC : Allocation Failure
PSYoungGen: 1362K->467K(1536K)
============================================================335==============================
Time stamp : 2021-06-18T16:02:50.628+0530: 0.337
Collection time and cpu usage : [Times: user=0.00 sys=0.00, real=0.00 secs] 
Time spent for gc :  0.0023367 secs
Type of GC : Full GC
Reason for GC : Ergonomics
PSYoungGen: 467K->0K(1536K)
ParOldGen: 3766K->1591K(4096K)
============================================================336==============================
Time stamp : 2021-06-18T16:02:50.631+0530: 0.340
Collection time and cpu usage : [Times: user=0.00 sys=0.00, real=0.00 secs] 
Time spent for gc :  0.0001948 secs
Reason for GC : Allocation Failure
PSYoungGen: 896K->470K(1536K)
============================================================337==============================
Time stamp : 2021-06-18T16:02:50.632+0530: 0.340
Collection time and cpu usage : [Times: user=0.00 sys=0.00, real=0.00 secs] 
Time spent for gc :  0.0023805 secs
Type of GC : Full GC
Reason for GC : Ergonomics
PSYoungGen: 1369K->0K(1536K)
ParOldGen: 3346K->1599K(4096K)
============================================================338==============================
Time stamp : 2021-06-18T16:02:50.634+0530: 0.343
Collection time and cpu usage : [Times: user=0.00 sys=0.00, real=0.00 secs] 
Time spent for gc :  0.0001912 secs
Reason for GC : Allocation Failure
PSYoungGen: 901K->472K(1536K)
============================================================339==============================
Time stamp : 2021-06-18T16:02:50.635+0530: 0.344
Collection time and cpu usage : [Times: user=0.06 sys=0.00, real=0.00 secs] 
Time spent for gc :  0.0023843 secs
Type of GC : Full GC
Reason for GC : Ergonomics
PSYoungGen: 1376K->0K(1536K)
ParOldGen: 3363K->1606K(4096K)
============================================================340==============================
Time stamp : 2021-06-18T16:02:50.637+0530: 0.346
Collection time and cpu usage : [Times: user=0.00 sys=0.00, real=0.00 secs] 
Time spent for gc :  0.0001959 secs
Reason for GC : Allocation Failure
PSYoungGen: 906K->474K(1536K)
============================================================341==============================
Time stamp : 2021-06-18T16:02:50.638+0530: 0.347
Collection time and cpu usage : [Times: user=0.00 sys=0.00, real=0.00 secs] 
Time spent for gc :  0.0023572 secs
Type of GC : Full GC
Reason for GC : Ergonomics
PSYoungGen: 1383K->0K(1536K)
ParOldGen: 3380K->1613K(4096K)
============================================================342==============================
Time stamp : 2021-06-18T16:02:50.640+0530: 0.349
Collection time and cpu usage : [Times: user=0.00 sys=0.00, real=0.00 secs] 
Time spent for gc :  0.0002061 secs
Reason for GC : Allocation Failure
PSYoungGen: 911K->477K(1536K)
============================================================343==============================
Time stamp : 2021-06-18T16:02:50.641+0530: 0.350
Collection time and cpu usage : [Times: user=0.00 sys=0.00, real=0.00 secs] 
Time spent for gc :  0.0002832 secs
Reason for GC : Allocation Failure
PSYoungGen: 1391K->477K(1536K)
============================================================344==============================
Time stamp : 2021-06-18T16:02:50.641+0530: 0.350
Collection time and cpu usage : [Times: user=0.00 sys=0.00, real=0.00 secs] 
Time spent for gc :  0.0023819 secs
Type of GC : Full GC
Reason for GC : Ergonomics
PSYoungGen: 477K->0K(1536K)
ParOldGen: 3844K->1620K(4096K)
============================================================345==============================
Time stamp : 2021-06-18T16:02:50.644+0530: 0.353
Collection time and cpu usage : [Times: user=0.00 sys=0.00, real=0.00 secs] 
Time spent for gc :  0.0001945 secs
Reason for GC : Allocation Failure
PSYoungGen: 916K->479K(1536K)
============================================================346==============================
Time stamp : 2021-06-18T16:02:50.644+0530: 0.353
Collection time and cpu usage : [Times: user=0.00 sys=0.00, real=0.00 secs] 
Time spent for gc :  0.0024533 secs
Type of GC : Full GC
Reason for GC : Ergonomics
PSYoungGen: 1398K->0K(1536K)
ParOldGen: 3414K->1628K(4096K)
============================================================347==============================
Time stamp : 2021-06-18T16:02:50.647+0530: 0.356
Collection time and cpu usage : [Times: user=0.00 sys=0.00, real=0.00 secs] 
Time spent for gc :  0.0002009 secs
Reason for GC : Allocation Failure
PSYoungGen: 921K->482K(1536K)
============================================================348==============================
Time stamp : 2021-06-18T16:02:50.647+0530: 0.356
Collection time and cpu usage : [Times: user=0.00 sys=0.00, real=0.00 secs] 
Time spent for gc :  0.0024076 secs
Type of GC : Full GC
Reason for GC : Ergonomics
PSYoungGen: 1405K->0K(1536K)
ParOldGen: 3431K->1635K(4096K)
============================================================349==============================
Time stamp : 2021-06-18T16:02:50.650+0530: 0.359
Collection time and cpu usage : [Times: user=0.00 sys=0.00, real=0.00 secs] 
Time spent for gc :  0.0002009 secs
Reason for GC : Allocation Failure
PSYoungGen: 925K->484K(1536K)
============================================================350==============================
Time stamp : 2021-06-18T16:02:50.650+0530: 0.359
Collection time and cpu usage : [Times: user=0.06 sys=0.00, real=0.00 secs] 
Time spent for gc :  0.0024362 secs
Type of GC : Full GC
Reason for GC : Ergonomics
PSYoungGen: 1413K->0K(1536K)
ParOldGen: 3448K->1642K(4096K)
============================================================351==============================
Time stamp : 2021-06-18T16:02:50.653+0530: 0.362
Collection time and cpu usage : [Times: user=0.00 sys=0.00, real=0.00 secs] 
Time spent for gc :  0.0001945 secs
Reason for GC : Allocation Failure
PSYoungGen: 930K->487K(1536K)
============================================================352==============================
Time stamp : 2021-06-18T16:02:50.653+0530: 0.363
Collection time and cpu usage : [Times: user=0.00 sys=0.00, real=0.00 secs] 
Time spent for gc :  0.0023968 secs
Type of GC : Full GC
Reason for GC : Ergonomics
PSYoungGen: 1420K->0K(1536K)
ParOldGen: 3465K->1650K(4096K)
============================================================353==============================
Time stamp : 2021-06-18T16:02:50.656+0530: 0.365
Collection time and cpu usage : [Times: user=0.00 sys=0.00, real=0.00 secs] 
Time spent for gc :  0.0001942 secs
Reason for GC : Allocation Failure
PSYoungGen: 935K->489K(1536K)
============================================================354==============================
Time stamp : 2021-06-18T16:02:50.656+0530: 0.366
Collection time and cpu usage : [Times: user=0.00 sys=0.00, real=0.00 secs] 
Time spent for gc :  0.0023915 secs
Type of GC : Full GC
Reason for GC : Ergonomics
PSYoungGen: 1427K->0K(1536K)
ParOldGen: 3482K->1657K(4096K)
============================================================355==============================
Time stamp : 2021-06-18T16:02:50.659+0530: 0.368
Collection time and cpu usage : [Times: user=0.00 sys=0.00, real=0.00 secs] 
Time spent for gc :  0.0001964 secs
Reason for GC : Allocation Failure
PSYoungGen: 940K->492K(1536K)
============================================================356==============================
Time stamp : 2021-06-18T16:02:50.660+0530: 0.369
Collection time and cpu usage : [Times: user=0.00 sys=0.00, real=0.00 secs] 
Time spent for gc :  0.0003776 secs
Reason for GC : Allocation Failure
PSYoungGen: 1435K->492K(1536K)
============================================================357==============================
Time stamp : 2021-06-18T16:02:50.660+0530: 0.369
Collection time and cpu usage : [Times: user=0.00 sys=0.00, real=0.00 secs] 
Time spent for gc :  0.0023755 secs
Type of GC : Full GC
Reason for GC : Ergonomics
PSYoungGen: 492K->0K(1536K)
ParOldGen: 3961K->1664K(4096K)
============================================================358==============================
Time stamp : 2021-06-18T16:02:50.663+0530: 0.372
Collection time and cpu usage : [Times: user=0.00 sys=0.00, real=0.00 secs] 
Time spent for gc :  0.0003294 secs
Reason for GC : Allocation Failure
PSYoungGen: 945K->494K(1536K)
============================================================359==============================
Time stamp : 2021-06-18T16:02:50.663+0530: 0.373
Collection time and cpu usage : [Times: user=0.00 sys=0.00, real=0.00 secs] 
Time spent for gc :  0.0024143 secs
Type of GC : Full GC
Reason for GC : Ergonomics
PSYoungGen: 1442K->0K(1536K)
ParOldGen: 3516K->1672K(4096K)
============================================================360==============================
Time stamp : 2021-06-18T16:02:50.666+0530: 0.375
Collection time and cpu usage : [Times: user=0.00 sys=0.00, real=0.00 secs] 
Time spent for gc :  0.0001920 secs
Reason for GC : Allocation Failure
PSYoungGen: 950K->496K(1536K)
============================================================361==============================
Time stamp : 2021-06-18T16:02:50.666+0530: 0.376
Collection time and cpu usage : [Times: user=0.02 sys=0.00, real=0.00 secs] 
Time spent for gc :  0.0023929 secs
Type of GC : Full GC
Reason for GC : Ergonomics
PSYoungGen: 1449K->0K(1536K)
ParOldGen: 3533K->1679K(4096K)
============================================================362==============================
Time stamp : 2021-06-18T16:02:50.669+0530: 0.378
Collection time and cpu usage : [Times: user=0.00 sys=0.00, real=0.00 secs] 
Time spent for gc :  0.0002097 secs
Reason for GC : Allocation Failure
PSYoungGen: 955K->499K(1536K)
============================================================363==============================
Time stamp : 2021-06-18T16:02:50.670+0530: 0.379
Collection time and cpu usage : [Times: user=0.00 sys=0.00, real=0.00 secs] 
Time spent for gc :  0.0023904 secs
Type of GC : Full GC
Reason for GC : Ergonomics
PSYoungGen: 1456K->0K(1536K)
ParOldGen: 3551K->1686K(4096K)
============================================================364==============================
Time stamp : 2021-06-18T16:02:50.672+0530: 0.382
Collection time and cpu usage : [Times: user=0.00 sys=0.00, real=0.00 secs] 
Time spent for gc :  0.0002045 secs
Reason for GC : Allocation Failure
PSYoungGen: 960K->501K(1536K)
============================================================365==============================
Time stamp : 2021-06-18T16:02:50.673+0530: 0.382
Collection time and cpu usage : [Times: user=0.00 sys=0.00, real=0.00 secs] 
Time spent for gc :  0.0024107 secs
Type of GC : Full GC
Reason for GC : Ergonomics
PSYoungGen: 1464K->0K(1536K)
ParOldGen: 3568K->1693K(4096K)
============================================================366==============================
Time stamp : 2021-06-18T16:02:50.675+0530: 0.385
Collection time and cpu usage : [Times: user=0.00 sys=0.00, real=0.00 secs] 
Time spent for gc :  0.0001995 secs
Reason for GC : Allocation Failure
PSYoungGen: 964K->504K(1536K)
============================================================367==============================
Time stamp : 2021-06-18T16:02:50.676+0530: 0.385
Collection time and cpu usage : [Times: user=0.00 sys=0.00, real=0.00 secs] 
Time spent for gc :  0.0023968 secs
Type of GC : Full GC
Reason for GC : Ergonomics
PSYoungGen: 1471K->0K(1536K)
ParOldGen: 3585K->1701K(4096K)
============================================================368==============================
Time stamp : 2021-06-18T16:02:50.679+0530: 0.388
Collection time and cpu usage : [Times: user=0.00 sys=0.00, real=0.00 secs] 
Time spent for gc :  0.0001964 secs
Reason for GC : Allocation Failure
PSYoungGen: 969K->506K(1536K)
============================================================369==============================
Time stamp : 2021-06-18T16:02:50.679+0530: 0.388
Collection time and cpu usage : [Times: user=0.00 sys=0.00, real=0.00 secs] 
Time spent for gc :  0.0024664 secs
Type of GC : Full GC
Reason for GC : Ergonomics
PSYoungGen: 1478K->0K(1536K)
ParOldGen: 3602K->1708K(4096K)
============================================================370==============================
Time stamp : 2021-06-18T16:02:50.682+0530: 0.391
Collection time and cpu usage : [Times: user=0.00 sys=0.00, real=0.00 secs] 
Time spent for gc :  0.0002028 secs
Reason for GC : Allocation Failure
PSYoungGen: 974K->509K(1536K)
============================================================371==============================
Time stamp : 2021-06-18T16:02:50.682+0530: 0.392
Collection time and cpu usage : [Times: user=0.06 sys=0.00, real=0.00 secs] 
Time spent for gc :  0.0023982 secs
Type of GC : Full GC
Reason for GC : Ergonomics
PSYoungGen: 1486K->0K(1536K)
ParOldGen: 3619K->1715K(4096K)
============================================================372==============================
Time stamp : 2021-06-18T16:02:50.685+0530: 0.394
Collection time and cpu usage : [Times: user=0.00 sys=0.00, real=0.00 secs] 
Time spent for gc :  0.0002039 secs
Reason for GC : Allocation Failure
PSYoungGen: 979K->511K(1536K)
============================================================373==============================
Time stamp : 2021-06-18T16:02:50.685+0530: 0.395
Collection time and cpu usage : [Times: user=0.00 sys=0.00, real=0.00 secs] 
Time spent for gc :  0.0024101 secs
Type of GC : Full GC
Reason for GC : Ergonomics
PSYoungGen: 1493K->0K(1536K)
ParOldGen: 3636K->1723K(4096K)
============================================================374==============================
Time stamp : 2021-06-18T16:02:50.688+0530: 0.397
Collection time and cpu usage : [Times: user=0.00 sys=0.00, real=0.00 secs] 
Time spent for gc :  0.0001948 secs
Reason for GC : Allocation Failure
PSYoungGen: 984K->481K(1536K)
============================================================375==============================
Time stamp : 2021-06-18T16:02:50.689+0530: 0.398
Collection time and cpu usage : [Times: user=0.00 sys=0.00, real=0.00 secs] 
Time spent for gc :  0.0024012 secs
Type of GC : Full GC
Reason for GC : Ergonomics
PSYoungGen: 1468K->0K(1536K)
ParOldGen: 3661K->1730K(4096K)
============================================================376==============================
Time stamp : 2021-06-18T16:02:50.691+0530: 0.401
Collection time and cpu usage : [Times: user=0.00 sys=0.00, real=0.00 secs] 
Time spent for gc :  0.0002064 secs
Reason for GC : Allocation Failure
PSYoungGen: 989K->32K(1536K)
============================================================377==============================
Time stamp : 2021-06-18T16:02:50.692+0530: 0.401
Collection time and cpu usage : [Times: user=0.00 sys=0.00, real=0.00 secs] 
Time spent for gc :  0.0002815 secs
Reason for GC : Allocation Failure
PSYoungGen: 1023K->1023K(1536K)
============================================================378==============================
Time stamp : 2021-06-18T16:02:50.692+0530: 0.401
Collection time and cpu usage : [Times: user=0.00 sys=0.00, real=0.00 secs] 
Time spent for gc :  0.0023397 secs
Type of GC : Full GC
Reason for GC : Ergonomics
PSYoungGen: 1023K->0K(1536K)
ParOldGen: 3677K->1252K(4096K)
============================================================379==============================
Time stamp : 2021-06-18T16:02:50.694+0530: 0.404
Collection time and cpu usage : [Times: user=0.00 sys=0.00, real=0.00 secs] 
Time spent for gc :  0.0003793 secs
Reason for GC : Allocation Failure
PSYoungGen: 991K->32K(1536K)
============================================================380==============================
Time stamp : 2021-06-18T16:02:50.695+0530: 0.404
Collection time and cpu usage : [Times: user=0.00 sys=0.00, real=0.00 secs] 
Time spent for gc :  0.0011221 secs
Type of GC : Full GC
Reason for GC : Ergonomics
PSYoungGen: 32K->0K(1536K)
ParOldGen: 3194K->1737K(4096K)
============================================================381==============================
Time stamp : 2021-06-18T16:02:50.696+0530: 0.406
Collection time and cpu usage : [Times: user=0.00 sys=0.00, real=0.00 secs] 
Time spent for gc :  0.0002108 secs
Reason for GC : Allocation Failure
PSYoungGen: 993K->32K(1536K)
============================================================382==============================
Time stamp : 2021-06-18T16:02:50.696+0530: 0.406
Collection time and cpu usage : [Times: user=0.06 sys=0.00, real=0.00 secs] 
Time spent for gc :  0.0023974 secs
Type of GC : Full GC
Reason for GC : Ergonomics
PSYoungGen: 32K->0K(1536K)
ParOldGen: 3198K->1741K(4096K)
============================================================383==============================
Time stamp : 2021-06-18T16:02:50.699+0530: 0.408
Collection time and cpu usage : [Times: user=0.00 sys=0.00, real=0.00 secs] 
Time spent for gc :  0.0002081 secs
Reason for GC : Allocation Failure
PSYoungGen: 996K->32K(1536K)
============================================================384==============================
Time stamp : 2021-06-18T16:02:50.699+0530: 0.409
Collection time and cpu usage : [Times: user=0.00 sys=0.00, real=0.00 secs] 
Time spent for gc :  0.0025029 secs
Type of GC : Full GC
Reason for GC : Ergonomics
PSYoungGen: 32K->0K(1536K)
ParOldGen: 3205K->1745K(4096K)
============================================================385==============================
Time stamp : 2021-06-18T16:02:50.702+0530: 0.411
Collection time and cpu usage : [Times: user=0.00 sys=0.00, real=0.00 secs] 
Time spent for gc :  0.0002150 secs
Reason for GC : Allocation Failure
PSYoungGen: 998K->32K(1536K)
============================================================386==============================
Time stamp : 2021-06-18T16:02:50.702+0530: 0.412
Collection time and cpu usage : [Times: user=0.00 sys=0.00, real=0.00 secs] 
Time spent for gc :  0.0023655 secs
Type of GC : Full GC
Reason for GC : Ergonomics
PSYoungGen: 32K->0K(1536K)
ParOldGen: 3212K->1748K(4096K)
============================================================387==============================
Time stamp : 2021-06-18T16:02:50.705+0530: 0.414
Collection time and cpu usage : [Times: user=0.00 sys=0.00, real=0.00 secs] 
Time spent for gc :  0.0002106 secs
Reason for GC : Allocation Failure
PSYoungGen: 1001K->32K(1536K)
============================================================388==============================
Time stamp : 2021-06-18T16:02:50.705+0530: 0.415
Collection time and cpu usage : [Times: user=0.00 sys=0.00, real=0.00 secs] 
Time spent for gc :  0.0025057 secs
Type of GC : Full GC
Reason for GC : Ergonomics
PSYoungGen: 32K->0K(1536K)
ParOldGen: 3219K->1752K(4096K)
============================================================389==============================
Time stamp : 2021-06-18T16:02:50.708+0530: 0.417
Collection time and cpu usage : [Times: user=0.00 sys=0.00, real=0.00 secs] 
Time spent for gc :  0.0002155 secs
Reason for GC : Allocation Failure
PSYoungGen: 1003K->32K(1536K)
============================================================390==============================
Time stamp : 2021-06-18T16:02:50.708+0530: 0.418
Collection time and cpu usage : [Times: user=0.00 sys=0.00, real=0.00 secs] 
Time spent for gc :  0.0024375 secs
Type of GC : Full GC
Reason for GC : Ergonomics
PSYoungGen: 32K->0K(1536K)
ParOldGen: 3227K->1755K(4096K)
============================================================391==============================
Time stamp : 2021-06-18T16:02:50.711+0530: 0.420
Collection time and cpu usage : [Times: user=0.00 sys=0.00, real=0.00 secs] 
Time spent for gc :  0.0002136 secs
Reason for GC : Allocation Failure
PSYoungGen: 1006K->32K(1536K)
============================================================392==============================
Time stamp : 2021-06-18T16:02:50.711+0530: 0.421
Collection time and cpu usage : [Times: user=0.00 sys=0.00, real=0.00 secs] 
Time spent for gc :  0.0024364 secs
Type of GC : Full GC
Reason for GC : Ergonomics
PSYoungGen: 32K->0K(1536K)
ParOldGen: 3234K->1759K(4096K)
============================================================393==============================
Time stamp : 2021-06-18T16:02:50.714+0530: 0.423
Collection time and cpu usage : [Times: user=0.00 sys=0.00, real=0.00 secs] 
Time spent for gc :  0.0002153 secs
Reason for GC : Allocation Failure
PSYoungGen: 1008K->32K(1536K)
============================================================394==============================
Time stamp : 2021-06-18T16:02:50.714+0530: 0.424
Collection time and cpu usage : [Times: user=0.02 sys=0.03, real=0.00 secs] 
Time spent for gc :  0.0024514 secs
Type of GC : Full GC
Reason for GC : Ergonomics
PSYoungGen: 32K->0K(1536K)
ParOldGen: 3241K->1763K(4096K)
============================================================395==============================
Time stamp : 2021-06-18T16:02:50.717+0530: 0.426
Collection time and cpu usage : [Times: user=0.00 sys=0.00, real=0.00 secs] 
Time spent for gc :  0.0002175 secs
Reason for GC : Allocation Failure
PSYoungGen: 1011K->32K(1536K)
============================================================396==============================
Time stamp : 2021-06-18T16:02:50.717+0530: 0.427
Collection time and cpu usage : [Times: user=0.00 sys=0.00, real=0.00 secs] 
Time spent for gc :  0.0024004 secs
Type of GC : Full GC
Reason for GC : Ergonomics
PSYoungGen: 32K->0K(1536K)
ParOldGen: 3249K->1766K(4096K)
============================================================397==============================
Time stamp : 2021-06-18T16:02:50.720+0530: 0.429
Collection time and cpu usage : [Times: user=0.00 sys=0.00, real=0.00 secs] 
Time spent for gc :  0.0002086 secs
Reason for GC : Allocation Failure
PSYoungGen: 1013K->32K(1536K)
============================================================398==============================
Time stamp : 2021-06-18T16:02:50.720+0530: 0.430
Collection time and cpu usage : [Times: user=0.00 sys=0.00, real=0.00 secs] 
Time spent for gc :  0.0023949 secs
Type of GC : Full GC
Reason for GC : Ergonomics
PSYoungGen: 32K->0K(1536K)
ParOldGen: 3256K->1770K(4096K)
============================================================399==============================
Time stamp : 2021-06-18T16:02:50.723+0530: 0.432
Collection time and cpu usage : [Times: user=0.00 sys=0.00, real=0.00 secs] 
Time spent for gc :  0.0002208 secs
Reason for GC : Allocation Failure
PSYoungGen: 1015K->32K(1536K)
============================================================400==============================
Time stamp : 2021-06-18T16:02:50.723+0530: 0.433
Collection time and cpu usage : [Times: user=0.00 sys=0.00, real=0.00 secs] 
Time spent for gc :  0.0024816 secs
Type of GC : Full GC
Reason for GC : Ergonomics
PSYoungGen: 32K->0K(1536K)
ParOldGen: 3263K->1774K(4096K)
============================================================401==============================
Time stamp : 2021-06-18T16:02:50.726+0530: 0.435
Collection time and cpu usage : [Times: user=0.00 sys=0.00, real=0.00 secs] 
Time spent for gc :  0.0002023 secs
Reason for GC : Allocation Failure
PSYoungGen: 1018K->498K(1536K)
============================================================402==============================
Time stamp : 2021-06-18T16:02:50.726+0530: 0.436
Collection time and cpu usage : [Times: user=0.00 sys=0.00, real=0.00 secs] 
Time spent for gc :  0.0024398 secs
Type of GC : Full GC
Reason for GC : Ergonomics
PSYoungGen: 1519K->0K(1536K)
ParOldGen: 3780K->1781K(4096K)
============================================================403==============================
Time stamp : 2021-06-18T16:02:50.729+0530: 0.439
Collection time and cpu usage : [Times: user=0.00 sys=0.00, real=0.00 secs] 
Time spent for gc :  0.0002164 secs
Reason for GC : Allocation Failure
PSYoungGen: 1023K->32K(1536K)
============================================================404==============================
Time stamp : 2021-06-18T16:02:50.729+0530: 0.439
Collection time and cpu usage : [Times: user=0.06 sys=0.00, real=0.00 secs] 
Time spent for gc :  0.0023638 secs
Type of GC : Full GC
Reason for GC : Ergonomics
PSYoungGen: 32K->0K(1536K)
ParOldGen: 3285K->1785K(4096K)
============================================================405==============================
Time stamp : 2021-06-18T16:02:50.732+0530: 0.441
Collection time and cpu usage : [Times: user=0.00 sys=0.00, real=0.00 secs] 
Time spent for gc :  0.0001723 secs
Reason for GC : Allocation Failure
PSYoungGen: 523K->32K(1536K)
============================================================406==============================
Time stamp : 2021-06-18T16:02:50.732+0530: 0.442
Collection time and cpu usage : [Times: user=0.00 sys=0.00, real=0.00 secs] 
Time spent for gc :  0.0001485 secs
Reason for GC : Allocation Failure
PSYoungGen: 554K->32K(1536K)
============================================================407==============================
Time stamp : 2021-06-18T16:02:50.732+0530: 0.442
Collection time and cpu usage : [Times: user=0.00 sys=0.00, real=0.00 secs] 
Time spent for gc :  0.0023528 secs
Type of GC : Full GC
Reason for GC : Ergonomics
PSYoungGen: 32K->0K(1536K)
ParOldGen: 3292K->1788K(4096K)
============================================================408==============================
Time stamp : 2021-06-18T16:02:50.735+0530: 0.444
Collection time and cpu usage : [Times: user=0.00 sys=0.00, real=0.00 secs] 
Time spent for gc :  0.0001679 secs
Reason for GC : Allocation Failure
PSYoungGen: 524K->32K(1536K)
============================================================409==============================
Time stamp : 2021-06-18T16:02:50.735+0530: 0.445
Collection time and cpu usage : [Times: user=0.00 sys=0.00, real=0.00 secs] 
Time spent for gc :  0.0001360 secs
Reason for GC : Allocation Failure
PSYoungGen: 555K->32K(1536K)
============================================================410==============================
Time stamp : 2021-06-18T16:02:50.735+0530: 0.445
Collection time and cpu usage : [Times: user=0.00 sys=0.00, real=0.00 secs] 
Time spent for gc :  0.0023993 secs
Type of GC : Full GC
Reason for GC : Ergonomics
PSYoungGen: 32K->0K(1536K)
ParOldGen: 3300K->1792K(4096K)
============================================================411==============================
Time stamp : 2021-06-18T16:02:50.738+0530: 0.447
Collection time and cpu usage : [Times: user=0.00 sys=0.00, real=0.00 secs] 
Time spent for gc :  0.0001604 secs
Reason for GC : Allocation Failure
PSYoungGen: 525K->32K(1536K)
============================================================412==============================
Time stamp : 2021-06-18T16:02:50.738+0530: 0.448
Collection time and cpu usage : [Times: user=0.00 sys=0.00, real=0.00 secs] 
Time spent for gc :  0.0001421 secs
Reason for GC : Allocation Failure
PSYoungGen: 557K->32K(1536K)
============================================================413==============================
Time stamp : 2021-06-18T16:02:50.738+0530: 0.448
Collection time and cpu usage : [Times: user=0.00 sys=0.00, real=0.00 secs] 
Time spent for gc :  0.0024104 secs
Type of GC : Full GC
Reason for GC : Ergonomics
PSYoungGen: 32K->0K(1536K)
ParOldGen: 3307K->1796K(4096K)
============================================================414==============================
Time stamp : 2021-06-18T16:02:50.741+0530: 0.450
Collection time and cpu usage : [Times: user=0.00 sys=0.00, real=0.00 secs] 
Time spent for gc :  0.0001668 secs
Reason for GC : Allocation Failure
PSYoungGen: 526K->32K(1536K)
============================================================415==============================
Time stamp : 2021-06-18T16:02:50.741+0530: 0.451
Collection time and cpu usage : [Times: user=0.00 sys=0.00, real=0.00 secs] 
Time spent for gc :  0.0001477 secs
Reason for GC : Allocation Failure
PSYoungGen: 558K->32K(1536K)
============================================================416==============================
Time stamp : 2021-06-18T16:02:50.741+0530: 0.451
Collection time and cpu usage : [Times: user=0.00 sys=0.00, real=0.00 secs] 
Time spent for gc :  0.0024021 secs
Type of GC : Full GC
Reason for GC : Ergonomics
PSYoungGen: 32K->0K(1536K)
ParOldGen: 3314K->1799K(4096K)
============================================================417==============================
Time stamp : 2021-06-18T16:02:50.744+0530: 0.453
Collection time and cpu usage : [Times: user=0.00 sys=0.00, real=0.00 secs] 
Time spent for gc :  0.0001560 secs
Reason for GC : Allocation Failure
PSYoungGen: 527K->32K(1536K)
============================================================418==============================
Time stamp : 2021-06-18T16:02:50.744+0530: 0.454
Collection time and cpu usage : [Times: user=0.00 sys=0.00, real=0.00 secs] 
Time spent for gc :  0.0001402 secs
Reason for GC : Allocation Failure
PSYoungGen: 559K->32K(1536K)
============================================================419==============================
Time stamp : 2021-06-18T16:02:50.744+0530: 0.454
Collection time and cpu usage : [Times: user=0.06 sys=0.00, real=0.00 secs] 
Time spent for gc :  0.0023974 secs
Type of GC : Full GC
Reason for GC : Ergonomics
PSYoungGen: 32K->0K(1536K)
ParOldGen: 3322K->1803K(4096K)
============================================================420==============================
Time stamp : 2021-06-18T16:02:50.747+0530: 0.456
Collection time and cpu usage : [Times: user=0.00 sys=0.00, real=0.00 secs] 
Time spent for gc :  0.0001718 secs
Reason for GC : Allocation Failure
PSYoungGen: 528K->32K(1536K)
============================================================421==============================
Time stamp : 2021-06-18T16:02:50.747+0530: 0.457
Collection time and cpu usage : [Times: user=0.00 sys=0.00, real=0.00 secs] 
Time spent for gc :  0.0001427 secs
Reason for GC : Allocation Failure
PSYoungGen: 560K->32K(1536K)
============================================================422==============================
Time stamp : 2021-06-18T16:02:50.748+0530: 0.457
Collection time and cpu usage : [Times: user=0.00 sys=0.00, real=0.00 secs] 
Time spent for gc :  0.0024256 secs
Type of GC : Full GC
Reason for GC : Ergonomics
PSYoungGen: 32K->0K(1536K)
ParOldGen: 3329K->1807K(4096K)
============================================================423==============================
Time stamp : 2021-06-18T16:02:50.750+0530: 0.460
Collection time and cpu usage : [Times: user=0.00 sys=0.00, real=0.00 secs] 
Time spent for gc :  0.0001668 secs
Reason for GC : Allocation Failure
PSYoungGen: 530K->32K(1536K)
============================================================424==============================
Time stamp : 2021-06-18T16:02:50.750+0530: 0.460
Collection time and cpu usage : [Times: user=0.00 sys=0.00, real=0.00 secs] 
Time spent for gc :  0.0001474 secs
Reason for GC : Allocation Failure
PSYoungGen: 561K->32K(1536K)
============================================================425==============================
Time stamp : 2021-06-18T16:02:50.751+0530: 0.460
Collection time and cpu usage : [Times: user=0.00 sys=0.00, real=0.00 secs] 
Time spent for gc :  0.0023891 secs
Type of GC : Full GC
Reason for GC : Ergonomics
PSYoungGen: 32K->0K(1536K)
ParOldGen: 3336K->1810K(4096K)
============================================================426==============================
Time stamp : 2021-06-18T16:02:50.753+0530: 0.463
Collection time and cpu usage : [Times: user=0.00 sys=0.00, real=0.00 secs] 
Time spent for gc :  0.0001687 secs
Reason for GC : Allocation Failure
PSYoungGen: 531K->32K(1536K)
============================================================427==============================
Time stamp : 2021-06-18T16:02:50.753+0530: 0.463
Collection time and cpu usage : [Times: user=0.00 sys=0.00, real=0.00 secs] 
Time spent for gc :  0.0023683 secs
Type of GC : Full GC
Reason for GC : Ergonomics
PSYoungGen: 563K->0K(1536K)
ParOldGen: 3856K->793K(4096K)
============================================================428==============================
Time stamp : 2021-06-18T16:02:50.756+0530: 0.466
Collection time and cpu usage : [Times: user=0.00 sys=0.00, real=0.00 secs] 
Time spent for gc :  0.0024666 secs
Type of GC : Full GC
Reason for GC : Ergonomics
PSYoungGen: 532K->0K(1536K)
ParOldGen: 3872K->1821K(4096K)
============================================================429==============================
Time stamp : 2021-06-18T16:02:50.759+0530: 0.468
Collection time and cpu usage : [Times: user=0.06 sys=0.00, real=0.00 secs] 
Time spent for gc :  0.0023866 secs
Type of GC : Full GC
Reason for GC : Ergonomics
PSYoungGen: 535K->0K(1536K)
ParOldGen: 3882K->797K(4096K)
============================================================430==============================
Time stamp : 2021-06-18T16:02:50.762+0530: 0.471
Collection time and cpu usage : [Times: user=0.00 sys=0.00, real=0.00 secs] 
Time spent for gc :  0.0025611 secs
Type of GC : Full GC
Reason for GC : Ergonomics
PSYoungGen: 536K->0K(1536K)
ParOldGen: 3897K->1832K(4096K)
============================================================431==============================
Time stamp : 2021-06-18T16:02:50.765+0530: 0.474
Collection time and cpu usage : [Times: user=0.00 sys=0.00, real=0.00 secs] 
Time spent for gc :  0.0023910 secs
Type of GC : Full GC
Reason for GC : Ergonomics
PSYoungGen: 538K->0K(1536K)
ParOldGen: 3907K->800K(4096K)
============================================================432==============================
Time stamp : 2021-06-18T16:02:50.767+0530: 0.477
Collection time and cpu usage : [Times: user=0.00 sys=0.00, real=0.00 secs] 
Time spent for gc :  0.0024459 secs
Type of GC : Full GC
Reason for GC : Ergonomics
PSYoungGen: 540K->0K(1536K)
ParOldGen: 3923K->1843K(4096K)
============================================================433==============================
Time stamp : 2021-06-18T16:02:50.770+0530: 0.480
Collection time and cpu usage : [Times: user=0.00 sys=0.00, real=0.00 secs] 
Time spent for gc :  0.0023849 secs
Type of GC : Full GC
Reason for GC : Ergonomics
PSYoungGen: 542K->0K(1536K)
ParOldGen: 3933K->804K(4096K)
============================================================434==============================
Time stamp : 2021-06-18T16:02:50.773+0530: 0.482
Collection time and cpu usage : [Times: user=0.00 sys=0.00, real=0.00 secs] 
Time spent for gc :  0.0025015 secs
Type of GC : Full GC
Reason for GC : Ergonomics
PSYoungGen: 543K->0K(1536K)
ParOldGen: 3948K->1854K(4096K)
============================================================435==============================
Time stamp : 2021-06-18T16:02:50.776+0530: 0.485
Collection time and cpu usage : [Times: user=0.01 sys=0.00, real=0.00 secs] 
Time spent for gc :  0.0023724 secs
Type of GC : Full GC
Reason for GC : Ergonomics
PSYoungGen: 546K->0K(1536K)
ParOldGen: 3958K->808K(4096K)
============================================================436==============================
Time stamp : 2021-06-18T16:02:50.779+0530: 0.488
Collection time and cpu usage : [Times: user=0.00 sys=0.00, real=0.00 secs] 
Time spent for gc :  0.0025531 secs
Type of GC : Full GC
Reason for GC : Ergonomics
PSYoungGen: 547K->0K(1536K)
ParOldGen: 3974K->1865K(4096K)
============================================================437==============================
Time stamp : 2021-06-18T16:02:50.781+0530: 0.491
Collection time and cpu usage : [Times: user=0.00 sys=0.00, real=0.00 secs] 
Time spent for gc :  0.0024040 secs
Type of GC : Full GC
Reason for GC : Ergonomics
PSYoungGen: 549K->0K(1536K)
ParOldGen: 3984K->811K(4096K)
============================================================438==============================
Time stamp : 2021-06-18T16:02:50.784+0530: 0.494
Collection time and cpu usage : [Times: user=0.00 sys=0.00, real=0.00 secs] 
Time spent for gc :  0.0024702 secs
Type of GC : Full GC
Reason for GC : Ergonomics
PSYoungGen: 551K->0K(1536K)
ParOldGen: 4000K->1876K(4096K)
============================================================439==============================
Time stamp : 2021-06-18T16:02:50.787+0530: 0.497
Collection time and cpu usage : [Times: user=0.00 sys=0.00, real=0.00 secs] 
Time spent for gc :  0.0024849 secs
Type of GC : Full GC
Reason for GC : Ergonomics
PSYoungGen: 553K->0K(1536K)
ParOldGen: 4009K->815K(4096K)
============================================================440==============================
Time stamp : 2021-06-18T16:02:50.790+0530: 0.499
Collection time and cpu usage : [Times: user=0.00 sys=0.00, real=0.00 secs] 
Time spent for gc :  0.0025093 secs
Type of GC : Full GC
Reason for GC : Ergonomics
PSYoungGen: 554K->0K(1536K)
ParOldGen: 4025K->1887K(4096K)
============================================================441==============================
Time stamp : 2021-06-18T16:02:50.793+0530: 0.502
Collection time and cpu usage : [Times: user=0.00 sys=0.00, real=0.00 secs] 
Time spent for gc :  0.0024107 secs
Type of GC : Full GC
Reason for GC : Ergonomics
PSYoungGen: 557K->0K(1536K)
ParOldGen: 4035K->818K(4096K)
============================================================442==============================
Time stamp : 2021-06-18T16:02:50.796+0530: 0.505
Collection time and cpu usage : [Times: user=0.00 sys=0.00, real=0.00 secs] 
Time spent for gc :  0.0025342 secs
Type of GC : Full GC
Reason for GC : Ergonomics
PSYoungGen: 558K->0K(1536K)
ParOldGen: 4051K->1898K(4096K)
============================================================443==============================
Time stamp : 2021-06-18T16:02:50.798+0530: 0.508
Collection time and cpu usage : [Times: user=0.00 sys=0.00, real=0.00 secs] 
Time spent for gc :  0.0023677 secs
Type of GC : Full GC
Reason for GC : Ergonomics
PSYoungGen: 560K->0K(1536K)
ParOldGen: 4060K->822K(4096K)
============================================================444==============================
Time stamp : 2021-06-18T16:02:50.801+0530: 0.511
Collection time and cpu usage : [Times: user=0.00 sys=0.00, real=0.00 secs] 
Time spent for gc :  0.0024819 secs
Type of GC : Full GC
Reason for GC : Ergonomics
PSYoungGen: 562K->0K(1536K)
ParOldGen: 4076K->1909K(4096K)
============================================================445==============================
Time stamp : 2021-06-18T16:02:50.804+0530: 0.514
Collection time and cpu usage : [Times: user=0.00 sys=0.00, real=0.00 secs] 
Time spent for gc :  0.0024082 secs
Type of GC : Full GC
Reason for GC : Ergonomics
PSYoungGen: 564K->0K(1536K)
ParOldGen: 4086K->826K(4096K)
============================================================446==============================
Time stamp : 2021-06-18T16:02:50.807+0530: 0.516
Collection time and cpu usage : [Times: user=0.00 sys=0.00, real=0.00 secs] 
Time spent for gc :  0.0001768 secs
Reason for GC : Allocation Failure
PSYoungGen: 565K->32K(1536K)
============================================================447==============================
Time stamp : 2021-06-18T16:02:50.807+0530: 0.517
Collection time and cpu usage : [Times: user=0.00 sys=0.00, real=0.00 secs] 
Time spent for gc :  0.0001172 secs
Reason for GC : Allocation Failure
PSYoungGen: 32K->32K(1536K)
============================================================448==============================
Time stamp : 2021-06-18T16:02:50.807+0530: 0.517
Collection time and cpu usage : [Times: user=0.02 sys=0.00, real=0.00 secs] 
Time spent for gc :  0.0023162 secs
Type of GC : Full GC
Reason for GC : Allocation Failure
PSYoungGen: 32K->0K(1536K)
ParOldGen: 3009K->1373K(4096K)
============================================================449==============================
Time stamp : 2021-06-18T16:02:50.810+0530: 0.519
Collection time and cpu usage : [Times: user=0.00 sys=0.00, real=0.00 secs] 
Time spent for gc :  0.0002366 secs
Reason for GC : Allocation Failure
PSYoungGen: 568K->32K(1536K)
============================================================450==============================
Time stamp : 2021-06-18T16:02:50.810+0530: 0.520
Collection time and cpu usage : [Times: user=0.00 sys=0.00, real=0.00 secs] 
Time spent for gc :  0.0023547 secs
Type of GC : Full GC
Reason for GC : Ergonomics
PSYoungGen: 32K->0K(1536K)
ParOldGen: 3561K->1376K(4096K)
============================================================451==============================
Time stamp : 2021-06-18T16:02:50.813+0530: 0.522
Collection time and cpu usage : [Times: user=0.00 sys=0.00, real=0.00 secs] 
Time spent for gc :  0.0002355 secs
Reason for GC : Allocation Failure
PSYoungGen: 569K->32K(1536K)
============================================================452==============================
Time stamp : 2021-06-18T16:02:50.813+0530: 0.523
Collection time and cpu usage : [Times: user=0.00 sys=0.00, real=0.00 secs] 
Time spent for gc :  0.0023414 secs
Type of GC : Full GC
Reason for GC : Ergonomics
PSYoungGen: 32K->0K(1536K)
ParOldGen: 3569K->1378K(4096K)
============================================================453==============================
Time stamp : 2021-06-18T16:02:50.816+0530: 0.525
Collection time and cpu usage : [Times: user=0.00 sys=0.00, real=0.00 secs] 
Time spent for gc :  0.0002366 secs
Reason for GC : Allocation Failure
PSYoungGen: 570K->32K(1536K)
============================================================454==============================
Time stamp : 2021-06-18T16:02:50.816+0530: 0.526
Collection time and cpu usage : [Times: user=0.00 sys=0.00, real=0.00 secs] 
Time spent for gc :  0.0023342 secs
Type of GC : Full GC
Reason for GC : Ergonomics
PSYoungGen: 32K->0K(1536K)
ParOldGen: 3576K->1381K(4096K)
============================================================455==============================
Time stamp : 2021-06-18T16:02:50.819+0530: 0.528
Collection time and cpu usage : [Times: user=0.00 sys=0.00, real=0.00 secs] 
Time spent for gc :  0.0002333 secs
Reason for GC : Allocation Failure
PSYoungGen: 571K->32K(1536K)
============================================================456==============================
Time stamp : 2021-06-18T16:02:50.819+0530: 0.528
Collection time and cpu usage : [Times: user=0.00 sys=0.00, real=0.00 secs] 
Time spent for gc :  0.0023705 secs
Type of GC : Full GC
Reason for GC : Ergonomics
PSYoungGen: 32K->0K(1536K)
ParOldGen: 3583K->1383K(4096K)
============================================================457==============================
Time stamp : 2021-06-18T16:02:50.821+0530: 0.531
Collection time and cpu usage : [Times: user=0.00 sys=0.00, real=0.00 secs] 
Time spent for gc :  0.0002430 secs
Reason for GC : Allocation Failure
PSYoungGen: 572K->32K(1536K)
============================================================458==============================
Time stamp : 2021-06-18T16:02:50.822+0530: 0.531
Collection time and cpu usage : [Times: user=0.06 sys=0.00, real=0.00 secs] 
Time spent for gc :  0.0023514 secs
Type of GC : Full GC
Reason for GC : Ergonomics
PSYoungGen: 32K->0K(1536K)
ParOldGen: 3591K->1386K(4096K)
============================================================459==============================
Time stamp : 2021-06-18T16:02:50.824+0530: 0.534
Collection time and cpu usage : [Times: user=0.00 sys=0.00, real=0.00 secs] 
Time spent for gc :  0.0002441 secs
Reason for GC : Allocation Failure
PSYoungGen: 574K->32K(1536K)
============================================================460==============================
Time stamp : 2021-06-18T16:02:50.825+0530: 0.534
Collection time and cpu usage : [Times: user=0.00 sys=0.00, real=0.00 secs] 
Time spent for gc :  0.0023514 secs
Type of GC : Full GC
Reason for GC : Ergonomics
PSYoungGen: 32K->0K(1536K)
ParOldGen: 3598K->1388K(4096K)
============================================================461==============================
Time stamp : 2021-06-18T16:02:50.827+0530: 0.537
Collection time and cpu usage : [Times: user=0.00 sys=0.00, real=0.00 secs] 
Time spent for gc :  0.0002325 secs
Reason for GC : Allocation Failure
PSYoungGen: 575K->32K(1536K)
============================================================462==============================
Time stamp : 2021-06-18T16:02:50.828+0530: 0.537
Collection time and cpu usage : [Times: user=0.00 sys=0.00, real=0.00 secs] 
Time spent for gc :  0.0023453 secs
Type of GC : Full GC
Reason for GC : Ergonomics
PSYoungGen: 32K->0K(1536K)
ParOldGen: 3605K->1390K(4096K)
============================================================463==============================
Time stamp : 2021-06-18T16:02:50.830+0530: 0.540
Collection time and cpu usage : [Times: user=0.00 sys=0.00, real=0.00 secs] 
Time spent for gc :  0.0002161 secs
Reason for GC : Allocation Failure
PSYoungGen: 576K->32K(1536K)
============================================================464==============================
Time stamp : 2021-06-18T16:02:50.831+0530: 0.540
Collection time and cpu usage : [Times: user=0.00 sys=0.00, real=0.00 secs] 
Time spent for gc :  0.0023724 secs
Type of GC : Full GC
Reason for GC : Ergonomics
PSYoungGen: 32K->0K(1536K)
ParOldGen: 3613K->1393K(4096K)
============================================================465==============================
Time stamp : 2021-06-18T16:02:50.833+0530: 0.543
Collection time and cpu usage : [Times: user=0.00 sys=0.00, real=0.00 secs] 
Time spent for gc :  0.0002333 secs
Reason for GC : Allocation Failure
PSYoungGen: 577K->32K(1536K)
============================================================466==============================
Time stamp : 2021-06-18T16:02:50.833+0530: 0.543
Collection time and cpu usage : [Times: user=0.00 sys=0.00, real=0.00 secs] 
Time spent for gc :  0.0023672 secs
Type of GC : Full GC
Reason for GC : Ergonomics
PSYoungGen: 32K->0K(1536K)
ParOldGen: 3620K->1395K(4096K)
============================================================467==============================
Time stamp : 2021-06-18T16:02:50.836+0530: 0.546
Collection time and cpu usage : [Times: user=0.00 sys=0.00, real=0.00 secs] 
Time spent for gc :  0.0002402 secs
Reason for GC : Allocation Failure
PSYoungGen: 579K->32K(1536K)
============================================================468==============================
Time stamp : 2021-06-18T16:02:50.836+0530: 0.546
Collection time and cpu usage : [Times: user=0.06 sys=0.00, real=0.00 secs] 
Time spent for gc :  0.0023636 secs
Type of GC : Full GC
Reason for GC : Ergonomics
PSYoungGen: 32K->0K(1536K)
ParOldGen: 3627K->1398K(4096K)
============================================================469==============================
Time stamp : 2021-06-18T16:02:50.839+0530: 0.549
Collection time and cpu usage : [Times: user=0.00 sys=0.00, real=0.00 secs] 
Time spent for gc :  0.0002305 secs
Reason for GC : Allocation Failure
PSYoungGen: 580K->32K(1536K)
============================================================470==============================
Time stamp : 2021-06-18T16:02:50.839+0530: 0.549
Collection time and cpu usage : [Times: user=0.00 sys=0.00, real=0.00 secs] 
Time spent for gc :  0.0023627 secs
Type of GC : Full GC
Reason for GC : Ergonomics
PSYoungGen: 32K->0K(1536K)
ParOldGen: 3634K->1400K(4096K)
============================================================471==============================
Time stamp : 2021-06-18T16:02:50.842+0530: 0.552
Collection time and cpu usage : [Times: user=0.00 sys=0.00, real=0.00 secs] 
Time spent for gc :  0.0002330 secs
Reason for GC : Allocation Failure
PSYoungGen: 581K->32K(1536K)
============================================================472==============================
Time stamp : 2021-06-18T16:02:50.842+0530: 0.552
Collection time and cpu usage : [Times: user=0.00 sys=0.00, real=0.00 secs] 
Time spent for gc :  0.0023408 secs
Type of GC : Full GC
Reason for GC : Ergonomics
PSYoungGen: 32K->0K(1536K)
ParOldGen: 3642K->1403K(4096K)
============================================================473==============================
Time stamp : 2021-06-18T16:02:50.845+0530: 0.555
Collection time and cpu usage : [Times: user=0.00 sys=0.00, real=0.00 secs] 
Time spent for gc :  0.0002316 secs
Reason for GC : Allocation Failure
PSYoungGen: 582K->32K(1536K)
============================================================474==============================
Time stamp : 2021-06-18T16:02:50.845+0530: 0.555
Collection time and cpu usage : [Times: user=0.00 sys=0.00, real=0.00 secs] 
Time spent for gc :  0.0023497 secs
Type of GC : Full GC
Reason for GC : Ergonomics
PSYoungGen: 32K->0K(1536K)
ParOldGen: 3649K->1405K(4096K)
============================================================475==============================
Time stamp : 2021-06-18T16:02:50.848+0530: 0.558
Collection time and cpu usage : [Times: user=0.00 sys=0.00, real=0.00 secs] 
Time spent for gc :  0.0002995 secs
Reason for GC : Allocation Failure
PSYoungGen: 583K->32K(1536K)
============================================================476==============================
Time stamp : 2021-06-18T16:02:50.848+0530: 0.558
Collection time and cpu usage : [Times: user=0.00 sys=0.00, real=0.00 secs] 
Time spent for gc :  0.0023611 secs
Type of GC : Full GC
Reason for GC : Ergonomics
PSYoungGen: 32K->0K(1536K)
ParOldGen: 3656K->1407K(4096K)
============================================================477==============================
Time stamp : 2021-06-18T16:02:50.851+0530: 0.561
Collection time and cpu usage : [Times: user=0.00 sys=0.00, real=0.00 secs] 
Time spent for gc :  0.0002288 secs
Reason for GC : Allocation Failure
PSYoungGen: 585K->32K(1536K)
============================================================478==============================
Time stamp : 2021-06-18T16:02:50.851+0530: 0.561
Collection time and cpu usage : [Times: user=0.00 sys=0.00, real=0.00 secs] 
Time spent for gc :  0.0023683 secs
Type of GC : Full GC
Reason for GC : Ergonomics
PSYoungGen: 32K->0K(1536K)
ParOldGen: 3664K->1410K(4096K)
============================================================479==============================
Time stamp : 2021-06-18T16:02:50.854+0530: 0.564
Collection time and cpu usage : [Times: user=0.00 sys=0.00, real=0.00 secs] 
Time spent for gc :  0.0002405 secs
Reason for GC : Allocation Failure
PSYoungGen: 586K->32K(1536K)
============================================================480==============================
Time stamp : 2021-06-18T16:02:50.854+0530: 0.564
Collection time and cpu usage : [Times: user=0.02 sys=0.00, real=0.00 secs] 
Time spent for gc :  0.0023414 secs
Type of GC : Full GC
Reason for GC : Ergonomics
PSYoungGen: 32K->0K(1536K)
ParOldGen: 3671K->1412K(4096K)
============================================================481==============================
Time stamp : 2021-06-18T16:02:50.857+0530: 0.567
Collection time and cpu usage : [Times: user=0.00 sys=0.00, real=0.00 secs] 
Time spent for gc :  0.0002361 secs
Reason for GC : Allocation Failure
PSYoungGen: 587K->32K(1536K)
============================================================482==============================
Time stamp : 2021-06-18T16:02:50.857+0530: 0.567
Collection time and cpu usage : [Times: user=0.00 sys=0.00, real=0.00 secs] 
Time spent for gc :  0.0023436 secs
Type of GC : Full GC
Reason for GC : Ergonomics
PSYoungGen: 32K->0K(1536K)
ParOldGen: 3678K->1415K(4096K)
============================================================483==============================
Time stamp : 2021-06-18T16:02:50.860+0530: 0.570
Collection time and cpu usage : [Times: user=0.00 sys=0.00, real=0.00 secs] 
Time spent for gc :  0.0002380 secs
Reason for GC : Allocation Failure
PSYoungGen: 588K->32K(1536K)
============================================================484==============================
Time stamp : 2021-06-18T16:02:50.860+0530: 0.570
Collection time and cpu usage : [Times: user=0.00 sys=0.00, real=0.00 secs] 
Time spent for gc :  0.0023555 secs
Type of GC : Full GC
Reason for GC : Ergonomics
PSYoungGen: 32K->0K(1536K)
ParOldGen: 3686K->1417K(4096K)
============================================================485==============================
Time stamp : 2021-06-18T16:02:50.863+0530: 0.573
Collection time and cpu usage : [Times: user=0.00 sys=0.00, real=0.00 secs] 
Time spent for gc :  0.0003760 secs
Reason for GC : Allocation Failure
PSYoungGen: 590K->32K(1536K)
============================================================486==============================
Time stamp : 2021-06-18T16:02:50.863+0530: 0.573
Collection time and cpu usage : [Times: user=0.00 sys=0.00, real=0.00 secs] 
Time spent for gc :  0.0023397 secs
Type of GC : Full GC
Reason for GC : Ergonomics
PSYoungGen: 32K->0K(1536K)
ParOldGen: 3693K->1420K(4096K)
============================================================487==============================
Time stamp : 2021-06-18T16:02:50.866+0530: 0.576
Collection time and cpu usage : [Times: user=0.00 sys=0.00, real=0.00 secs] 
Time spent for gc :  0.0002391 secs
Reason for GC : Allocation Failure
PSYoungGen: 591K->32K(1536K)
============================================================488==============================
Time stamp : 2021-06-18T16:02:50.866+0530: 0.576
Collection time and cpu usage : [Times: user=0.00 sys=0.00, real=0.00 secs] 
Time spent for gc :  0.0023528 secs
Type of GC : Full GC
Reason for GC : Ergonomics
PSYoungGen: 32K->0K(1536K)
ParOldGen: 3700K->1422K(4096K)
============================================================489==============================
Time stamp : 2021-06-18T16:02:50.869+0530: 0.579
Collection time and cpu usage : [Times: user=0.00 sys=0.00, real=0.00 secs] 
Time spent for gc :  0.0002352 secs
Reason for GC : Allocation Failure
PSYoungGen: 592K->32K(1536K)
============================================================490==============================
Time stamp : 2021-06-18T16:02:50.869+0530: 0.579
Collection time and cpu usage : [Times: user=0.02 sys=0.00, real=0.00 secs] 
Time spent for gc :  0.0023489 secs
Type of GC : Full GC
Reason for GC : Ergonomics
PSYoungGen: 32K->0K(1536K)
ParOldGen: 3707K->1424K(4096K)
============================================================491==============================
Time stamp : 2021-06-18T16:02:50.872+0530: 0.582
Collection time and cpu usage : [Times: user=0.00 sys=0.00, real=0.00 secs] 
Time spent for gc :  0.0002197 secs
Reason for GC : Allocation Failure
PSYoungGen: 593K->32K(1536K)
============================================================492==============================
Time stamp : 2021-06-18T16:02:50.872+0530: 0.582
Collection time and cpu usage : [Times: user=0.00 sys=0.00, real=0.00 secs] 
Time spent for gc :  0.0023650 secs
Type of GC : Full GC
Reason for GC : Ergonomics
PSYoungGen: 32K->0K(1536K)
ParOldGen: 3715K->1427K(4096K)
============================================================493==============================
Time stamp : 2021-06-18T16:02:50.875+0530: 0.585
Collection time and cpu usage : [Times: user=0.00 sys=0.00, real=0.00 secs] 
Time spent for gc :  0.0002330 secs
Reason for GC : Allocation Failure
PSYoungGen: 594K->32K(1536K)
============================================================494==============================
Time stamp : 2021-06-18T16:02:50.875+0530: 0.585
Collection time and cpu usage : [Times: user=0.00 sys=0.00, real=0.00 secs] 
Time spent for gc :  0.0023655 secs
Type of GC : Full GC
Reason for GC : Ergonomics
PSYoungGen: 32K->0K(1536K)
ParOldGen: 3722K->1429K(4096K)
============================================================495==============================
Time stamp : 2021-06-18T16:02:50.878+0530: 0.588
Collection time and cpu usage : [Times: user=0.00 sys=0.00, real=0.00 secs] 
Time spent for gc :  0.0003286 secs
Reason for GC : Allocation Failure
PSYoungGen: 596K->32K(1536K)
============================================================496==============================
Time stamp : 2021-06-18T16:02:50.878+0530: 0.588
Collection time and cpu usage : [Times: user=0.00 sys=0.00, real=0.00 secs] 
Time spent for gc :  0.0025932 secs
Type of GC : Full GC
Reason for GC : Ergonomics
PSYoungGen: 32K->0K(1536K)
ParOldGen: 3729K->1432K(4096K)
============================================================497==============================
Time stamp : 2021-06-18T16:02:50.881+0530: 0.591
Collection time and cpu usage : [Times: user=0.00 sys=0.00, real=0.00 secs] 
Time spent for gc :  0.0003466 secs
Reason for GC : Allocation Failure
PSYoungGen: 597K->32K(1536K)
============================================================498==============================
Time stamp : 2021-06-18T16:02:50.882+0530: 0.592
Collection time and cpu usage : [Times: user=0.00 sys=0.00, real=0.00 secs] 
Time spent for gc :  0.0028027 secs
Type of GC : Full GC
Reason for GC : Ergonomics
PSYoungGen: 32K->0K(1536K)
ParOldGen: 3737K->1434K(4096K)
============================================================499==============================
Time stamp : 2021-06-18T16:02:50.885+0530: 0.595
Collection time and cpu usage : [Times: user=0.02 sys=0.00, real=0.00 secs] 
Time spent for gc :  0.0004898 secs
Reason for GC : Allocation Failure
PSYoungGen: 598K->32K(1536K)
============================================================500==============================
Time stamp : 2021-06-18T16:02:50.886+0530: 0.596
Collection time and cpu usage : [Times: user=0.00 sys=0.00, real=0.00 secs] 
Time spent for gc :  0.0028149 secs
Type of GC : Full GC
Reason for GC : Ergonomics
PSYoungGen: 32K->0K(1536K)
ParOldGen: 3744K->1437K(4096K)
============================================================501==============================
Time stamp : 2021-06-18T16:02:50.889+0530: 0.599
Collection time and cpu usage : [Times: user=0.00 sys=0.00, real=0.00 secs] 
Time spent for gc :  0.0003959 secs
Reason for GC : Allocation Failure
PSYoungGen: 599K->32K(1536K)
============================================================502==============================
Time stamp : 2021-06-18T16:02:50.890+0530: 0.600
Collection time and cpu usage : [Times: user=0.00 sys=0.00, real=0.00 secs] 
Time spent for gc :  0.0027243 secs
Type of GC : Full GC
Reason for GC : Ergonomics
PSYoungGen: 32K->0K(1536K)
ParOldGen: 3751K->1439K(4096K)
============================================================503==============================
Time stamp : 2021-06-18T16:02:50.893+0530: 0.603
Collection time and cpu usage : [Times: user=0.00 sys=0.00, real=0.00 secs] 
Time spent for gc :  0.0003452 secs
Reason for GC : Allocation Failure
PSYoungGen: 600K->32K(1536K)
============================================================504==============================
Time stamp : 2021-06-18T16:02:50.893+0530: 0.603
Collection time and cpu usage : [Times: user=0.00 sys=0.00, real=0.00 secs] 
Time spent for gc :  0.0025844 secs
Type of GC : Full GC
Reason for GC : Ergonomics
PSYoungGen: 32K->0K(1536K)
ParOldGen: 3759K->1441K(4096K)
============================================================505==============================
Time stamp : 2021-06-18T16:02:50.897+0530: 0.606
Collection time and cpu usage : [Times: user=0.00 sys=0.00, real=0.00 secs] 
Time spent for gc :  0.0003524 secs
Reason for GC : Allocation Failure
PSYoungGen: 602K->32K(1536K)
============================================================506==============================
Time stamp : 2021-06-18T16:02:50.897+0530: 0.607
Collection time and cpu usage : [Times: user=0.00 sys=0.00, real=0.00 secs] 
Time spent for gc :  0.0027143 secs
Type of GC : Full GC
Reason for GC : Ergonomics
PSYoungGen: 32K->0K(1536K)
ParOldGen: 3766K->1444K(4096K)
============================================================507==============================
Time stamp : 2021-06-18T16:02:50.900+0530: 0.610
Collection time and cpu usage : [Times: user=0.00 sys=0.00, real=0.00 secs] 
Time spent for gc :  0.0003602 secs
Reason for GC : Allocation Failure
PSYoungGen: 603K->32K(1536K)
============================================================508==============================
Time stamp : 2021-06-18T16:02:50.901+0530: 0.611
Collection time and cpu usage : [Times: user=0.01 sys=0.00, real=0.00 secs] 
Time spent for gc :  0.0027581 secs
Type of GC : Full GC
Reason for GC : Ergonomics
PSYoungGen: 32K->0K(1536K)
ParOldGen: 3773K->1446K(4096K)
============================================================509==============================
Time stamp : 2021-06-18T16:02:50.905+0530: 0.614
Collection time and cpu usage : [Times: user=0.00 sys=0.00, real=0.00 secs] 
Time spent for gc :  0.0002904 secs
Reason for GC : Allocation Failure
PSYoungGen: 604K->32K(1536K)
============================================================510==============================
Time stamp : 2021-06-18T16:02:50.905+0530: 0.614
Collection time and cpu usage : [Times: user=0.00 sys=0.00, real=0.00 secs] 
Time spent for gc :  0.0026592 secs
Type of GC : Full GC
Reason for GC : Ergonomics
PSYoungGen: 32K->0K(1536K)
ParOldGen: 3780K->1449K(4096K)
============================================================511==============================
Time stamp : 2021-06-18T16:02:50.908+0530: 0.617
Collection time and cpu usage : [Times: user=0.00 sys=0.00, real=0.00 secs] 
Time spent for gc :  0.0003247 secs
Reason for GC : Allocation Failure
PSYoungGen: 605K->32K(1536K)
============================================================512==============================
Time stamp : 2021-06-18T16:02:50.909+0530: 0.618
Collection time and cpu usage : [Times: user=0.00 sys=0.00, real=0.00 secs] 
Time spent for gc :  0.0028332 secs
Type of GC : Full GC
Reason for GC : Ergonomics
PSYoungGen: 32K->0K(1536K)
ParOldGen: 3788K->1451K(4096K)
============================================================513==============================
Time stamp : 2021-06-18T16:02:50.912+0530: 0.621
Collection time and cpu usage : [Times: user=0.00 sys=0.00, real=0.00 secs] 
Time spent for gc :  0.0003646 secs
Reason for GC : Allocation Failure
PSYoungGen: 607K->32K(1536K)
============================================================514==============================
Time stamp : 2021-06-18T16:02:50.913+0530: 0.621
Collection time and cpu usage : [Times: user=0.00 sys=0.00, real=0.00 secs] 
Time spent for gc :  0.0029728 secs
Type of GC : Full GC
Reason for GC : Ergonomics
PSYoungGen: 32K->0K(1536K)
ParOldGen: 3795K->1454K(4096K)
============================================================515==============================
Time stamp : 2021-06-18T16:02:50.916+0530: 0.625
Collection time and cpu usage : [Times: user=0.00 sys=0.00, real=0.00 secs] 
Time spent for gc :  0.0004039 secs
Reason for GC : Allocation Failure
PSYoungGen: 608K->32K(1536K)
============================================================516==============================
Time stamp : 2021-06-18T16:02:50.917+0530: 0.626
Collection time and cpu usage : [Times: user=0.02 sys=0.00, real=0.00 secs] 
Time spent for gc :  0.0028323 secs
Type of GC : Full GC
Reason for GC : Ergonomics
PSYoungGen: 32K->0K(1536K)
ParOldGen: 3802K->1456K(4096K)
============================================================517==============================
Time stamp : 2021-06-18T16:02:50.920+0530: 0.629
Collection time and cpu usage : [Times: user=0.00 sys=0.00, real=0.00 secs] 
Time spent for gc :  0.0003580 secs
Reason for GC : Allocation Failure
PSYoungGen: 609K->32K(1536K)
============================================================518==============================
Time stamp : 2021-06-18T16:02:50.921+0530: 0.630
Collection time and cpu usage : [Times: user=0.00 sys=0.00, real=0.00 secs] 
Time spent for gc :  0.0024797 secs
Type of GC : Full GC
Reason for GC : Ergonomics
PSYoungGen: 32K->0K(1536K)
ParOldGen: 3810K->1459K(4096K)
============================================================519==============================
Time stamp : 2021-06-18T16:02:50.924+0530: 0.633
Collection time and cpu usage : [Times: user=0.00 sys=0.00, real=0.00 secs] 
Time spent for gc :  0.0003178 secs
Reason for GC : Allocation Failure
PSYoungGen: 610K->32K(1536K)
============================================================520==============================
Time stamp : 2021-06-18T16:02:50.924+0530: 0.633
Collection time and cpu usage : [Times: user=0.00 sys=0.00, real=0.00 secs] 
Time spent for gc :  0.0024096 secs
Type of GC : Full GC
Reason for GC : Ergonomics
PSYoungGen: 32K->0K(1536K)
ParOldGen: 3817K->1461K(4096K)
============================================================521==============================
Time stamp : 2021-06-18T16:02:50.927+0530: 0.636
Collection time and cpu usage : [Times: user=0.00 sys=0.00, real=0.00 secs] 
Time spent for gc :  0.0003037 secs
Reason for GC : Allocation Failure
PSYoungGen: 611K->32K(1536K)
============================================================522==============================
Time stamp : 2021-06-18T16:02:50.927+0530: 0.636
Collection time and cpu usage : [Times: user=0.00 sys=0.00, real=0.00 secs] 
Time spent for gc :  0.0027600 secs
Type of GC : Full GC
Reason for GC : Ergonomics
PSYoungGen: 32K->0K(1536K)
ParOldGen: 3824K->1463K(4096K)
============================================================523==============================
Time stamp : 2021-06-18T16:02:50.931+0530: 0.640
Collection time and cpu usage : [Times: user=0.00 sys=0.00, real=0.00 secs] 
Time spent for gc :  0.0003283 secs
Reason for GC : Allocation Failure
PSYoungGen: 613K->32K(1536K)
============================================================524==============================
Time stamp : 2021-06-18T16:02:50.931+0530: 0.640
Collection time and cpu usage : [Times: user=0.05 sys=0.00, real=0.00 secs] 
Time spent for gc :  0.0026536 secs
Type of GC : Full GC
Reason for GC : Ergonomics
PSYoungGen: 32K->0K(1536K)
ParOldGen: 3832K->1466K(4096K)
============================================================525==============================
Time stamp : 2021-06-18T16:02:50.934+0530: 0.643
Collection time and cpu usage : [Times: user=0.00 sys=0.00, real=0.00 secs] 
Time spent for gc :  0.0003330 secs
Reason for GC : Allocation Failure
PSYoungGen: 614K->32K(1536K)
============================================================526==============================
Time stamp : 2021-06-18T16:02:50.935+0530: 0.644
Collection time and cpu usage : [Times: user=0.00 sys=0.00, real=0.00 secs] 
Time spent for gc :  0.0024664 secs
Type of GC : Full GC
Reason for GC : Ergonomics
PSYoungGen: 32K->0K(1536K)
ParOldGen: 3839K->1468K(4096K)
============================================================527==============================
Time stamp : 2021-06-18T16:02:50.938+0530: 0.647
Collection time and cpu usage : [Times: user=0.00 sys=0.00, real=0.00 secs] 
Time spent for gc :  0.0002275 secs
Reason for GC : Allocation Failure
PSYoungGen: 615K->32K(1536K)
============================================================528==============================
Time stamp : 2021-06-18T16:02:50.938+0530: 0.647
Collection time and cpu usage : [Times: user=0.00 sys=0.00, real=0.00 secs] 
Time spent for gc :  0.0023819 secs
Type of GC : Full GC
Reason for GC : Ergonomics
PSYoungGen: 32K->0K(1536K)
ParOldGen: 3846K->1471K(4096K)
============================================================529==============================
Time stamp : 2021-06-18T16:02:50.941+0530: 0.650
Collection time and cpu usage : [Times: user=0.00 sys=0.00, real=0.00 secs] 
Time spent for gc :  0.0002488 secs
Reason for GC : Allocation Failure
PSYoungGen: 616K->32K(1536K)
============================================================530==============================
Time stamp : 2021-06-18T16:02:50.941+0530: 0.650
Collection time and cpu usage : [Times: user=0.00 sys=0.00, real=0.00 secs] 
Time spent for gc :  0.0023431 secs
Type of GC : Full GC
Reason for GC : Ergonomics
PSYoungGen: 32K->0K(1536K)
ParOldGen: 3853K->1473K(4096K)
============================================================531==============================
Time stamp : 2021-06-18T16:02:50.943+0530: 0.652
Collection time and cpu usage : [Times: user=0.00 sys=0.00, real=0.00 secs] 
Time spent for gc :  0.0002496 secs
Reason for GC : Allocation Failure
PSYoungGen: 618K->32K(1536K)
============================================================532==============================
Time stamp : 2021-06-18T16:02:50.944+0530: 0.653
Collection time and cpu usage : [Times: user=0.00 sys=0.00, real=0.00 secs] 
Time spent for gc :  0.0023170 secs
Type of GC : Full GC
Reason for GC : Ergonomics
PSYoungGen: 32K->0K(1536K)
ParOldGen: 3861K->1476K(4096K)
============================================================533==============================
Time stamp : 2021-06-18T16:02:50.946+0530: 0.655
Collection time and cpu usage : [Times: user=0.00 sys=0.00, real=0.00 secs] 
Time spent for gc :  0.0002477 secs
Reason for GC : Allocation Failure
PSYoungGen: 619K->32K(1536K)
============================================================534==============================
Time stamp : 2021-06-18T16:02:50.947+0530: 0.656
Collection time and cpu usage : [Times: user=0.06 sys=0.00, real=0.00 secs] 
Time spent for gc :  0.0023303 secs
Type of GC : Full GC
Reason for GC : Ergonomics
PSYoungGen: 32K->0K(1536K)
ParOldGen: 3868K->1478K(4096K)
============================================================535==============================
Time stamp : 2021-06-18T16:02:50.949+0530: 0.658
Collection time and cpu usage : [Times: user=0.00 sys=0.00, real=0.00 secs] 
Time spent for gc :  0.0002441 secs
Reason for GC : Allocation Failure
PSYoungGen: 620K->32K(1536K)
============================================================536==============================
Time stamp : 2021-06-18T16:02:50.950+0530: 0.659
Collection time and cpu usage : [Times: user=0.00 sys=0.00, real=0.00 secs] 
Time spent for gc :  0.0023325 secs
Type of GC : Full GC
Reason for GC : Ergonomics
PSYoungGen: 32K->0K(1536K)
ParOldGen: 3875K->1480K(4096K)
============================================================537==============================
Time stamp : 2021-06-18T16:02:50.952+0530: 0.661
Collection time and cpu usage : [Times: user=0.00 sys=0.00, real=0.00 secs] 
Time spent for gc :  0.0002848 secs
Reason for GC : Allocation Failure
PSYoungGen: 621K->32K(1536K)
============================================================538==============================
Time stamp : 2021-06-18T16:02:50.953+0530: 0.662
Collection time and cpu usage : [Times: user=0.00 sys=0.00, real=0.00 secs] 
Time spent for gc :  0.0023694 secs
Type of GC : Full GC
Reason for GC : Ergonomics
PSYoungGen: 32K->0K(1536K)
ParOldGen: 3883K->1483K(4096K)
============================================================539==============================
Time stamp : 2021-06-18T16:02:50.955+0530: 0.664
Collection time and cpu usage : [Times: user=0.00 sys=0.00, real=0.00 secs] 
Time spent for gc :  0.0002593 secs
Reason for GC : Allocation Failure
PSYoungGen: 622K->32K(1536K)
============================================================540==============================
Time stamp : 2021-06-18T16:02:50.956+0530: 0.665
Collection time and cpu usage : [Times: user=0.00 sys=0.00, real=0.00 secs] 
Time spent for gc :  0.0023638 secs
Type of GC : Full GC
Reason for GC : Ergonomics
PSYoungGen: 32K->0K(1536K)
ParOldGen: 3890K->1485K(4096K)
============================================================541==============================
Time stamp : 2021-06-18T16:02:50.958+0530: 0.667
Collection time and cpu usage : [Times: user=0.00 sys=0.00, real=0.00 secs] 
Time spent for gc :  0.0002427 secs
Reason for GC : Allocation Failure
PSYoungGen: 624K->32K(1536K)
============================================================542==============================
Time stamp : 2021-06-18T16:02:50.959+0530: 0.668
Collection time and cpu usage : [Times: user=0.00 sys=0.00, real=0.00 secs] 
Time spent for gc :  0.0023641 secs
Type of GC : Full GC
Reason for GC : Ergonomics
PSYoungGen: 32K->0K(1536K)
ParOldGen: 3897K->1488K(4096K)
============================================================543==============================
Time stamp : 2021-06-18T16:02:50.961+0530: 0.670
Collection time and cpu usage : [Times: user=0.00 sys=0.00, real=0.00 secs] 
Time spent for gc :  0.0002585 secs
Reason for GC : Allocation Failure
PSYoungGen: 625K->32K(1536K)
============================================================544==============================
Time stamp : 2021-06-18T16:02:50.962+0530: 0.671
Collection time and cpu usage : [Times: user=0.00 sys=0.00, real=0.00 secs] 
Time spent for gc :  0.0025486 secs
Type of GC : Full GC
Reason for GC : Ergonomics
PSYoungGen: 32K->0K(1536K)
ParOldGen: 3905K->1490K(4096K)
============================================================545==============================
Time stamp : 2021-06-18T16:02:50.965+0530: 0.674
Collection time and cpu usage : [Times: user=0.00 sys=0.00, real=0.00 secs] 
Time spent for gc :  0.0002469 secs
Reason for GC : Allocation Failure
PSYoungGen: 626K->32K(1536K)
============================================================546==============================
Time stamp : 2021-06-18T16:02:50.965+0530: 0.674
Collection time and cpu usage : [Times: user=0.00 sys=0.00, real=0.00 secs] 
Time spent for gc :  0.0023666 secs
Type of GC : Full GC
Reason for GC : Ergonomics
PSYoungGen: 32K->0K(1536K)
ParOldGen: 3912K->1493K(4096K)
============================================================547==============================
Time stamp : 2021-06-18T16:02:50.968+0530: 0.677
Collection time and cpu usage : [Times: user=0.00 sys=0.00, real=0.00 secs] 
Time spent for gc :  0.0002471 secs
Reason for GC : Allocation Failure
PSYoungGen: 627K->32K(1536K)
============================================================548==============================
Time stamp : 2021-06-18T16:02:50.968+0530: 0.677
Collection time and cpu usage : [Times: user=0.00 sys=0.00, real=0.00 secs] 
Time spent for gc :  0.0023572 secs
Type of GC : Full GC
Reason for GC : Ergonomics
PSYoungGen: 32K->0K(1536K)
ParOldGen: 3919K->1495K(4096K)
============================================================549==============================
Time stamp : 2021-06-18T16:02:50.971+0530: 0.680
Collection time and cpu usage : [Times: user=0.00 sys=0.00, real=0.00 secs] 
Time spent for gc :  0.0002444 secs
Reason for GC : Allocation Failure
PSYoungGen: 628K->32K(1536K)
============================================================550==============================
Time stamp : 2021-06-18T16:02:50.971+0530: 0.680
Collection time and cpu usage : [Times: user=0.00 sys=0.00, real=0.00 secs] 
Time spent for gc :  0.0023467 secs
Type of GC : Full GC
Reason for GC : Ergonomics
PSYoungGen: 32K->0K(1536K)
ParOldGen: 3926K->1497K(4096K)
============================================================551==============================
Time stamp : 2021-06-18T16:02:50.974+0530: 0.683
Collection time and cpu usage : [Times: user=0.00 sys=0.00, real=0.00 secs] 
Time spent for gc :  0.0002507 secs
Reason for GC : Allocation Failure
PSYoungGen: 630K->32K(1536K)
============================================================552==============================
Time stamp : 2021-06-18T16:02:50.974+0530: 0.683
Collection time and cpu usage : [Times: user=0.00 sys=0.00, real=0.00 secs] 
Time spent for gc :  0.0023982 secs
Type of GC : Full GC
Reason for GC : Ergonomics
PSYoungGen: 32K->0K(1536K)
ParOldGen: 3934K->1500K(4096K)
============================================================553==============================
Time stamp : 2021-06-18T16:02:50.977+0530: 0.686
Collection time and cpu usage : [Times: user=0.00 sys=0.00, real=0.00 secs] 
Time spent for gc :  0.0002430 secs
Reason for GC : Allocation Failure
PSYoungGen: 631K->32K(1536K)
============================================================554==============================
Time stamp : 2021-06-18T16:02:50.977+0530: 0.686
Collection time and cpu usage : [Times: user=0.00 sys=0.00, real=0.00 secs] 
Time spent for gc :  0.0023602 secs
Type of GC : Full GC
Reason for GC : Ergonomics
PSYoungGen: 32K->0K(1536K)
ParOldGen: 3941K->1502K(4096K)
============================================================555==============================
Time stamp : 2021-06-18T16:02:50.980+0530: 0.689
Collection time and cpu usage : [Times: user=0.00 sys=0.00, real=0.00 secs] 
Time spent for gc :  0.0002463 secs
Reason for GC : Allocation Failure
PSYoungGen: 632K->32K(1536K)
============================================================556==============================
Time stamp : 2021-06-18T16:02:50.980+0530: 0.689
Collection time and cpu usage : [Times: user=0.01 sys=0.00, real=0.00 secs] 
Time spent for gc :  0.0023638 secs
Type of GC : Full GC
Reason for GC : Ergonomics
PSYoungGen: 32K->0K(1536K)
ParOldGen: 3948K->1505K(4096K)
============================================================557==============================
Time stamp : 2021-06-18T16:02:50.983+0530: 0.692
Collection time and cpu usage : [Times: user=0.00 sys=0.00, real=0.00 secs] 
Time spent for gc :  0.0002516 secs
Reason for GC : Allocation Failure
PSYoungGen: 633K->32K(1536K)
============================================================558==============================
Time stamp : 2021-06-18T16:02:50.983+0530: 0.692
Collection time and cpu usage : [Times: user=0.00 sys=0.00, real=0.00 secs] 
Time spent for gc :  0.0023686 secs
Type of GC : Full GC
Reason for GC : Ergonomics
PSYoungGen: 32K->0K(1536K)
ParOldGen: 3956K->1507K(4096K)
============================================================559==============================
Time stamp : 2021-06-18T16:02:50.986+0530: 0.695
Collection time and cpu usage : [Times: user=0.00 sys=0.00, real=0.00 secs] 
Time spent for gc :  0.0002383 secs
Reason for GC : Allocation Failure
PSYoungGen: 635K->32K(1536K)
============================================================560==============================
Time stamp : 2021-06-18T16:02:50.986+0530: 0.695
Collection time and cpu usage : [Times: user=0.00 sys=0.00, real=0.00 secs] 
Time spent for gc :  0.0023819 secs
Type of GC : Full GC
Reason for GC : Ergonomics
PSYoungGen: 32K->0K(1536K)
ParOldGen: 3963K->1510K(4096K)
============================================================561==============================
Time stamp : 2021-06-18T16:02:50.989+0530: 0.698
Collection time and cpu usage : [Times: user=0.00 sys=0.00, real=0.00 secs] 
Time spent for gc :  0.0002480 secs
Reason for GC : Allocation Failure
PSYoungGen: 636K->32K(1536K)
============================================================562==============================
Time stamp : 2021-06-18T16:02:50.989+0530: 0.698
Collection time and cpu usage : [Times: user=0.00 sys=0.00, real=0.00 secs] 
Time spent for gc :  0.0023422 secs
Type of GC : Full GC
Reason for GC : Ergonomics
PSYoungGen: 32K->0K(1536K)
ParOldGen: 3970K->1512K(4096K)
============================================================563==============================
Time stamp : 2021-06-18T16:02:50.992+0530: 0.701
Collection time and cpu usage : [Times: user=0.00 sys=0.00, real=0.00 secs] 
Time spent for gc :  0.0002469 secs
Reason for GC : Allocation Failure
PSYoungGen: 637K->32K(1536K)
============================================================564==============================
Time stamp : 2021-06-18T16:02:50.992+0530: 0.701
Collection time and cpu usage : [Times: user=0.00 sys=0.00, real=0.00 secs] 
Time spent for gc :  0.0023735 secs
Type of GC : Full GC
Reason for GC : Ergonomics
PSYoungGen: 32K->0K(1536K)
ParOldGen: 3978K->1515K(4096K)
============================================================565==============================
Time stamp : 2021-06-18T16:02:50.995+0530: 0.704
Collection time and cpu usage : [Times: user=0.00 sys=0.00, real=0.00 secs] 
Time spent for gc :  0.0002568 secs
Reason for GC : Allocation Failure
PSYoungGen: 638K->32K(1536K)
============================================================566==============================
Time stamp : 2021-06-18T16:02:50.995+0530: 0.704
Collection time and cpu usage : [Times: user=0.02 sys=0.00, real=0.00 secs] 
Time spent for gc :  0.0023492 secs
Type of GC : Full GC
Reason for GC : Ergonomics
PSYoungGen: 32K->0K(1536K)
ParOldGen: 3985K->1517K(4096K)
============================================================567==============================
Time stamp : 2021-06-18T16:02:50.998+0530: 0.707
Collection time and cpu usage : [Times: user=0.00 sys=0.00, real=0.00 secs] 
Time spent for gc :  0.0002449 secs
Reason for GC : Allocation Failure
PSYoungGen: 639K->32K(1536K)
============================================================568==============================
Time stamp : 2021-06-18T16:02:50.998+0530: 0.707
Collection time and cpu usage : [Times: user=0.00 sys=0.00, real=0.00 secs] 
Time spent for gc :  0.0023422 secs
Type of GC : Full GC
Reason for GC : Ergonomics
PSYoungGen: 32K->0K(1536K)
ParOldGen: 3992K->1519K(4096K)
============================================================569==============================
Time stamp : 2021-06-18T16:02:51.001+0530: 0.710
Collection time and cpu usage : [Times: user=0.00 sys=0.00, real=0.00 secs] 
Time spent for gc :  0.0002530 secs
Reason for GC : Allocation Failure
PSYoungGen: 641K->32K(1536K)
============================================================570==============================
Time stamp : 2021-06-18T16:02:51.001+0530: 0.710
Collection time and cpu usage : [Times: user=0.00 sys=0.00, real=0.00 secs] 
Time spent for gc :  0.0023963 secs
Type of GC : Full GC
Reason for GC : Ergonomics
PSYoungGen: 32K->0K(1536K)
ParOldGen: 3999K->1522K(4096K)
============================================================571==============================
Time stamp : 2021-06-18T16:02:51.004+0530: 0.713
Collection time and cpu usage : [Times: user=0.00 sys=0.00, real=0.00 secs] 
Time spent for gc :  0.0002477 secs
Reason for GC : Allocation Failure
PSYoungGen: 642K->32K(1536K)
============================================================572==============================
Time stamp : 2021-06-18T16:02:51.004+0530: 0.713
Collection time and cpu usage : [Times: user=0.00 sys=0.00, real=0.00 secs] 
Time spent for gc :  0.0023539 secs
Type of GC : Full GC
Reason for GC : Ergonomics
PSYoungGen: 32K->0K(1536K)
ParOldGen: 4007K->1524K(4096K)
============================================================573==============================
Time stamp : 2021-06-18T16:02:51.007+0530: 0.716
Collection time and cpu usage : [Times: user=0.00 sys=0.00, real=0.00 secs] 
Time spent for gc :  0.0002374 secs
Reason for GC : Allocation Failure
PSYoungGen: 643K->32K(1536K)
============================================================574==============================
Time stamp : 2021-06-18T16:02:51.007+0530: 0.716
Collection time and cpu usage : [Times: user=0.00 sys=0.00, real=0.00 secs] 
Time spent for gc :  0.0023674 secs
Type of GC : Full GC
Reason for GC : Ergonomics
PSYoungGen: 32K->0K(1536K)
ParOldGen: 4014K->1527K(4096K)
============================================================575==============================
Time stamp : 2021-06-18T16:02:51.010+0530: 0.719
Collection time and cpu usage : [Times: user=0.00 sys=0.00, real=0.00 secs] 
Time spent for gc :  0.0002532 secs
Reason for GC : Allocation Failure
PSYoungGen: 644K->32K(1536K)
============================================================576==============================
Time stamp : 2021-06-18T16:02:51.010+0530: 0.719
Collection time and cpu usage : [Times: user=0.06 sys=0.00, real=0.00 secs] 
Time spent for gc :  0.0023600 secs
Type of GC : Full GC
Reason for GC : Ergonomics
PSYoungGen: 32K->0K(1536K)
ParOldGen: 4021K->1529K(4096K)
============================================================577==============================
Time stamp : 2021-06-18T16:02:51.013+0530: 0.722
Collection time and cpu usage : [Times: user=0.00 sys=0.00, real=0.00 secs] 
Time spent for gc :  0.0002491 secs
Reason for GC : Allocation Failure
PSYoungGen: 645K->32K(1536K)
============================================================578==============================
Time stamp : 2021-06-18T16:02:51.013+0530: 0.722
Collection time and cpu usage : [Times: user=0.00 sys=0.00, real=0.00 secs] 
Time spent for gc :  0.0023727 secs
Type of GC : Full GC
Reason for GC : Ergonomics
PSYoungGen: 32K->0K(1536K)
ParOldGen: 4029K->1532K(4096K)
============================================================579==============================
Time stamp : 2021-06-18T16:02:51.016+0530: 0.725
Collection time and cpu usage : [Times: user=0.00 sys=0.00, real=0.00 secs] 
Time spent for gc :  0.0003189 secs
Reason for GC : Allocation Failure
PSYoungGen: 647K->32K(1536K)
============================================================580==============================
Time stamp : 2021-06-18T16:02:51.016+0530: 0.725
Collection time and cpu usage : [Times: user=0.00 sys=0.00, real=0.00 secs] 
Time spent for gc :  0.0023710 secs
Type of GC : Full GC
Reason for GC : Ergonomics
PSYoungGen: 32K->0K(1536K)
ParOldGen: 4036K->1534K(4096K)
============================================================581==============================
Time stamp : 2021-06-18T16:02:51.019+0530: 0.728
Collection time and cpu usage : [Times: user=0.00 sys=0.00, real=0.00 secs] 
Time spent for gc :  0.0002574 secs
Reason for GC : Allocation Failure
PSYoungGen: 648K->32K(1536K)
============================================================582==============================
Time stamp : 2021-06-18T16:02:51.019+0530: 0.728
Collection time and cpu usage : [Times: user=0.00 sys=0.00, real=0.00 secs] 
Time spent for gc :  0.0023541 secs
Type of GC : Full GC
Reason for GC : Ergonomics
PSYoungGen: 32K->0K(1536K)
ParOldGen: 4043K->1536K(4096K)
============================================================583==============================
Time stamp : 2021-06-18T16:02:51.022+0530: 0.731
Collection time and cpu usage : [Times: user=0.00 sys=0.00, real=0.00 secs] 
Time spent for gc :  0.0002485 secs
Reason for GC : Allocation Failure
PSYoungGen: 649K->32K(1536K)
============================================================584==============================
Time stamp : 2021-06-18T16:02:51.022+0530: 0.731
Collection time and cpu usage : [Times: user=0.00 sys=0.00, real=0.00 secs] 
Time spent for gc :  0.0023400 secs
Type of GC : Full GC
Reason for GC : Ergonomics
PSYoungGen: 32K->0K(1536K)
ParOldGen: 4051K->1539K(4096K)
============================================================585==============================
Time stamp : 2021-06-18T16:02:51.025+0530: 0.734
Collection time and cpu usage : [Times: user=0.00 sys=0.00, real=0.00 secs] 
Time spent for gc :  0.0002438 secs
Reason for GC : Allocation Failure
PSYoungGen: 650K->32K(1536K)
============================================================586==============================
Time stamp : 2021-06-18T16:02:51.025+0530: 0.734
Collection time and cpu usage : [Times: user=0.06 sys=0.00, real=0.00 secs] 
Time spent for gc :  0.0023688 secs
Type of GC : Full GC
Reason for GC : Ergonomics
PSYoungGen: 32K->0K(1536K)
ParOldGen: 4058K->1541K(4096K)
============================================================587==============================
Time stamp : 2021-06-18T16:02:51.028+0530: 0.737
Collection time and cpu usage : [Times: user=0.00 sys=0.00, real=0.00 secs] 
Time spent for gc :  0.0002480 secs
Reason for GC : Allocation Failure
PSYoungGen: 652K->32K(1536K)
============================================================588==============================
Time stamp : 2021-06-18T16:02:51.028+0530: 0.737
Collection time and cpu usage : [Times: user=0.00 sys=0.00, real=0.00 secs] 
Time spent for gc :  0.0023674 secs
Type of GC : Full GC
Reason for GC : Ergonomics
PSYoungGen: 32K->0K(1536K)
ParOldGen: 4065K->1544K(4096K)
============================================================589==============================
Time stamp : 2021-06-18T16:02:51.031+0530: 0.740
Collection time and cpu usage : [Times: user=0.00 sys=0.00, real=0.00 secs] 
Time spent for gc :  0.0002535 secs
Reason for GC : Allocation Failure
PSYoungGen: 653K->32K(1536K)
============================================================590==============================
Time stamp : 2021-06-18T16:02:51.031+0530: 0.740
Collection time and cpu usage : [Times: user=0.00 sys=0.00, real=0.00 secs] 
Time spent for gc :  0.0024608 secs
Type of GC : Full GC
Reason for GC : Ergonomics
PSYoungGen: 32K->0K(1536K)
ParOldGen: 4072K->1546K(4096K)
============================================================591==============================
Time stamp : 2021-06-18T16:02:51.034+0530: 0.743
Collection time and cpu usage : [Times: user=0.00 sys=0.00, real=0.00 secs] 
Time spent for gc :  0.0024273 secs
Type of GC : Full GC
Reason for GC : Ergonomics
PSYoungGen: 654K->0K(1536K)
ParOldGen: 3446K->1549K(4096K)
============================================================592==============================
Time stamp : 2021-06-18T16:02:51.037+0530: 0.746
Collection time and cpu usage : [Times: user=0.00 sys=0.00, real=0.00 secs] 
Time spent for gc :  0.0024140 secs
Type of GC : Full GC
Reason for GC : Ergonomics
PSYoungGen: 655K->0K(1536K)
ParOldGen: 3452K->1551K(4096K)
============================================================593==============================
Time stamp : 2021-06-18T16:02:51.040+0530: 0.749
Collection time and cpu usage : [Times: user=0.00 sys=0.00, real=0.00 secs] 
Time spent for gc :  0.0023904 secs
Type of GC : Full GC
Reason for GC : Ergonomics
PSYoungGen: 656K->0K(1536K)
ParOldGen: 3458K->1553K(4096K)
============================================================594==============================
Time stamp : 2021-06-18T16:02:51.042+0530: 0.752
Collection time and cpu usage : [Times: user=0.05 sys=0.02, real=0.00 secs] 
Time spent for gc :  0.0023915 secs
Type of GC : Full GC
Reason for GC : Ergonomics
PSYoungGen: 658K->0K(1536K)
ParOldGen: 3464K->1556K(4096K)
============================================================595==============================
Time stamp : 2021-06-18T16:02:51.045+0530: 0.754
Collection time and cpu usage : [Times: user=0.00 sys=0.00, real=0.00 secs] 
Time spent for gc :  0.0024076 secs
Type of GC : Full GC
Reason for GC : Ergonomics
PSYoungGen: 659K->0K(1536K)
ParOldGen: 3470K->1558K(4096K)
============================================================596==============================
Time stamp : 2021-06-18T16:02:51.048+0530: 0.757
Collection time and cpu usage : [Times: user=0.00 sys=0.00, real=0.00 secs] 
Time spent for gc :  0.0024198 secs
Type of GC : Full GC
Reason for GC : Ergonomics
PSYoungGen: 660K->0K(1536K)
ParOldGen: 3476K->1561K(4096K)
============================================================597==============================
Time stamp : 2021-06-18T16:02:51.051+0530: 0.760
Collection time and cpu usage : [Times: user=0.00 sys=0.00, real=0.00 secs] 
Time spent for gc :  0.0024148 secs
Type of GC : Full GC
Reason for GC : Ergonomics
PSYoungGen: 661K->0K(1536K)
ParOldGen: 3482K->1563K(4096K)
============================================================598==============================
Time stamp : 2021-06-18T16:02:51.054+0530: 0.763
Collection time and cpu usage : [Times: user=0.00 sys=0.00, real=0.00 secs] 
Time spent for gc :  0.0024331 secs
Type of GC : Full GC
Reason for GC : Ergonomics
PSYoungGen: 663K->0K(1536K)
ParOldGen: 3488K->1566K(4096K)
============================================================599==============================
Time stamp : 2021-06-18T16:02:51.056+0530: 0.766
Collection time and cpu usage : [Times: user=0.06 sys=0.00, real=0.00 secs] 
Time spent for gc :  0.0023935 secs
Type of GC : Full GC
Reason for GC : Ergonomics
PSYoungGen: 664K->0K(1536K)
ParOldGen: 3494K->1568K(4096K)
============================================================600==============================
Time stamp : 2021-06-18T16:02:51.059+0530: 0.768
Collection time and cpu usage : [Times: user=0.00 sys=0.00, real=0.00 secs] 
Time spent for gc :  0.0023866 secs
Type of GC : Full GC
Reason for GC : Ergonomics
PSYoungGen: 665K->0K(1536K)
ParOldGen: 3501K->1570K(4096K)
============================================================601==============================
Time stamp : 2021-06-18T16:02:51.062+0530: 0.771
Collection time and cpu usage : [Times: user=0.00 sys=0.00, real=0.00 secs] 
Time spent for gc :  0.0024805 secs
Type of GC : Full GC
Reason for GC : Ergonomics
PSYoungGen: 666K->0K(1536K)
ParOldGen: 3507K->1573K(4096K)
============================================================602==============================
Time stamp : 2021-06-18T16:02:51.065+0530: 0.774
Collection time and cpu usage : [Times: user=0.00 sys=0.00, real=0.00 secs] 
Time spent for gc :  0.0023993 secs
Type of GC : Full GC
Reason for GC : Ergonomics
PSYoungGen: 667K->0K(1536K)
ParOldGen: 3513K->1575K(4096K)
============================================================603==============================
Time stamp : 2021-06-18T16:02:51.068+0530: 0.777
Collection time and cpu usage : [Times: user=0.00 sys=0.00, real=0.00 secs] 
Time spent for gc :  0.0024184 secs
Type of GC : Full GC
Reason for GC : Ergonomics
PSYoungGen: 669K->0K(1536K)
ParOldGen: 3519K->1578K(4096K)
============================================================604==============================
Time stamp : 2021-06-18T16:02:51.070+0530: 0.780
Collection time and cpu usage : [Times: user=0.00 sys=0.00, real=0.00 secs] 
Time spent for gc :  0.0024101 secs
Type of GC : Full GC
Reason for GC : Ergonomics
PSYoungGen: 670K->0K(1536K)
ParOldGen: 3525K->1580K(4096K)
============================================================605==============================
Time stamp : 2021-06-18T16:02:51.073+0530: 0.782
Collection time and cpu usage : [Times: user=0.02 sys=0.00, real=0.00 secs] 
Time spent for gc :  0.0024749 secs
Type of GC : Full GC
Reason for GC : Ergonomics
PSYoungGen: 671K->0K(1536K)
ParOldGen: 3531K->1583K(4096K)
============================================================606==============================
Time stamp : 2021-06-18T16:02:51.076+0530: 0.785
Collection time and cpu usage : [Times: user=0.00 sys=0.00, real=0.00 secs] 
Time spent for gc :  0.0024076 secs
Type of GC : Full GC
Reason for GC : Ergonomics
PSYoungGen: 672K->0K(1536K)
ParOldGen: 3537K->1585K(4096K)
============================================================607==============================
Time stamp : 2021-06-18T16:02:51.079+0530: 0.788
Collection time and cpu usage : [Times: user=0.00 sys=0.00, real=0.00 secs] 
Time spent for gc :  0.0024337 secs
Type of GC : Full GC
Reason for GC : Ergonomics
PSYoungGen: 673K->0K(1536K)
ParOldGen: 3543K->1588K(4096K)
============================================================608==============================
Time stamp : 2021-06-18T16:02:51.082+0530: 0.791
Collection time and cpu usage : [Times: user=0.00 sys=0.00, real=0.00 secs] 
Time spent for gc :  0.0024012 secs
Type of GC : Full GC
Reason for GC : Ergonomics
PSYoungGen: 675K->0K(1536K)
ParOldGen: 3549K->1590K(4096K)
============================================================609==============================
Time stamp : 2021-06-18T16:02:51.084+0530: 0.794
Collection time and cpu usage : [Times: user=0.00 sys=0.00, real=0.00 secs] 
Time spent for gc :  0.0023846 secs
Type of GC : Full GC
Reason for GC : Ergonomics
PSYoungGen: 676K->0K(1536K)
ParOldGen: 3555K->1592K(4096K)
============================================================610==============================
Time stamp : 2021-06-18T16:02:51.087+0530: 0.796
Collection time and cpu usage : [Times: user=0.00 sys=0.00, real=0.00 secs] 
Time spent for gc :  0.0024012 secs
Type of GC : Full GC
Reason for GC : Ergonomics
PSYoungGen: 677K->0K(1536K)
ParOldGen: 3561K->1595K(4096K)
============================================================611==============================
Time stamp : 2021-06-18T16:02:51.090+0530: 0.799
Collection time and cpu usage : [Times: user=0.00 sys=0.00, real=0.00 secs] 
Time spent for gc :  0.0024065 secs
Type of GC : Full GC
Reason for GC : Ergonomics
PSYoungGen: 678K->0K(1536K)
ParOldGen: 3567K->1597K(4096K)
============================================================612==============================
Time stamp : 2021-06-18T16:02:51.093+0530: 0.802
Collection time and cpu usage : [Times: user=0.00 sys=0.00, real=0.00 secs] 
Time spent for gc :  0.0024439 secs
Type of GC : Full GC
Reason for GC : Ergonomics
PSYoungGen: 680K->0K(1536K)
ParOldGen: 3574K->1600K(4096K)
============================================================613==============================
Time stamp : 2021-06-18T16:02:51.096+0530: 0.805
Collection time and cpu usage : [Times: user=0.00 sys=0.00, real=0.00 secs] 
Time spent for gc :  0.0024087 secs
Type of GC : Full GC
Reason for GC : Ergonomics
PSYoungGen: 681K->0K(1536K)
ParOldGen: 3580K->1602K(4096K)
============================================================614==============================
Time stamp : 2021-06-18T16:02:51.098+0530: 0.808
Collection time and cpu usage : [Times: user=0.00 sys=0.00, real=0.00 secs] 
Time spent for gc :  0.0024345 secs
Type of GC : Full GC
Reason for GC : Ergonomics
PSYoungGen: 682K->0K(1536K)
ParOldGen: 3586K->1605K(4096K)
============================================================615==============================
Time stamp : 2021-06-18T16:02:51.101+0530: 0.811
Collection time and cpu usage : [Times: user=0.00 sys=0.00, real=0.00 secs] 
Time spent for gc :  0.0024511 secs
Type of GC : Full GC
Reason for GC : Ergonomics
PSYoungGen: 683K->0K(1536K)
ParOldGen: 3592K->1607K(4096K)
============================================================616==============================
Time stamp : 2021-06-18T16:02:51.104+0530: 0.813
Collection time and cpu usage : [Times: user=0.02 sys=0.00, real=0.00 secs] 
Time spent for gc :  0.0024204 secs
Type of GC : Full GC
Reason for GC : Ergonomics
PSYoungGen: 684K->0K(1536K)
ParOldGen: 3598K->1609K(4096K)
============================================================617==============================
Time stamp : 2021-06-18T16:02:51.107+0530: 0.816
Collection time and cpu usage : [Times: user=0.00 sys=0.00, real=0.00 secs] 
Time spent for gc :  0.0024112 secs
Type of GC : Full GC
Reason for GC : Ergonomics
PSYoungGen: 686K->0K(1536K)
ParOldGen: 3604K->1612K(4096K)
============================================================618==============================
Time stamp : 2021-06-18T16:02:51.110+0530: 0.819
Collection time and cpu usage : [Times: user=0.00 sys=0.00, real=0.00 secs] 
Time spent for gc :  0.0023866 secs
Type of GC : Full GC
Reason for GC : Ergonomics
PSYoungGen: 687K->0K(1536K)
ParOldGen: 3610K->1614K(4096K)
============================================================619==============================
Time stamp : 2021-06-18T16:02:51.112+0530: 0.822
Collection time and cpu usage : [Times: user=0.00 sys=0.00, real=0.00 secs] 
Time spent for gc :  0.0024118 secs
Type of GC : Full GC
Reason for GC : Ergonomics
PSYoungGen: 688K->0K(1536K)
ParOldGen: 3616K->1617K(4096K)
============================================================620==============================
Time stamp : 2021-06-18T16:02:51.115+0530: 0.825
Collection time and cpu usage : [Times: user=0.00 sys=0.00, real=0.00 secs] 
Time spent for gc :  0.0024528 secs
Type of GC : Full GC
Reason for GC : Ergonomics
PSYoungGen: 689K->0K(1536K)
ParOldGen: 3622K->1619K(4096K)
============================================================621==============================
Time stamp : 2021-06-18T16:02:51.118+0530: 0.827
Collection time and cpu usage : [Times: user=0.00 sys=0.00, real=0.00 secs] 
Time spent for gc :  0.0024040 secs
Type of GC : Full GC
Reason for GC : Ergonomics
PSYoungGen: 691K->0K(1536K)
ParOldGen: 3628K->1622K(4096K)
============================================================622==============================
Time stamp : 2021-06-18T16:02:51.121+0530: 0.830
Collection time and cpu usage : [Times: user=0.00 sys=0.00, real=0.00 secs] 
Time spent for gc :  0.0024287 secs
Type of GC : Full GC
Reason for GC : Ergonomics
PSYoungGen: 692K->0K(1536K)
ParOldGen: 3634K->1624K(4096K)
============================================================623==============================
Time stamp : 2021-06-18T16:02:51.124+0530: 0.833
Collection time and cpu usage : [Times: user=0.00 sys=0.00, real=0.00 secs] 
Time spent for gc :  0.0024054 secs
Type of GC : Full GC
Reason for GC : Ergonomics
PSYoungGen: 693K->0K(1536K)
ParOldGen: 3640K->1626K(4096K)
============================================================624==============================
Time stamp : 2021-06-18T16:02:51.126+0530: 0.836
Collection time and cpu usage : [Times: user=0.00 sys=0.00, real=0.00 secs] 
Time spent for gc :  0.0024420 secs
Type of GC : Full GC
Reason for GC : Ergonomics
PSYoungGen: 694K->0K(1536K)
ParOldGen: 3647K->1629K(4096K)
============================================================625==============================
Time stamp : 2021-06-18T16:02:51.129+0530: 0.839
Collection time and cpu usage : [Times: user=0.00 sys=0.00, real=0.00 secs] 
Time spent for gc :  0.0023838 secs
Type of GC : Full GC
Reason for GC : Ergonomics
PSYoungGen: 695K->0K(1536K)
ParOldGen: 3653K->1631K(4096K)
============================================================626==============================
Time stamp : 2021-06-18T16:02:51.132+0530: 0.842
Collection time and cpu usage : [Times: user=0.00 sys=0.00, real=0.00 secs] 
Time spent for gc :  0.0024614 secs
Type of GC : Full GC
Reason for GC : Ergonomics
PSYoungGen: 697K->0K(1536K)
ParOldGen: 3659K->1634K(4096K)
============================================================627==============================
Time stamp : 2021-06-18T16:02:51.135+0530: 0.844
Collection time and cpu usage : [Times: user=0.02 sys=0.00, real=0.00 secs] 
Time spent for gc :  0.0024342 secs
Type of GC : Full GC
Reason for GC : Ergonomics
PSYoungGen: 698K->0K(1536K)
ParOldGen: 3665K->1636K(4096K)
============================================================628==============================
Time stamp : 2021-06-18T16:02:51.138+0530: 0.847
Collection time and cpu usage : [Times: user=0.00 sys=0.00, real=0.00 secs] 
Time spent for gc :  0.0023999 secs
Type of GC : Full GC
Reason for GC : Ergonomics
PSYoungGen: 699K->0K(1536K)
ParOldGen: 3671K->1639K(4096K)
============================================================629==============================
Time stamp : 2021-06-18T16:02:51.141+0530: 0.850
Collection time and cpu usage : [Times: user=0.00 sys=0.00, real=0.00 secs] 
Time spent for gc :  0.0024137 secs
Type of GC : Full GC
Reason for GC : Ergonomics
PSYoungGen: 700K->0K(1536K)
ParOldGen: 3677K->1641K(4096K)
============================================================630==============================
Time stamp : 2021-06-18T16:02:51.143+0530: 0.853
Collection time and cpu usage : [Times: user=0.00 sys=0.00, real=0.00 secs] 
Time spent for gc :  0.0023999 secs
Type of GC : Full GC
Reason for GC : Ergonomics
PSYoungGen: 701K->0K(1536K)
ParOldGen: 3683K->1643K(4096K)
============================================================631==============================
Time stamp : 2021-06-18T16:02:51.146+0530: 0.856
Collection time and cpu usage : [Times: user=0.00 sys=0.00, real=0.00 secs] 
Time spent for gc :  0.0024259 secs
Type of GC : Full GC
Reason for GC : Ergonomics
PSYoungGen: 703K->0K(1536K)
ParOldGen: 3689K->1646K(4096K)
============================================================632==============================
Time stamp : 2021-06-18T16:02:51.149+0530: 0.859
Collection time and cpu usage : [Times: user=0.00 sys=0.00, real=0.00 secs] 
Time spent for gc :  0.0024331 secs
Type of GC : Full GC
Reason for GC : Ergonomics
PSYoungGen: 704K->0K(1536K)
ParOldGen: 3695K->1648K(4096K)
============================================================633==============================
Time stamp : 2021-06-18T16:02:51.152+0530: 0.861
Collection time and cpu usage : [Times: user=0.00 sys=0.00, real=0.00 secs] 
Time spent for gc :  0.0024508 secs
Type of GC : Full GC
Reason for GC : Ergonomics
PSYoungGen: 705K->0K(1536K)
ParOldGen: 3701K->1651K(4096K)
============================================================634==============================
Time stamp : 2021-06-18T16:02:51.155+0530: 0.864
Collection time and cpu usage : [Times: user=0.00 sys=0.00, real=0.00 secs] 
Time spent for gc :  0.0024010 secs
Type of GC : Full GC
Reason for GC : Ergonomics
PSYoungGen: 706K->0K(1536K)
ParOldGen: 3707K->1653K(4096K)
============================================================635==============================
Time stamp : 2021-06-18T16:02:51.158+0530: 0.867
Collection time and cpu usage : [Times: user=0.00 sys=0.00, real=0.00 secs] 
Time spent for gc :  0.0024273 secs
Type of GC : Full GC
Reason for GC : Ergonomics
PSYoungGen: 708K->0K(1536K)
ParOldGen: 3713K->1656K(4096K)
============================================================636==============================
Time stamp : 2021-06-18T16:02:51.160+0530: 0.870
Collection time and cpu usage : [Times: user=0.00 sys=0.00, real=0.00 secs] 
Time spent for gc :  0.0024201 secs
Type of GC : Full GC
Reason for GC : Ergonomics
PSYoungGen: 709K->0K(1536K)
ParOldGen: 3720K->1658K(4096K)
============================================================637==============================
Time stamp : 2021-06-18T16:02:51.163+0530: 0.873
Collection time and cpu usage : [Times: user=0.00 sys=0.00, real=0.00 secs] 
Time spent for gc :  0.0024054 secs
Type of GC : Full GC
Reason for GC : Ergonomics
PSYoungGen: 710K->0K(1536K)
ParOldGen: 3726K->1661K(4096K)
============================================================638==============================
Time stamp : 2021-06-18T16:02:51.166+0530: 0.876
Collection time and cpu usage : [Times: user=0.06 sys=0.00, real=0.00 secs] 
Time spent for gc :  0.0023927 secs
Type of GC : Full GC
Reason for GC : Ergonomics
PSYoungGen: 711K->0K(1536K)
ParOldGen: 3732K->1663K(4096K)
============================================================639==============================
Time stamp : 2021-06-18T16:02:51.169+0530: 0.879
Collection time and cpu usage : [Times: user=0.00 sys=0.00, real=0.00 secs] 
Time spent for gc :  0.0024093 secs
Type of GC : Full GC
Reason for GC : Ergonomics
PSYoungGen: 712K->0K(1536K)
ParOldGen: 3738K->1665K(4096K)
============================================================640==============================
Time stamp : 2021-06-18T16:02:51.172+0530: 0.881
Collection time and cpu usage : [Times: user=0.00 sys=0.00, real=0.00 secs] 
Time spent for gc :  0.0024447 secs
Type of GC : Full GC
Reason for GC : Ergonomics
PSYoungGen: 714K->0K(1536K)
ParOldGen: 3744K->1668K(4096K)
============================================================641==============================
Time stamp : 2021-06-18T16:02:51.175+0530: 0.884
Collection time and cpu usage : [Times: user=0.00 sys=0.00, real=0.00 secs] 
Time spent for gc :  0.0024298 secs
Type of GC : Full GC
Reason for GC : Ergonomics
PSYoungGen: 715K->0K(1536K)
ParOldGen: 3750K->1670K(4096K)
============================================================642==============================
Time stamp : 2021-06-18T16:02:51.177+0530: 0.887
Collection time and cpu usage : [Times: user=0.00 sys=0.00, real=0.00 secs] 
Time spent for gc :  0.0024204 secs
Type of GC : Full GC
Reason for GC : Ergonomics
PSYoungGen: 716K->0K(1536K)
ParOldGen: 3756K->1673K(4096K)
============================================================643==============================
Time stamp : 2021-06-18T16:02:51.180+0530: 0.890
Collection time and cpu usage : [Times: user=0.06 sys=0.00, real=0.00 secs] 
Time spent for gc :  0.0024578 secs
Type of GC : Full GC
Reason for GC : Ergonomics
PSYoungGen: 717K->0K(1536K)
ParOldGen: 3762K->1675K(4096K)
============================================================644==============================
Time stamp : 2021-06-18T16:02:51.183+0530: 0.893
Collection time and cpu usage : [Times: user=0.00 sys=0.00, real=0.00 secs] 
Time spent for gc :  0.0023974 secs
Type of GC : Full GC
Reason for GC : Ergonomics
PSYoungGen: 718K->0K(1536K)
ParOldGen: 3768K->1678K(4096K)
============================================================645==============================
Time stamp : 2021-06-18T16:02:51.186+0530: 0.896
Collection time and cpu usage : [Times: user=0.00 sys=0.00, real=0.00 secs] 
Time spent for gc :  0.0024220 secs
Type of GC : Full GC
Reason for GC : Ergonomics
PSYoungGen: 720K->0K(1536K)
ParOldGen: 3774K->1680K(4096K)
============================================================646==============================
Time stamp : 2021-06-18T16:02:51.189+0530: 0.899
Collection time and cpu usage : [Times: user=0.00 sys=0.00, real=0.00 secs] 
Time spent for gc :  0.0024323 secs
Type of GC : Full GC
Reason for GC : Ergonomics
PSYoungGen: 721K->0K(1536K)
ParOldGen: 3780K->1682K(4096K)
============================================================647==============================
Time stamp : 2021-06-18T16:02:51.192+0530: 0.901
Collection time and cpu usage : [Times: user=0.00 sys=0.00, real=0.00 secs] 
Time spent for gc :  0.0024220 secs
Type of GC : Full GC
Reason for GC : Ergonomics
PSYoungGen: 722K->0K(1536K)
ParOldGen: 3786K->1685K(4096K)
============================================================648==============================
Time stamp : 2021-06-18T16:02:51.195+0530: 0.904
Collection time and cpu usage : [Times: user=0.00 sys=0.00, real=0.00 secs] 
Time spent for gc :  0.0024295 secs
Type of GC : Full GC
Reason for GC : Ergonomics
PSYoungGen: 723K->0K(1536K)
ParOldGen: 3793K->1687K(4096K)
============================================================649==============================
Time stamp : 2021-06-18T16:02:51.197+0530: 0.907
Collection time and cpu usage : [Times: user=0.06 sys=0.00, real=0.00 secs] 
Time spent for gc :  0.0024303 secs
Type of GC : Full GC
Reason for GC : Ergonomics
PSYoungGen: 725K->0K(1536K)
ParOldGen: 3799K->1690K(4096K)
============================================================650==============================
Time stamp : 2021-06-18T16:02:51.200+0530: 0.910
Collection time and cpu usage : [Times: user=0.00 sys=0.00, real=0.00 secs] 
Time spent for gc :  0.0023938 secs
Type of GC : Full GC
Reason for GC : Ergonomics
PSYoungGen: 726K->0K(1536K)
ParOldGen: 3805K->1692K(4096K)
============================================================651==============================
Time stamp : 2021-06-18T16:02:51.203+0530: 0.913
Collection time and cpu usage : [Times: user=0.00 sys=0.00, real=0.00 secs] 
Time spent for gc :  0.0024060 secs
Type of GC : Full GC
Reason for GC : Ergonomics
PSYoungGen: 727K->0K(1536K)
ParOldGen: 3811K->1695K(4096K)
============================================================652==============================
Time stamp : 2021-06-18T16:02:51.206+0530: 0.916
Collection time and cpu usage : [Times: user=0.00 sys=0.00, real=0.00 secs] 
Time spent for gc :  0.0024259 secs
Type of GC : Full GC
Reason for GC : Ergonomics
PSYoungGen: 728K->0K(1536K)
ParOldGen: 3817K->1697K(4096K)
============================================================653==============================
Time stamp : 2021-06-18T16:02:51.209+0530: 0.918
Collection time and cpu usage : [Times: user=0.00 sys=0.00, real=0.00 secs] 
Time spent for gc :  0.0024096 secs
Type of GC : Full GC
Reason for GC : Ergonomics
PSYoungGen: 729K->0K(1536K)
ParOldGen: 3823K->1699K(4096K)
============================================================654==============================
Time stamp : 2021-06-18T16:02:51.212+0530: 0.921
Collection time and cpu usage : [Times: user=0.06 sys=0.00, real=0.00 secs] 
Time spent for gc :  0.0024071 secs
Type of GC : Full GC
Reason for GC : Ergonomics
PSYoungGen: 731K->0K(1536K)
ParOldGen: 3829K->1702K(4096K)
============================================================655==============================
Time stamp : 2021-06-18T16:02:51.214+0530: 0.924
Collection time and cpu usage : [Times: user=0.00 sys=0.00, real=0.00 secs] 
Time spent for gc :  0.0024007 secs
Type of GC : Full GC
Reason for GC : Ergonomics
PSYoungGen: 732K->0K(1536K)
ParOldGen: 3835K->1704K(4096K)
============================================================656==============================
Time stamp : 2021-06-18T16:02:51.217+0530: 0.927
Collection time and cpu usage : [Times: user=0.00 sys=0.00, real=0.00 secs] 
Time spent for gc :  0.0023971 secs
Type of GC : Full GC
Reason for GC : Ergonomics
PSYoungGen: 733K->0K(1536K)
ParOldGen: 3841K->1707K(4096K)
============================================================657==============================
Time stamp : 2021-06-18T16:02:51.220+0530: 0.930
Collection time and cpu usage : [Times: user=0.00 sys=0.00, real=0.00 secs] 
Time spent for gc :  0.0024217 secs
Type of GC : Full GC
Reason for GC : Ergonomics
PSYoungGen: 734K->0K(1536K)
ParOldGen: 3847K->1709K(4096K)
============================================================658==============================
Time stamp : 2021-06-18T16:02:51.223+0530: 0.933
Collection time and cpu usage : [Times: user=0.00 sys=0.00, real=0.00 secs] 
Time spent for gc :  0.0024148 secs
Type of GC : Full GC
Reason for GC : Ergonomics
PSYoungGen: 736K->0K(1536K)
ParOldGen: 3853K->1712K(4096K)
============================================================659==============================
Time stamp : 2021-06-18T16:02:51.226+0530: 0.935
Collection time and cpu usage : [Times: user=0.00 sys=0.00, real=0.00 secs] 
Time spent for gc :  0.0024256 secs
Type of GC : Full GC
Reason for GC : Ergonomics
PSYoungGen: 737K->0K(1536K)
ParOldGen: 3859K->1714K(4096K)
============================================================660==============================
Time stamp : 2021-06-18T16:02:51.229+0530: 0.938
Collection time and cpu usage : [Times: user=0.02 sys=0.00, real=0.00 secs] 
Time spent for gc :  0.0024115 secs
Type of GC : Full GC
Reason for GC : Ergonomics
PSYoungGen: 738K->0K(1536K)
ParOldGen: 3866K->1716K(4096K)
============================================================661==============================
Time stamp : 2021-06-18T16:02:51.231+0530: 0.941
Collection time and cpu usage : [Times: user=0.00 sys=0.00, real=0.00 secs] 
Time spent for gc :  0.0024835 secs
Type of GC : Full GC
Reason for GC : Ergonomics
PSYoungGen: 739K->0K(1536K)
ParOldGen: 3872K->1719K(4096K)
============================================================662==============================
Time stamp : 2021-06-18T16:02:51.234+0530: 0.944
Collection time and cpu usage : [Times: user=0.00 sys=0.00, real=0.00 secs] 
Time spent for gc :  0.0024328 secs
Type of GC : Full GC
Reason for GC : Ergonomics
PSYoungGen: 740K->0K(1536K)
ParOldGen: 3878K->1721K(4096K)
============================================================663==============================
Time stamp : 2021-06-18T16:02:51.237+0530: 0.947
Collection time and cpu usage : [Times: user=0.00 sys=0.00, real=0.00 secs] 
Time spent for gc :  0.0024132 secs
Type of GC : Full GC
Reason for GC : Ergonomics
PSYoungGen: 742K->0K(1536K)
ParOldGen: 3884K->1724K(4096K)
============================================================664==============================
Time stamp : 2021-06-18T16:02:51.240+0530: 0.950
Collection time and cpu usage : [Times: user=0.00 sys=0.00, real=0.00 secs] 
Time spent for gc :  0.0024087 secs
Type of GC : Full GC
Reason for GC : Ergonomics
PSYoungGen: 743K->0K(1536K)
ParOldGen: 3890K->1726K(4096K)
============================================================665==============================
Time stamp : 2021-06-18T16:02:51.243+0530: 0.953
Collection time and cpu usage : [Times: user=0.00 sys=0.00, real=0.00 secs] 
Time spent for gc :  0.0023952 secs
Type of GC : Full GC
Reason for GC : Ergonomics
PSYoungGen: 744K->0K(1536K)
ParOldGen: 3896K->1729K(4096K)
============================================================666==============================
Time stamp : 2021-06-18T16:02:51.246+0530: 0.955
Collection time and cpu usage : [Times: user=0.00 sys=0.00, real=0.00 secs] 
Time spent for gc :  0.0024054 secs
Type of GC : Full GC
Reason for GC : Ergonomics
PSYoungGen: 745K->0K(1536K)
ParOldGen: 3902K->1731K(4096K)
============================================================667==============================
Time stamp : 2021-06-18T16:02:51.248+0530: 0.958
Collection time and cpu usage : [Times: user=0.00 sys=0.00, real=0.00 secs] 
Time spent for gc :  0.0024564 secs
Type of GC : Full GC
Reason for GC : Ergonomics
PSYoungGen: 746K->0K(1536K)
ParOldGen: 3908K->1734K(4096K)
============================================================668==============================
Time stamp : 2021-06-18T16:02:51.251+0530: 0.961
Collection time and cpu usage : [Times: user=0.00 sys=0.00, real=0.00 secs] 
Time spent for gc :  0.0024625 secs
Type of GC : Full GC
Reason for GC : Ergonomics
PSYoungGen: 748K->0K(1536K)
ParOldGen: 3914K->1736K(4096K)
============================================================669==============================
Time stamp : 2021-06-18T16:02:51.254+0530: 0.964
Collection time and cpu usage : [Times: user=0.00 sys=0.00, real=0.00 secs] 
Time spent for gc :  0.0024317 secs
Type of GC : Full GC
Reason for GC : Ergonomics
PSYoungGen: 749K->0K(1536K)
ParOldGen: 3920K->1738K(4096K)
============================================================670==============================
Time stamp : 2021-06-18T16:02:51.257+0530: 0.967
Collection time and cpu usage : [Times: user=0.00 sys=0.00, real=0.00 secs] 
Time spent for gc :  0.0024450 secs
Type of GC : Full GC
Reason for GC : Ergonomics
PSYoungGen: 750K->0K(1536K)
ParOldGen: 3926K->1741K(4096K)
============================================================671==============================
Time stamp : 2021-06-18T16:02:51.260+0530: 0.970
Collection time and cpu usage : [Times: user=0.02 sys=0.00, real=0.00 secs] 
Time spent for gc :  0.0024062 secs
Type of GC : Full GC
Reason for GC : Ergonomics
PSYoungGen: 751K->0K(1536K)
ParOldGen: 3932K->1743K(4096K)
============================================================672==============================
Time stamp : 2021-06-18T16:02:51.263+0530: 0.973
Collection time and cpu usage : [Times: user=0.00 sys=0.00, real=0.00 secs] 
Time spent for gc :  0.0024079 secs
Type of GC : Full GC
Reason for GC : Ergonomics
PSYoungGen: 753K->0K(1536K)
ParOldGen: 3939K->1746K(4096K)
============================================================673==============================
Time stamp : 2021-06-18T16:02:51.266+0530: 0.976
Collection time and cpu usage : [Times: user=0.00 sys=0.00, real=0.00 secs] 
Time spent for gc :  0.0024558 secs
Type of GC : Full GC
Reason for GC : Ergonomics
PSYoungGen: 754K->0K(1536K)
ParOldGen: 3945K->1748K(4096K)
============================================================674==============================
Time stamp : 2021-06-18T16:02:51.269+0530: 0.979
Collection time and cpu usage : [Times: user=0.00 sys=0.00, real=0.00 secs] 
Time spent for gc :  0.0024129 secs
Type of GC : Full GC
Reason for GC : Ergonomics
PSYoungGen: 755K->0K(1536K)
ParOldGen: 3951K->1751K(4096K)
============================================================675==============================
Time stamp : 2021-06-18T16:02:51.272+0530: 0.982
Collection time and cpu usage : [Times: user=0.00 sys=0.00, real=0.00 secs] 
Time spent for gc :  0.0024334 secs
Type of GC : Full GC
Reason for GC : Ergonomics
PSYoungGen: 756K->0K(1536K)
ParOldGen: 3957K->1753K(4096K)
============================================================676==============================
Time stamp : 2021-06-18T16:02:51.275+0530: 0.984
Collection time and cpu usage : [Times: user=0.06 sys=0.00, real=0.00 secs] 
Time spent for gc :  0.0024234 secs
Type of GC : Full GC
Reason for GC : Ergonomics
PSYoungGen: 757K->0K(1536K)
ParOldGen: 3963K->1755K(4096K)
============================================================677==============================
Time stamp : 2021-06-18T16:02:51.277+0530: 0.987
Collection time and cpu usage : [Times: user=0.00 sys=0.00, real=0.00 secs] 
Time spent for gc :  0.0024206 secs
Type of GC : Full GC
Reason for GC : Ergonomics
PSYoungGen: 759K->0K(1536K)
ParOldGen: 3969K->1758K(4096K)
============================================================678==============================
Time stamp : 2021-06-18T16:02:51.280+0530: 0.990
Collection time and cpu usage : [Times: user=0.00 sys=0.00, real=0.00 secs] 
Time spent for gc :  0.0025032 secs
Type of GC : Full GC
Reason for GC : Ergonomics
PSYoungGen: 760K->0K(1536K)
ParOldGen: 3975K->1760K(4096K)
============================================================679==============================
Time stamp : 2021-06-18T16:02:51.284+0530: 0.993
Collection time and cpu usage : [Times: user=0.00 sys=0.00, real=0.00 secs] 
Time spent for gc :  0.0024309 secs
Type of GC : Full GC
Reason for GC : Ergonomics
PSYoungGen: 761K->0K(1536K)
ParOldGen: 3981K->1763K(4096K)
============================================================680==============================
Time stamp : 2021-06-18T16:02:51.287+0530: 0.996
Collection time and cpu usage : [Times: user=0.00 sys=0.00, real=0.00 secs] 
Time spent for gc :  0.0024392 secs
Type of GC : Full GC
Reason for GC : Ergonomics
PSYoungGen: 762K->0K(1536K)
ParOldGen: 3987K->1765K(4096K)
============================================================681==============================
Time stamp : 2021-06-18T16:02:51.290+0530: 0.999
Collection time and cpu usage : [Times: user=0.00 sys=0.00, real=0.00 secs] 
Time spent for gc :  0.0024076 secs
Type of GC : Full GC
Reason for GC : Ergonomics
PSYoungGen: 764K->0K(1536K)
ParOldGen: 3993K->1768K(4096K)
============================================================682==============================
Time stamp : 2021-06-18T16:02:51.293+0530: 1.002
Collection time and cpu usage : [Times: user=0.00 sys=0.00, real=0.00 secs] 
Time spent for gc :  0.0025484 secs
Type of GC : Full GC
Reason for GC : Ergonomics
PSYoungGen: 765K->0K(1536K)
ParOldGen: 3999K->1770K(4096K)
============================================================683==============================
Time stamp : 2021-06-18T16:02:51.296+0530: 1.005
Collection time and cpu usage : [Times: user=0.00 sys=0.00, real=0.00 secs] 
Time spent for gc :  0.0027423 secs
Type of GC : Full GC
Reason for GC : Ergonomics
PSYoungGen: 766K->0K(1536K)
ParOldGen: 4005K->1772K(4096K)
============================================================684==============================
Time stamp : 2021-06-18T16:02:51.299+0530: 1.008
Collection time and cpu usage : [Times: user=0.00 sys=0.00, real=0.00 secs] 
Time spent for gc :  0.0025184 secs
Type of GC : Full GC
Reason for GC : Ergonomics
PSYoungGen: 767K->0K(1536K)
ParOldGen: 4012K->1775K(4096K)
============================================================685==============================
Time stamp : 2021-06-18T16:02:51.302+0530: 1.011
Collection time and cpu usage : [Times: user=0.00 sys=0.00, real=0.00 secs] 
Time spent for gc :  0.0024359 secs
Type of GC : Full GC
Reason for GC : Ergonomics
PSYoungGen: 768K->0K(1536K)
ParOldGen: 4018K->1777K(4096K)
============================================================686==============================
Time stamp : 2021-06-18T16:02:51.305+0530: 1.014
Collection time and cpu usage : [Times: user=0.00 sys=0.00, real=0.00 secs] 
Time spent for gc :  0.0024478 secs
Type of GC : Full GC
Reason for GC : Ergonomics
PSYoungGen: 770K->0K(1536K)
ParOldGen: 4024K->1780K(4096K)
============================================================687==============================
Time stamp : 2021-06-18T16:02:51.308+0530: 1.017
Collection time and cpu usage : [Times: user=0.02 sys=0.00, real=0.00 secs] 
Time spent for gc :  0.0024245 secs
Type of GC : Full GC
Reason for GC : Ergonomics
PSYoungGen: 771K->0K(1536K)
ParOldGen: 4030K->1782K(4096K)
============================================================688==============================
Time stamp : 2021-06-18T16:02:51.311+0530: 1.020
Collection time and cpu usage : [Times: user=0.00 sys=0.00, real=0.00 secs] 
Time spent for gc :  0.0024201 secs
Type of GC : Full GC
Reason for GC : Ergonomics
PSYoungGen: 772K->0K(1536K)
ParOldGen: 4036K->1785K(4096K)
============================================================689==============================
Time stamp : 2021-06-18T16:02:51.314+0530: 1.023
Collection time and cpu usage : [Times: user=0.00 sys=0.00, real=0.00 secs] 
Time spent for gc :  0.0024173 secs
Type of GC : Full GC
Reason for GC : Ergonomics
PSYoungGen: 773K->0K(1536K)
ParOldGen: 4042K->1787K(4096K)
============================================================690==============================
Time stamp : 2021-06-18T16:02:51.317+0530: 1.026
Collection time and cpu usage : [Times: user=0.00 sys=0.00, real=0.00 secs] 
Time spent for gc :  0.0024456 secs
Type of GC : Full GC
Reason for GC : Ergonomics
PSYoungGen: 774K->0K(1536K)
ParOldGen: 4048K->1789K(4096K)
============================================================691==============================
Time stamp : 2021-06-18T16:02:51.320+0530: 1.029
Collection time and cpu usage : [Times: user=0.00 sys=0.00, real=0.00 secs] 
Time spent for gc :  0.0024406 secs
Type of GC : Full GC
Reason for GC : Ergonomics
PSYoungGen: 776K->0K(1536K)
ParOldGen: 4054K->1792K(4096K)
============================================================692==============================
Time stamp : 2021-06-18T16:02:51.322+0530: 1.031
Collection time and cpu usage : [Times: user=0.01 sys=0.00, real=0.00 secs] 
Time spent for gc :  0.0024170 secs
Type of GC : Full GC
Reason for GC : Ergonomics
PSYoungGen: 777K->0K(1536K)
ParOldGen: 4060K->1794K(4096K)
============================================================693==============================
Time stamp : 2021-06-18T16:02:51.325+0530: 1.034
Collection time and cpu usage : [Times: user=0.00 sys=0.00, real=0.00 secs] 
Time spent for gc :  0.0023807 secs
Type of GC : Full GC
Reason for GC : Ergonomics
PSYoungGen: 778K->0K(1536K)
ParOldGen: 4066K->1797K(4096K)
============================================================694==============================
Time stamp : 2021-06-18T16:02:51.328+0530: 1.037
Collection time and cpu usage : [Times: user=0.00 sys=0.00, real=0.00 secs] 
Time spent for gc :  0.0024403 secs
Type of GC : Full GC
Reason for GC : Ergonomics
PSYoungGen: 779K->0K(1536K)
ParOldGen: 4072K->1799K(4096K)
============================================================695==============================
Time stamp : 2021-06-18T16:02:51.331+0530: 1.040
Collection time and cpu usage : [Times: user=0.00 sys=0.00, real=0.00 secs] 
Time spent for gc :  0.0024342 secs
Type of GC : Full GC
Reason for GC : Ergonomics
PSYoungGen: 781K->0K(1536K)
ParOldGen: 4078K->1802K(4096K)
============================================================696==============================
Time stamp : 2021-06-18T16:02:51.334+0530: 1.043
Collection time and cpu usage : [Times: user=0.00 sys=0.00, real=0.00 secs] 
Time spent for gc :  0.0023963 secs
Type of GC : Full GC
Reason for GC : Ergonomics
PSYoungGen: 782K->0K(1536K)
ParOldGen: 4085K->1804K(4096K)
============================================================697==============================
Time stamp : 2021-06-18T16:02:51.337+0530: 1.046
Collection time and cpu usage : [Times: user=0.00 sys=0.00, real=0.00 secs] 
Time spent for gc :  0.0024012 secs
Type of GC : Full GC
Reason for GC : Ergonomics
PSYoungGen: 783K->0K(1536K)
ParOldGen: 4091K->1807K(4096K)
============================================================698==============================
Time stamp : 2021-06-18T16:02:51.340+0530: 1.049
Collection time and cpu usage : [Times: user=0.00 sys=0.00, real=0.00 secs] 
Time spent for gc :  0.0030460 secs
Type of GC : Full GC
Reason for GC : Ergonomics
PSYoungGen: 784K->0K(1536K)
ParOldGen: 3333K->1045K(4096K)
============================================================699==============================
Time stamp : 2021-06-18T16:02:51.344+0530: 1.053
Collection time and cpu usage : [Times: user=0.00 sys=0.00, real=0.00 secs] 
Time spent for gc :  0.0025622 secs
Type of GC : Full GC
Reason for GC : Ergonomics
PSYoungGen: 784K->0K(1536K)
ParOldGen: 3339K->1046K(4096K)
============================================================700==============================
Time stamp : 2021-06-18T16:02:51.347+0530: 1.056
Collection time and cpu usage : [Times: user=0.00 sys=0.00, real=0.00 secs] 
Time spent for gc :  0.0024079 secs
Type of GC : Full GC
Reason for GC : Ergonomics
PSYoungGen: 785K->0K(1536K)
ParOldGen: 3344K->1047K(4096K)
============================================================701==============================
Time stamp : 2021-06-18T16:02:51.349+0530: 1.059
Collection time and cpu usage : [Times: user=0.00 sys=0.00, real=0.00 secs] 
Time spent for gc :  0.0024303 secs
Type of GC : Full GC
Reason for GC : Ergonomics
PSYoungGen: 787K->0K(1536K)
ParOldGen: 3348K->1048K(4096K)
============================================================702==============================
Time stamp : 2021-06-18T16:02:51.352+0530: 1.061
Collection time and cpu usage : [Times: user=0.00 sys=0.00, real=0.00 secs] 
Time spent for gc :  0.0024234 secs
Type of GC : Full GC
Reason for GC : Ergonomics
PSYoungGen: 788K->0K(1536K)
ParOldGen: 3353K->1050K(4096K)
============================================================703==============================
Time stamp : 2021-06-18T16:02:51.355+0530: 1.064
Collection time and cpu usage : [Times: user=0.02 sys=0.00, real=0.00 secs] 
Time spent for gc :  0.0024012 secs
Type of GC : Full GC
Reason for GC : Ergonomics
PSYoungGen: 789K->0K(1536K)
ParOldGen: 3358K->1051K(4096K)
============================================================704==============================
Time stamp : 2021-06-18T16:02:51.358+0530: 1.067
Collection time and cpu usage : [Times: user=0.00 sys=0.00, real=0.00 secs] 
Time spent for gc :  0.0024179 secs
Type of GC : Full GC
Reason for GC : Ergonomics
PSYoungGen: 790K->0K(1536K)
ParOldGen: 3363K->1052K(4096K)
============================================================705==============================
Time stamp : 2021-06-18T16:02:51.361+0530: 1.070
Collection time and cpu usage : [Times: user=0.00 sys=0.00, real=0.00 secs] 
Time spent for gc :  0.0024170 secs
Type of GC : Full GC
Reason for GC : Ergonomics
PSYoungGen: 792K->0K(1536K)
ParOldGen: 3368K->1053K(4096K)
============================================================706==============================
Time stamp : 2021-06-18T16:02:51.363+0530: 1.072
Collection time and cpu usage : [Times: user=0.00 sys=0.00, real=0.00 secs] 
Time spent for gc :  0.0023960 secs
Type of GC : Full GC
Reason for GC : Ergonomics
PSYoungGen: 793K->0K(1536K)
ParOldGen: 3373K->1055K(4096K)
============================================================707==============================
Time stamp : 2021-06-18T16:02:51.366+0530: 1.075
Collection time and cpu usage : [Times: user=0.00 sys=0.00, real=0.00 secs] 
Time spent for gc :  0.0024373 secs
Type of GC : Full GC
Reason for GC : Ergonomics
PSYoungGen: 794K->0K(1536K)
ParOldGen: 3378K->1056K(4096K)
============================================================708==============================
Time stamp : 2021-06-18T16:02:51.369+0530: 1.078
Collection time and cpu usage : [Times: user=0.06 sys=0.00, real=0.00 secs] 
Time spent for gc :  0.0023990 secs
Type of GC : Full GC
Reason for GC : Ergonomics
PSYoungGen: 795K->0K(1536K)
ParOldGen: 3382K->1057K(4096K)
============================================================709==============================
Time stamp : 2021-06-18T16:02:51.372+0530: 1.081
Collection time and cpu usage : [Times: user=0.00 sys=0.00, real=0.00 secs] 
Time spent for gc :  0.0023877 secs
Type of GC : Full GC
Reason for GC : Ergonomics
PSYoungGen: 796K->0K(1536K)
ParOldGen: 3387K->1058K(4096K)
============================================================710==============================
Time stamp : 2021-06-18T16:02:51.374+0530: 1.084
Collection time and cpu usage : [Times: user=0.00 sys=0.00, real=0.00 secs] 
Time spent for gc :  0.0024209 secs
Type of GC : Full GC
Reason for GC : Ergonomics
PSYoungGen: 798K->0K(1536K)
ParOldGen: 3392K->1059K(4096K)
============================================================711==============================
Time stamp : 2021-06-18T16:02:51.377+0530: 1.086
Collection time and cpu usage : [Times: user=0.00 sys=0.00, real=0.00 secs] 
Time spent for gc :  0.0024292 secs
Type of GC : Full GC
Reason for GC : Ergonomics
PSYoungGen: 799K->0K(1536K)
ParOldGen: 3397K->1061K(4096K)
============================================================712==============================
Time stamp : 2021-06-18T16:02:51.380+0530: 1.089
Collection time and cpu usage : [Times: user=0.00 sys=0.00, real=0.00 secs] 
Time spent for gc :  0.0024018 secs
Type of GC : Full GC
Reason for GC : Ergonomics
PSYoungGen: 800K->0K(1536K)
ParOldGen: 3402K->1062K(4096K)
============================================================713==============================
Time stamp : 2021-06-18T16:02:51.383+0530: 1.092
Collection time and cpu usage : [Times: user=0.00 sys=0.00, real=0.00 secs] 
Time spent for gc :  0.0023957 secs
Type of GC : Full GC
Reason for GC : Ergonomics
PSYoungGen: 801K->0K(1536K)
ParOldGen: 3407K->1063K(4096K)
============================================================714==============================
Time stamp : 2021-06-18T16:02:51.386+0530: 1.095
Collection time and cpu usage : [Times: user=0.02 sys=0.00, real=0.00 secs] 
Time spent for gc :  0.0023910 secs
Type of GC : Full GC
Reason for GC : Ergonomics
PSYoungGen: 802K->0K(1536K)
ParOldGen: 3412K->1064K(4096K)
============================================================715==============================
Time stamp : 2021-06-18T16:02:51.388+0530: 1.098
Collection time and cpu usage : [Times: user=0.00 sys=0.00, real=0.00 secs] 
Time spent for gc :  0.0024417 secs
Type of GC : Full GC
Reason for GC : Ergonomics
PSYoungGen: 804K->0K(1536K)
ParOldGen: 3417K->1065K(4096K)
============================================================716==============================
Time stamp : 2021-06-18T16:02:51.391+0530: 1.100
Collection time and cpu usage : [Times: user=0.00 sys=0.00, real=0.00 secs] 
Time spent for gc :  0.0024001 secs
Type of GC : Full GC
Reason for GC : Ergonomics
PSYoungGen: 805K->0K(1536K)
ParOldGen: 3421K->1067K(4096K)
============================================================717==============================
Time stamp : 2021-06-18T16:02:51.394+0530: 1.103
Collection time and cpu usage : [Times: user=0.00 sys=0.00, real=0.00 secs] 
Time spent for gc :  0.0024032 secs
Type of GC : Full GC
Reason for GC : Ergonomics
PSYoungGen: 806K->0K(1536K)
ParOldGen: 3426K->1068K(4096K)
============================================================718==============================
Time stamp : 2021-06-18T16:02:51.397+0530: 1.106
Collection time and cpu usage : [Times: user=0.00 sys=0.00, real=0.00 secs] 
Time spent for gc :  0.0023957 secs
Type of GC : Full GC
Reason for GC : Ergonomics
PSYoungGen: 807K->0K(1536K)
ParOldGen: 3431K->1069K(4096K)
============================================================719==============================
Time stamp : 2021-06-18T16:02:51.399+0530: 1.109
Collection time and cpu usage : [Times: user=0.06 sys=0.00, real=0.00 secs] 
Time spent for gc :  0.0024885 secs
Type of GC : Full GC
Reason for GC : Ergonomics
PSYoungGen: 809K->0K(1536K)
ParOldGen: 3436K->1070K(4096K)
============================================================720==============================
Time stamp : 2021-06-18T16:02:51.402+0530: 1.112
Collection time and cpu usage : [Times: user=0.00 sys=0.00, real=0.00 secs] 
Time spent for gc :  0.0024547 secs
Type of GC : Full GC
Reason for GC : Ergonomics
PSYoungGen: 810K->0K(1536K)
ParOldGen: 3441K->1072K(4096K)
============================================================721==============================
Time stamp : 2021-06-18T16:02:51.405+0530: 1.114
Collection time and cpu usage : [Times: user=0.00 sys=0.00, real=0.00 secs] 
Time spent for gc :  0.0023924 secs
Type of GC : Full GC
Reason for GC : Ergonomics
PSYoungGen: 811K->0K(1536K)
ParOldGen: 3446K->1073K(4096K)
============================================================722==============================
Time stamp : 2021-06-18T16:02:51.408+0530: 1.117
Collection time and cpu usage : [Times: user=0.00 sys=0.00, real=0.00 secs] 
Time spent for gc :  0.0024154 secs
Type of GC : Full GC
Reason for GC : Ergonomics
PSYoungGen: 812K->0K(1536K)
ParOldGen: 3451K->1074K(4096K)
============================================================723==============================
Time stamp : 2021-06-18T16:02:51.411+0530: 1.120
Collection time and cpu usage : [Times: user=0.00 sys=0.00, real=0.00 secs] 
Time spent for gc :  0.0023835 secs
Type of GC : Full GC
Reason for GC : Ergonomics
PSYoungGen: 813K->0K(1536K)
ParOldGen: 3455K->1075K(4096K)
============================================================724==============================
Time stamp : 2021-06-18T16:02:51.414+0530: 1.123
Collection time and cpu usage : [Times: user=0.00 sys=0.00, real=0.00 secs] 
Time spent for gc :  0.0024090 secs
Type of GC : Full GC
Reason for GC : Ergonomics
PSYoungGen: 815K->0K(1536K)
ParOldGen: 3460K->1076K(4096K)
============================================================725==============================
Time stamp : 2021-06-18T16:02:51.416+0530: 1.126
Collection time and cpu usage : [Times: user=0.06 sys=0.00, real=0.00 secs] 
Time spent for gc :  0.0024251 secs
Type of GC : Full GC
Reason for GC : Ergonomics
PSYoungGen: 816K->0K(1536K)
ParOldGen: 3465K->1078K(4096K)
============================================================726==============================
Time stamp : 2021-06-18T16:02:51.419+0530: 1.128
Collection time and cpu usage : [Times: user=0.00 sys=0.00, real=0.00 secs] 
Time spent for gc :  0.0024328 secs
Type of GC : Full GC
Reason for GC : Ergonomics
PSYoungGen: 817K->0K(1536K)
ParOldGen: 3470K->1079K(4096K)
============================================================727==============================
Time stamp : 2021-06-18T16:02:51.422+0530: 1.131
Collection time and cpu usage : [Times: user=0.00 sys=0.00, real=0.00 secs] 
Time spent for gc :  0.0024101 secs
Type of GC : Full GC
Reason for GC : Ergonomics
PSYoungGen: 818K->0K(1536K)
ParOldGen: 3475K->1080K(4096K)
============================================================728==============================
Time stamp : 2021-06-18T16:02:51.425+0530: 1.134
Collection time and cpu usage : [Times: user=0.00 sys=0.00, real=0.00 secs] 
Time spent for gc :  0.0024051 secs
Type of GC : Full GC
Reason for GC : Ergonomics
PSYoungGen: 819K->0K(1536K)
ParOldGen: 3480K->1081K(4096K)
============================================================729==============================
Time stamp : 2021-06-18T16:02:51.428+0530: 1.137
Collection time and cpu usage : [Times: user=0.00 sys=0.00, real=0.00 secs] 
Time spent for gc :  0.0023938 secs
Type of GC : Full GC
Reason for GC : Ergonomics
PSYoungGen: 821K->0K(1536K)
ParOldGen: 3485K->1083K(4096K)
============================================================730==============================
Time stamp : 2021-06-18T16:02:51.430+0530: 1.140
Collection time and cpu usage : [Times: user=0.00 sys=0.00, real=0.00 secs] 
Time spent for gc :  0.0023910 secs
Type of GC : Full GC
Reason for GC : Ergonomics
PSYoungGen: 822K->0K(1536K)
ParOldGen: 3490K->1084K(4096K)
============================================================731==============================
Time stamp : 2021-06-18T16:02:51.433+0530: 1.142
Collection time and cpu usage : [Times: user=0.01 sys=0.00, real=0.00 secs] 
Time spent for gc :  0.0024245 secs
Type of GC : Full GC
Reason for GC : Ergonomics
PSYoungGen: 823K->0K(1536K)
ParOldGen: 3494K->1085K(4096K)
============================================================732==============================
Time stamp : 2021-06-18T16:02:51.436+0530: 1.145
Collection time and cpu usage : [Times: user=0.00 sys=0.00, real=0.00 secs] 
Time spent for gc :  0.0024118 secs
Type of GC : Full GC
Reason for GC : Ergonomics
PSYoungGen: 824K->0K(1536K)
ParOldGen: 3499K->1086K(4096K)
============================================================733==============================
Time stamp : 2021-06-18T16:02:51.439+0530: 1.148
Collection time and cpu usage : [Times: user=0.00 sys=0.00, real=0.00 secs] 
Time spent for gc :  0.0024001 secs
Type of GC : Full GC
Reason for GC : Ergonomics
PSYoungGen: 826K->0K(1536K)
ParOldGen: 3504K->1087K(4096K)
============================================================734==============================
Time stamp : 2021-06-18T16:02:51.442+0530: 1.151
Collection time and cpu usage : [Times: user=0.00 sys=0.00, real=0.00 secs] 
Time spent for gc :  0.0024179 secs
Type of GC : Full GC
Reason for GC : Ergonomics
PSYoungGen: 827K->0K(1536K)
ParOldGen: 3509K->1089K(4096K)
============================================================735==============================
Time stamp : 2021-06-18T16:02:51.444+0530: 1.154
Collection time and cpu usage : [Times: user=0.00 sys=0.00, real=0.00 secs] 
Time spent for gc :  0.0024132 secs
Type of GC : Full GC
Reason for GC : Ergonomics
PSYoungGen: 828K->0K(1536K)
ParOldGen: 3514K->1090K(4096K)
============================================================736==============================
Time stamp : 2021-06-18T16:02:51.447+0530: 1.156
Collection time and cpu usage : [Times: user=0.06 sys=0.00, real=0.00 secs] 
Time spent for gc :  0.0024057 secs
Type of GC : Full GC
Reason for GC : Ergonomics
PSYoungGen: 829K->0K(1536K)
ParOldGen: 3519K->1091K(4096K)
============================================================737==============================
Time stamp : 2021-06-18T16:02:51.450+0530: 1.159
Collection time and cpu usage : [Times: user=0.00 sys=0.00, real=0.00 secs] 
Time spent for gc :  0.0024885 secs
Type of GC : Full GC
Reason for GC : Ergonomics
PSYoungGen: 830K->0K(1536K)
ParOldGen: 3524K->1092K(4096K)
============================================================738==============================
Time stamp : 2021-06-18T16:02:51.453+0530: 1.162
Collection time and cpu usage : [Times: user=0.00 sys=0.00, real=0.00 secs] 
Time spent for gc :  0.0024015 secs
Type of GC : Full GC
Reason for GC : Ergonomics
PSYoungGen: 832K->0K(1536K)
ParOldGen: 3528K->1093K(4096K)
============================================================739==============================
Time stamp : 2021-06-18T16:02:51.456+0530: 1.165
Collection time and cpu usage : [Times: user=0.00 sys=0.00, real=0.00 secs] 
Time spent for gc :  0.0024018 secs
Type of GC : Full GC
Reason for GC : Ergonomics
PSYoungGen: 833K->0K(1536K)
ParOldGen: 3533K->1095K(4096K)
============================================================740==============================
Time stamp : 2021-06-18T16:02:51.458+0530: 1.168
Collection time and cpu usage : [Times: user=0.00 sys=0.00, real=0.00 secs] 
Time spent for gc :  0.0024370 secs
Type of GC : Full GC
Reason for GC : Ergonomics
PSYoungGen: 834K->0K(1536K)
ParOldGen: 3538K->1096K(4096K)
============================================================741==============================
Time stamp : 2021-06-18T16:02:51.461+0530: 1.171
Collection time and cpu usage : [Times: user=0.00 sys=0.00, real=0.00 secs] 
Time spent for gc :  0.0023855 secs
Type of GC : Full GC
Reason for GC : Ergonomics
PSYoungGen: 835K->0K(1536K)
ParOldGen: 3543K->1097K(4096K)
============================================================742==============================
Time stamp : 2021-06-18T16:02:51.464+0530: 1.173
Collection time and cpu usage : [Times: user=0.02 sys=0.00, real=0.00 secs] 
Time spent for gc :  0.0024314 secs
Type of GC : Full GC
Reason for GC : Ergonomics
PSYoungGen: 837K->0K(1536K)
ParOldGen: 3548K->1098K(4096K)
============================================================743==============================
Time stamp : 2021-06-18T16:02:51.467+0530: 1.176
Collection time and cpu usage : [Times: user=0.00 sys=0.00, real=0.00 secs] 
Time spent for gc :  0.0024314 secs
Type of GC : Full GC
Reason for GC : Ergonomics
PSYoungGen: 838K->0K(1536K)
ParOldGen: 3553K->1100K(4096K)
============================================================744==============================
Time stamp : 2021-06-18T16:02:51.470+0530: 1.179
Collection time and cpu usage : [Times: user=0.00 sys=0.00, real=0.00 secs] 
Time spent for gc :  0.0023868 secs
Type of GC : Full GC
Reason for GC : Ergonomics
PSYoungGen: 839K->0K(1536K)
ParOldGen: 3558K->1101K(4096K)
============================================================745==============================
Time stamp : 2021-06-18T16:02:51.473+0530: 1.182
Collection time and cpu usage : [Times: user=0.00 sys=0.00, real=0.00 secs] 
Time spent for gc :  0.0023982 secs
Type of GC : Full GC
Reason for GC : Ergonomics
PSYoungGen: 840K->0K(1536K)
ParOldGen: 3563K->1102K(4096K)
============================================================746==============================
Time stamp : 2021-06-18T16:02:51.475+0530: 1.185
Collection time and cpu usage : [Times: user=0.00 sys=0.00, real=0.00 secs] 
Time spent for gc :  0.0024290 secs
Type of GC : Full GC
Reason for GC : Ergonomics
PSYoungGen: 841K->0K(1536K)
ParOldGen: 3567K->1103K(4096K)
============================================================747==============================
Time stamp : 2021-06-18T16:02:51.478+0530: 1.188
Collection time and cpu usage : [Times: user=0.06 sys=0.00, real=0.00 secs] 
Time spent for gc :  0.0024362 secs
Type of GC : Full GC
Reason for GC : Ergonomics
PSYoungGen: 843K->0K(1536K)
ParOldGen: 3572K->1104K(4096K)
============================================================748==============================
Time stamp : 2021-06-18T16:02:51.481+0530: 1.190
Collection time and cpu usage : [Times: user=0.00 sys=0.00, real=0.00 secs] 
Time spent for gc :  0.0024121 secs
Type of GC : Full GC
Reason for GC : Ergonomics
PSYoungGen: 844K->0K(1536K)
ParOldGen: 3577K->1106K(4096K)
============================================================749==============================
Time stamp : 2021-06-18T16:02:51.484+0530: 1.193
Collection time and cpu usage : [Times: user=0.00 sys=0.00, real=0.00 secs] 
Time spent for gc :  0.0024403 secs
Type of GC : Full GC
Reason for GC : Ergonomics
PSYoungGen: 845K->0K(1536K)
ParOldGen: 3582K->1107K(4096K)
============================================================750==============================
Time stamp : 2021-06-18T16:02:51.487+0530: 1.196
Collection time and cpu usage : [Times: user=0.00 sys=0.00, real=0.00 secs] 
Time spent for gc :  0.0023971 secs
Type of GC : Full GC
Reason for GC : Ergonomics
PSYoungGen: 846K->0K(1536K)
ParOldGen: 3587K->1108K(4096K)
============================================================751==============================
Time stamp : 2021-06-18T16:02:51.489+0530: 1.199
Collection time and cpu usage : [Times: user=0.00 sys=0.00, real=0.00 secs] 
Time spent for gc :  0.0024301 secs
Type of GC : Full GC
Reason for GC : Ergonomics
PSYoungGen: 847K->0K(1536K)
ParOldGen: 3592K->1109K(4096K)
============================================================752==============================
Time stamp : 2021-06-18T16:02:51.492+0530: 1.202
Collection time and cpu usage : [Times: user=0.00 sys=0.00, real=0.00 secs] 
Time spent for gc :  0.0024223 secs
Type of GC : Full GC
Reason for GC : Ergonomics
PSYoungGen: 849K->0K(1536K)
ParOldGen: 3597K->1110K(4096K)
============================================================753==============================
Time stamp : 2021-06-18T16:02:51.495+0530: 1.205
Collection time and cpu usage : [Times: user=0.02 sys=0.00, real=0.00 secs] 
Time spent for gc :  0.0024143 secs
Type of GC : Full GC
Reason for GC : Ergonomics
PSYoungGen: 850K->0K(1536K)
ParOldGen: 3601K->1112K(4096K)
============================================================754==============================
Time stamp : 2021-06-18T16:02:51.498+0530: 1.207
Collection time and cpu usage : [Times: user=0.00 sys=0.00, real=0.00 secs] 
Time spent for gc :  0.0024104 secs
Type of GC : Full GC
Reason for GC : Ergonomics
PSYoungGen: 851K->0K(1536K)
ParOldGen: 3606K->1113K(4096K)
============================================================755==============================
Time stamp : 2021-06-18T16:02:51.501+0530: 1.210
Collection time and cpu usage : [Times: user=0.00 sys=0.00, real=0.00 secs] 
Time spent for gc :  0.0023849 secs
Type of GC : Full GC
Reason for GC : Ergonomics
PSYoungGen: 852K->0K(1536K)
ParOldGen: 3611K->1114K(4096K)
============================================================756==============================
Time stamp : 2021-06-18T16:02:51.503+0530: 1.213
Collection time and cpu usage : [Times: user=0.00 sys=0.00, real=0.00 secs] 
Time spent for gc :  0.0023819 secs
Type of GC : Full GC
Reason for GC : Ergonomics
PSYoungGen: 854K->0K(1536K)
ParOldGen: 3616K->1115K(4096K)
============================================================757==============================
Time stamp : 2021-06-18T16:02:51.506+0530: 1.216
Collection time and cpu usage : [Times: user=0.00 sys=0.00, real=0.00 secs] 
Time spent for gc :  0.0024240 secs
Type of GC : Full GC
Reason for GC : Ergonomics
PSYoungGen: 855K->0K(1536K)
ParOldGen: 3621K->1117K(4096K)
============================================================758==============================
Time stamp : 2021-06-18T16:02:51.509+0530: 1.219
Collection time and cpu usage : [Times: user=0.06 sys=0.00, real=0.00 secs] 
Time spent for gc :  0.0023891 secs
Type of GC : Full GC
Reason for GC : Ergonomics
PSYoungGen: 856K->0K(1536K)
ParOldGen: 3626K->1118K(4096K)
============================================================759==============================
Time stamp : 2021-06-18T16:02:51.512+0530: 1.221
Collection time and cpu usage : [Times: user=0.00 sys=0.00, real=0.00 secs] 
Time spent for gc :  0.0024132 secs
Type of GC : Full GC
Reason for GC : Ergonomics
PSYoungGen: 857K->0K(1536K)
ParOldGen: 3631K->1119K(4096K)
============================================================760==============================
Time stamp : 2021-06-18T16:02:51.515+0530: 1.224
Collection time and cpu usage : [Times: user=0.00 sys=0.00, real=0.00 secs] 
Time spent for gc :  0.0023760 secs
Type of GC : Full GC
Reason for GC : Ergonomics
PSYoungGen: 858K->0K(1536K)
ParOldGen: 3636K->1120K(4096K)
============================================================761==============================
Time stamp : 2021-06-18T16:02:51.517+0530: 1.227
Collection time and cpu usage : [Times: user=0.00 sys=0.00, real=0.00 secs] 
Time spent for gc :  0.0024090 secs
Type of GC : Full GC
Reason for GC : Ergonomics
PSYoungGen: 860K->0K(1536K)
ParOldGen: 3640K->1121K(4096K)
============================================================762==============================
Time stamp : 2021-06-18T16:02:51.520+0530: 1.230
Collection time and cpu usage : [Times: user=0.00 sys=0.00, real=0.00 secs] 
Time spent for gc :  0.0024428 secs
Type of GC : Full GC
Reason for GC : Ergonomics
PSYoungGen: 861K->0K(1536K)
ParOldGen: 3645K->1123K(4096K)
============================================================763==============================
Time stamp : 2021-06-18T16:02:51.523+0530: 1.233
Collection time and cpu usage : [Times: user=0.00 sys=0.00, real=0.00 secs] 
Time spent for gc :  0.0024054 secs
Type of GC : Full GC
Reason for GC : Ergonomics
PSYoungGen: 862K->0K(1536K)
ParOldGen: 3650K->1124K(4096K)
============================================================764==============================
Time stamp : 2021-06-18T16:02:51.526+0530: 1.236
Collection time and cpu usage : [Times: user=0.02 sys=0.00, real=0.00 secs] 
Time spent for gc :  0.0024259 secs
Type of GC : Full GC
Reason for GC : Ergonomics
PSYoungGen: 863K->0K(1536K)
ParOldGen: 3655K->1125K(4096K)
============================================================765==============================
Time stamp : 2021-06-18T16:02:51.529+0530: 1.239
Collection time and cpu usage : [Times: user=0.00 sys=0.00, real=0.00 secs] 
Time spent for gc :  0.0023982 secs
Type of GC : Full GC
Reason for GC : Ergonomics
PSYoungGen: 865K->0K(1536K)
ParOldGen: 3660K->1126K(4096K)
============================================================766==============================
Time stamp : 2021-06-18T16:02:51.532+0530: 1.241
Collection time and cpu usage : [Times: user=0.00 sys=0.00, real=0.00 secs] 
Time spent for gc :  0.0023799 secs
Type of GC : Full GC
Reason for GC : Ergonomics
PSYoungGen: 866K->0K(1536K)
ParOldGen: 3665K->1128K(4096K)
============================================================767==============================
Time stamp : 2021-06-18T16:02:51.535+0530: 1.244
Collection time and cpu usage : [Times: user=0.00 sys=0.00, real=0.00 secs] 
Time spent for gc :  0.0024010 secs
Type of GC : Full GC
Reason for GC : Ergonomics
PSYoungGen: 867K->0K(1536K)
ParOldGen: 3670K->1129K(4096K)
============================================================768==============================
Time stamp : 2021-06-18T16:02:51.537+0530: 1.247
Collection time and cpu usage : [Times: user=0.00 sys=0.00, real=0.00 secs] 
Time spent for gc :  0.0024073 secs
Type of GC : Full GC
Reason for GC : Ergonomics
PSYoungGen: 868K->0K(1536K)
ParOldGen: 3674K->1130K(4096K)
============================================================769==============================
Time stamp : 2021-06-18T16:02:51.540+0530: 1.250
Collection time and cpu usage : [Times: user=0.06 sys=0.00, real=0.00 secs] 
Time spent for gc :  0.0024406 secs
Type of GC : Full GC
Reason for GC : Ergonomics
PSYoungGen: 869K->0K(1536K)
ParOldGen: 3679K->1131K(4096K)
============================================================770==============================
Time stamp : 2021-06-18T16:02:51.543+0530: 1.253
Collection time and cpu usage : [Times: user=0.00 sys=0.00, real=0.00 secs] 
Time spent for gc :  0.0023990 secs
Type of GC : Full GC
Reason for GC : Ergonomics
PSYoungGen: 871K->0K(1536K)
ParOldGen: 3684K->1132K(4096K)
============================================================771==============================
Time stamp : 2021-06-18T16:02:51.546+0530: 1.256
Collection time and cpu usage : [Times: user=0.00 sys=0.00, real=0.00 secs] 
Time spent for gc :  0.0024040 secs
Type of GC : Full GC
Reason for GC : Ergonomics
PSYoungGen: 872K->0K(1536K)
ParOldGen: 3689K->1134K(4096K)
============================================================772==============================
Time stamp : 2021-06-18T16:02:51.549+0530: 1.258
Collection time and cpu usage : [Times: user=0.00 sys=0.00, real=0.00 secs] 
Time spent for gc :  0.0024306 secs
Type of GC : Full GC
Reason for GC : Ergonomics
PSYoungGen: 873K->0K(1536K)
ParOldGen: 3694K->1135K(4096K)
============================================================773==============================
Time stamp : 2021-06-18T16:02:51.552+0530: 1.261
Collection time and cpu usage : [Times: user=0.00 sys=0.00, real=0.00 secs] 
Time spent for gc :  0.0024168 secs
Type of GC : Full GC
Reason for GC : Ergonomics
PSYoungGen: 874K->0K(1536K)
ParOldGen: 3699K->1136K(4096K)
============================================================774==============================
Time stamp : 2021-06-18T16:02:51.554+0530: 1.264
Collection time and cpu usage : [Times: user=0.00 sys=0.00, real=0.00 secs] 
Time spent for gc :  0.0024259 secs
Type of GC : Full GC
Reason for GC : Ergonomics
PSYoungGen: 875K->0K(1536K)
ParOldGen: 3704K->1137K(4096K)
============================================================775==============================
Time stamp : 2021-06-18T16:02:51.557+0530: 1.267
Collection time and cpu usage : [Times: user=0.00 sys=0.00, real=0.00 secs] 
Time spent for gc :  0.0025683 secs
Type of GC : Full GC
Reason for GC : Ergonomics
PSYoungGen: 877K->0K(1536K)
ParOldGen: 3709K->1138K(4096K)
============================================================776==============================
Time stamp : 2021-06-18T16:02:51.561+0530: 1.271
Collection time and cpu usage : [Times: user=0.00 sys=0.00, real=0.00 secs] 
Time spent for gc :  0.0028980 secs
Type of GC : Full GC
Reason for GC : Ergonomics
PSYoungGen: 878K->0K(1536K)
ParOldGen: 3713K->1140K(4096K)
============================================================777==============================
Time stamp : 2021-06-18T16:02:51.564+0530: 1.274
Collection time and cpu usage : [Times: user=0.00 sys=0.00, real=0.00 secs] 
Time spent for gc :  0.0026628 secs
Type of GC : Full GC
Reason for GC : Ergonomics
PSYoungGen: 879K->0K(1536K)
ParOldGen: 3718K->1141K(4096K)
============================================================778==============================
Time stamp : 2021-06-18T16:02:51.568+0530: 1.278
Collection time and cpu usage : [Times: user=0.00 sys=0.00, real=0.00 secs] 
Time spent for gc :  0.0031014 secs
Type of GC : Full GC
Reason for GC : Ergonomics
PSYoungGen: 880K->0K(1536K)
ParOldGen: 3723K->1142K(4096K)
============================================================779==============================
Time stamp : 2021-06-18T16:02:51.572+0530: 1.282
Collection time and cpu usage : [Times: user=0.02 sys=0.00, real=0.00 secs] 
Time spent for gc :  0.0038073 secs
Type of GC : Full GC
Reason for GC : Ergonomics
PSYoungGen: 882K->0K(1536K)
ParOldGen: 3728K->1143K(4096K)
============================================================780==============================
Time stamp : 2021-06-18T16:02:51.577+0530: 1.287
Collection time and cpu usage : [Times: user=0.00 sys=0.00, real=0.00 secs] 
Time spent for gc :  0.0029504 secs
Type of GC : Full GC
Reason for GC : Ergonomics
PSYoungGen: 883K->0K(1536K)
ParOldGen: 3733K->1145K(4096K)
============================================================781==============================
Time stamp : 2021-06-18T16:02:51.581+0530: 1.291
Collection time and cpu usage : [Times: user=0.00 sys=0.00, real=0.00 secs] 
Time spent for gc :  0.0028667 secs
Type of GC : Full GC
Reason for GC : Ergonomics
PSYoungGen: 884K->0K(1536K)
ParOldGen: 3738K->1146K(4096K)
============================================================782==============================
Time stamp : 2021-06-18T16:02:51.585+0530: 1.295
Collection time and cpu usage : [Times: user=0.00 sys=0.00, real=0.00 secs] 
Time spent for gc :  0.0028556 secs
Type of GC : Full GC
Reason for GC : Ergonomics
PSYoungGen: 885K->0K(1536K)
ParOldGen: 3743K->1147K(4096K)
============================================================783==============================
Time stamp : 2021-06-18T16:02:51.588+0530: 1.298
Collection time and cpu usage : [Times: user=0.03 sys=0.00, real=0.00 secs] 
Time spent for gc :  0.0029127 secs
Type of GC : Full GC
Reason for GC : Ergonomics
PSYoungGen: 886K->0K(1536K)
ParOldGen: 3747K->1148K(4096K)
============================================================784==============================
Time stamp : 2021-06-18T16:02:51.592+0530: 1.302
Collection time and cpu usage : [Times: user=0.00 sys=0.00, real=0.00 secs] 
Time spent for gc :  0.0027988 secs
Type of GC : Full GC
Reason for GC : Ergonomics
PSYoungGen: 888K->0K(1536K)
ParOldGen: 3752K->1149K(4096K)
============================================================785==============================
Time stamp : 2021-06-18T16:02:51.596+0530: 1.306
Collection time and cpu usage : [Times: user=0.00 sys=0.00, real=0.00 secs] 
Time spent for gc :  0.0027124 secs
Type of GC : Full GC
Reason for GC : Ergonomics
PSYoungGen: 889K->0K(1536K)
ParOldGen: 3757K->1151K(4096K)
============================================================786==============================
Time stamp : 2021-06-18T16:02:51.601+0530: 1.310
Collection time and cpu usage : [Times: user=0.00 sys=0.00, real=0.00 secs] 
Time spent for gc :  0.0028742 secs
Type of GC : Full GC
Reason for GC : Ergonomics
PSYoungGen: 890K->0K(1536K)
ParOldGen: 3762K->1152K(4096K)
============================================================787==============================
Time stamp : 2021-06-18T16:02:51.604+0530: 1.313
Collection time and cpu usage : [Times: user=0.02 sys=0.00, real=0.00 secs] 
Time spent for gc :  0.0026753 secs
Type of GC : Full GC
Reason for GC : Ergonomics
PSYoungGen: 891K->0K(1536K)
ParOldGen: 3767K->1153K(4096K)
============================================================788==============================
Time stamp : 2021-06-18T16:02:51.608+0530: 1.317
Collection time and cpu usage : [Times: user=0.00 sys=0.00, real=0.00 secs] 
Time spent for gc :  0.0027636 secs
Type of GC : Full GC
Reason for GC : Ergonomics
PSYoungGen: 892K->0K(1536K)
ParOldGen: 3772K->1154K(4096K)
============================================================789==============================
Time stamp : 2021-06-18T16:02:51.612+0530: 1.321
Collection time and cpu usage : [Times: user=0.00 sys=0.00, real=0.00 secs] 
Time spent for gc :  0.0027714 secs
Type of GC : Full GC
Reason for GC : Ergonomics
PSYoungGen: 894K->0K(1536K)
ParOldGen: 3777K->1156K(4096K)
============================================================790==============================
Time stamp : 2021-06-18T16:02:51.615+0530: 1.324
Collection time and cpu usage : [Times: user=0.00 sys=0.00, real=0.00 secs] 
Time spent for gc :  0.0029512 secs
Type of GC : Full GC
Reason for GC : Ergonomics
PSYoungGen: 895K->0K(1536K)
ParOldGen: 3782K->1157K(4096K)
============================================================791==============================
Time stamp : 2021-06-18T16:02:51.620+0530: 1.329
Collection time and cpu usage : [Times: user=0.03 sys=0.00, real=0.00 secs] 
Time spent for gc :  0.0035521 secs
Type of GC : Full GC
Reason for GC : Ergonomics
PSYoungGen: 896K->0K(1536K)
ParOldGen: 3786K->1158K(4096K)
============================================================792==============================
Time stamp : 2021-06-18T16:02:51.625+0530: 1.334
Collection time and cpu usage : [Times: user=0.00 sys=0.00, real=0.00 secs] 
Time spent for gc :  0.0032227 secs
Type of GC : Full GC
Reason for GC : Ergonomics
PSYoungGen: 897K->0K(1536K)
ParOldGen: 3791K->1159K(4096K)
============================================================793==============================
Time stamp : 2021-06-18T16:02:51.629+0530: 1.338
Collection time and cpu usage : [Times: user=0.00 sys=0.00, real=0.00 secs] 
Time spent for gc :  0.0034313 secs
Type of GC : Full GC
Reason for GC : Ergonomics
PSYoungGen: 899K->0K(1536K)
ParOldGen: 3796K->1160K(4096K)
============================================================794==============================
Time stamp : 2021-06-18T16:02:51.633+0530: 1.342
Collection time and cpu usage : [Times: user=0.00 sys=0.00, real=0.00 secs] 
Time spent for gc :  0.0029313 secs
Type of GC : Full GC
Reason for GC : Ergonomics
PSYoungGen: 900K->0K(1536K)
ParOldGen: 3801K->1162K(4096K)
============================================================795==============================
Time stamp : 2021-06-18T16:02:51.637+0530: 1.346
Collection time and cpu usage : [Times: user=0.00 sys=0.00, real=0.00 secs] 
Time spent for gc :  0.0030545 secs
Type of GC : Full GC
Reason for GC : Ergonomics
PSYoungGen: 901K->0K(1536K)
ParOldGen: 3806K->1163K(4096K)
============================================================796==============================
Time stamp : 2021-06-18T16:02:51.641+0530: 1.350
Collection time and cpu usage : [Times: user=0.00 sys=0.00, real=0.00 secs] 
Time spent for gc :  0.0029759 secs
Type of GC : Full GC
Reason for GC : Ergonomics
PSYoungGen: 902K->0K(1536K)
ParOldGen: 3811K->1164K(4096K)
============================================================797==============================
Time stamp : 2021-06-18T16:02:51.645+0530: 1.354
Collection time and cpu usage : [Times: user=0.00 sys=0.00, real=0.00 secs] 
Time spent for gc :  0.0029695 secs
Type of GC : Full GC
Reason for GC : Ergonomics
PSYoungGen: 903K->0K(1536K)
ParOldGen: 3816K->1165K(4096K)
============================================================798==============================
Time stamp : 2021-06-18T16:02:51.649+0530: 1.358
Collection time and cpu usage : [Times: user=0.00 sys=0.00, real=0.00 secs] 
Time spent for gc :  0.0032427 secs
Type of GC : Full GC
Reason for GC : Ergonomics
PSYoungGen: 905K->0K(1536K)
ParOldGen: 3821K->1166K(4096K)
============================================================799==============================
Time stamp : 2021-06-18T16:02:51.653+0530: 1.362
Collection time and cpu usage : [Times: user=0.00 sys=0.00, real=0.00 secs] 
Time spent for gc :  0.0030731 secs
Type of GC : Full GC
Reason for GC : Ergonomics
PSYoungGen: 906K->0K(1536K)
ParOldGen: 3825K->1168K(4096K)
============================================================800==============================
Time stamp : 2021-06-18T16:02:51.657+0530: 1.366
Collection time and cpu usage : [Times: user=0.00 sys=0.00, real=0.00 secs] 
Time spent for gc :  0.0029603 secs
Type of GC : Full GC
Reason for GC : Ergonomics
PSYoungGen: 907K->0K(1536K)
ParOldGen: 3830K->1169K(4096K)
============================================================801==============================
Time stamp : 2021-06-18T16:02:51.662+0530: 1.371
Collection time and cpu usage : [Times: user=0.00 sys=0.00, real=0.00 secs] 
Time spent for gc :  0.0032199 secs
Type of GC : Full GC
Reason for GC : Ergonomics
PSYoungGen: 908K->0K(1536K)
ParOldGen: 3835K->1170K(4096K)
============================================================802==============================
Time stamp : 2021-06-18T16:02:51.666+0530: 1.375
Collection time and cpu usage : [Times: user=0.05 sys=0.00, real=0.00 secs] 
Time spent for gc :  0.0027767 secs
Type of GC : Full GC
Reason for GC : Ergonomics
PSYoungGen: 910K->0K(1536K)
ParOldGen: 3840K->1171K(4096K)
============================================================803==============================
Time stamp : 2021-06-18T16:02:51.669+0530: 1.378
Collection time and cpu usage : [Times: user=0.00 sys=0.00, real=0.00 secs] 
Time spent for gc :  0.0025639 secs
Type of GC : Full GC
Reason for GC : Ergonomics
PSYoungGen: 911K->0K(1536K)
ParOldGen: 3845K->1173K(4096K)
============================================================804==============================
Time stamp : 2021-06-18T16:02:51.673+0530: 1.382
Collection time and cpu usage : [Times: user=0.00 sys=0.00, real=0.00 secs] 
Time spent for gc :  0.0026415 secs
Type of GC : Full GC
Reason for GC : Ergonomics
PSYoungGen: 912K->0K(1536K)
ParOldGen: 3850K->1174K(4096K)
============================================================805==============================
Time stamp : 2021-06-18T16:02:51.676+0530: 1.385
Collection time and cpu usage : [Times: user=0.00 sys=0.00, real=0.00 secs] 
Time spent for gc :  0.0028127 secs
Type of GC : Full GC
Reason for GC : Ergonomics
PSYoungGen: 913K->0K(1536K)
ParOldGen: 3855K->1175K(4096K)
============================================================806==============================
Time stamp : 2021-06-18T16:02:51.679+0530: 1.389
Collection time and cpu usage : [Times: user=0.00 sys=0.00, real=0.00 secs] 
Time spent for gc :  0.0026326 secs
Type of GC : Full GC
Reason for GC : Ergonomics
PSYoungGen: 914K->0K(1536K)
ParOldGen: 3859K->1176K(4096K)
============================================================807==============================
Time stamp : 2021-06-18T16:02:51.683+0530: 1.392
Collection time and cpu usage : [Times: user=0.02 sys=0.00, real=0.00 secs] 
Time spent for gc :  0.0028229 secs
Type of GC : Full GC
Reason for GC : Ergonomics
PSYoungGen: 916K->0K(1536K)
ParOldGen: 3864K->1177K(4096K)
============================================================808==============================
Time stamp : 2021-06-18T16:02:51.686+0530: 1.396
Collection time and cpu usage : [Times: user=0.00 sys=0.00, real=0.00 secs] 
Time spent for gc :  0.0025603 secs
Type of GC : Full GC
Reason for GC : Ergonomics
PSYoungGen: 917K->0K(1536K)
ParOldGen: 3869K->1179K(4096K)
============================================================809==============================
Time stamp : 2021-06-18T16:02:51.690+0530: 1.399
Collection time and cpu usage : [Times: user=0.00 sys=0.00, real=0.00 secs] 
Time spent for gc :  0.0027706 secs
Type of GC : Full GC
Reason for GC : Ergonomics
PSYoungGen: 918K->0K(1536K)
ParOldGen: 3874K->1180K(4096K)
============================================================810==============================
Time stamp : 2021-06-18T16:02:51.693+0530: 1.402
Collection time and cpu usage : [Times: user=0.00 sys=0.00, real=0.00 secs] 
Time spent for gc :  0.0027110 secs
Type of GC : Full GC
Reason for GC : Ergonomics
PSYoungGen: 919K->0K(1536K)
ParOldGen: 3879K->1181K(4096K)
============================================================811==============================
Time stamp : 2021-06-18T16:02:51.697+0530: 1.406
Collection time and cpu usage : [Times: user=0.03 sys=0.00, real=0.00 secs] 
Time spent for gc :  0.0026315 secs
Type of GC : Full GC
Reason for GC : Ergonomics
PSYoungGen: 920K->0K(1536K)
ParOldGen: 3884K->1182K(4096K)
============================================================812==============================
Time stamp : 2021-06-18T16:02:51.700+0530: 1.409
Collection time and cpu usage : [Times: user=0.00 sys=0.00, real=0.00 secs] 
Time spent for gc :  0.0028013 secs
Type of GC : Full GC
Reason for GC : Ergonomics
PSYoungGen: 922K->0K(1536K)
ParOldGen: 3889K->1184K(4096K)
============================================================813==============================
Time stamp : 2021-06-18T16:02:51.703+0530: 1.412
Collection time and cpu usage : [Times: user=0.00 sys=0.00, real=0.00 secs] 
Time spent for gc :  0.0024932 secs
Type of GC : Full GC
Reason for GC : Ergonomics
PSYoungGen: 923K->0K(1536K)
ParOldGen: 3894K->1185K(4096K)
============================================================814==============================
Time stamp : 2021-06-18T16:02:51.706+0530: 1.415
Collection time and cpu usage : [Times: user=0.00 sys=0.00, real=0.00 secs] 
Time spent for gc :  0.0023940 secs
Type of GC : Full GC
Reason for GC : Ergonomics
PSYoungGen: 924K->0K(1536K)
ParOldGen: 3898K->1186K(4096K)
============================================================815==============================
Time stamp : 2021-06-18T16:02:51.709+0530: 1.418
Collection time and cpu usage : [Times: user=0.00 sys=0.00, real=0.00 secs] 
Time spent for gc :  0.0024126 secs
Type of GC : Full GC
Reason for GC : Ergonomics
PSYoungGen: 925K->0K(1536K)
ParOldGen: 3903K->1187K(4096K)
============================================================816==============================
Time stamp : 2021-06-18T16:02:51.712+0530: 1.421
Collection time and cpu usage : [Times: user=0.00 sys=0.00, real=0.00 secs] 
Time spent for gc :  0.0024190 secs
Type of GC : Full GC
Reason for GC : Ergonomics
PSYoungGen: 927K->0K(1536K)
ParOldGen: 3908K->1188K(4096K)
============================================================817==============================
Time stamp : 2021-06-18T16:02:51.715+0530: 1.424
Collection time and cpu usage : [Times: user=0.00 sys=0.00, real=0.00 secs] 
Time spent for gc :  0.0023824 secs
Type of GC : Full GC
Reason for GC : Ergonomics
PSYoungGen: 928K->0K(1536K)
ParOldGen: 3913K->1190K(4096K)
============================================================818==============================
Time stamp : 2021-06-18T16:02:51.718+0530: 1.427
Collection time and cpu usage : [Times: user=0.00 sys=0.00, real=0.00 secs] 
Time spent for gc :  0.0024436 secs
Type of GC : Full GC
Reason for GC : Ergonomics
PSYoungGen: 929K->0K(1536K)
ParOldGen: 3918K->1191K(4096K)
============================================================819==============================
Time stamp : 2021-06-18T16:02:51.721+0530: 1.430
Collection time and cpu usage : [Times: user=0.00 sys=0.00, real=0.00 secs] 
Time spent for gc :  0.0023960 secs
Type of GC : Full GC
Reason for GC : Ergonomics
PSYoungGen: 930K->0K(1536K)
ParOldGen: 3923K->1192K(4096K)
============================================================820==============================
Time stamp : 2021-06-18T16:02:51.723+0530: 1.433
Collection time and cpu usage : [Times: user=0.00 sys=0.00, real=0.00 secs] 
Time spent for gc :  0.0024054 secs
Type of GC : Full GC
Reason for GC : Ergonomics
PSYoungGen: 931K->0K(1536K)
ParOldGen: 3928K->1193K(4096K)
============================================================821==============================
Time stamp : 2021-06-18T16:02:51.726+0530: 1.436
Collection time and cpu usage : [Times: user=0.00 sys=0.00, real=0.00 secs] 
Time spent for gc :  0.0024181 secs
Type of GC : Full GC
Reason for GC : Ergonomics
PSYoungGen: 933K->0K(1536K)
ParOldGen: 3932K->1194K(4096K)
============================================================822==============================
Time stamp : 2021-06-18T16:02:51.729+0530: 1.438
Collection time and cpu usage : [Times: user=0.02 sys=0.00, real=0.00 secs] 
Time spent for gc :  0.0024046 secs
Type of GC : Full GC
Reason for GC : Ergonomics
PSYoungGen: 934K->0K(1536K)
ParOldGen: 3937K->1196K(4096K)
============================================================823==============================
Time stamp : 2021-06-18T16:02:51.732+0530: 1.441
Collection time and cpu usage : [Times: user=0.00 sys=0.00, real=0.00 secs] 
Time spent for gc :  0.0024187 secs
Type of GC : Full GC
Reason for GC : Ergonomics
PSYoungGen: 935K->0K(1536K)
ParOldGen: 3942K->1197K(4096K)
============================================================824==============================
Time stamp : 2021-06-18T16:02:51.735+0530: 1.444
Collection time and cpu usage : [Times: user=0.00 sys=0.00, real=0.00 secs] 
Time spent for gc :  0.0024251 secs
Type of GC : Full GC
Reason for GC : Ergonomics
PSYoungGen: 936K->0K(1536K)
ParOldGen: 3947K->1198K(4096K)
============================================================825==============================
Time stamp : 2021-06-18T16:02:51.738+0530: 1.447
Collection time and cpu usage : [Times: user=0.00 sys=0.00, real=0.00 secs] 
Time spent for gc :  0.0025004 secs
Type of GC : Full GC
Reason for GC : Ergonomics
PSYoungGen: 938K->0K(1536K)
ParOldGen: 3952K->1199K(4096K)
============================================================826==============================
Time stamp : 2021-06-18T16:02:51.741+0530: 1.450
Collection time and cpu usage : [Times: user=0.00 sys=0.00, real=0.00 secs] 
Time spent for gc :  0.0024093 secs
Type of GC : Full GC
Reason for GC : Ergonomics
PSYoungGen: 939K->0K(1536K)
ParOldGen: 3957K->1201K(4096K)
============================================================827==============================
Time stamp : 2021-06-18T16:02:51.744+0530: 1.453
Collection time and cpu usage : [Times: user=0.06 sys=0.00, real=0.00 secs] 
Time spent for gc :  0.0024240 secs
Type of GC : Full GC
Reason for GC : Ergonomics
PSYoungGen: 940K->0K(1536K)
ParOldGen: 3962K->1202K(4096K)
============================================================828==============================
Time stamp : 2021-06-18T16:02:51.747+0530: 1.456
Collection time and cpu usage : [Times: user=0.00 sys=0.00, real=0.00 secs] 
Time spent for gc :  0.0024107 secs
Type of GC : Full GC
Reason for GC : Ergonomics
PSYoungGen: 941K->0K(1536K)
ParOldGen: 3967K->1203K(4096K)
============================================================829==============================
Time stamp : 2021-06-18T16:02:51.750+0530: 1.459
Collection time and cpu usage : [Times: user=0.00 sys=0.00, real=0.00 secs] 
Time spent for gc :  0.0024024 secs
Type of GC : Full GC
Reason for GC : Ergonomics
PSYoungGen: 942K->0K(1536K)
ParOldGen: 3971K->1204K(4096K)
============================================================830==============================
Time stamp : 2021-06-18T16:02:51.753+0530: 1.462
Collection time and cpu usage : [Times: user=0.00 sys=0.00, real=0.00 secs] 
Time spent for gc :  0.0024054 secs
Type of GC : Full GC
Reason for GC : Ergonomics
PSYoungGen: 944K->0K(1536K)
ParOldGen: 3976K->1205K(4096K)
============================================================831==============================
Time stamp : 2021-06-18T16:02:51.755+0530: 1.465
Collection time and cpu usage : [Times: user=0.00 sys=0.00, real=0.00 secs] 
Time spent for gc :  0.0023971 secs
Type of GC : Full GC
Reason for GC : Ergonomics
PSYoungGen: 945K->0K(1536K)
ParOldGen: 3981K->1207K(4096K)
============================================================832==============================
Time stamp : 2021-06-18T16:02:51.758+0530: 1.468
Collection time and cpu usage : [Times: user=0.00 sys=0.00, real=0.00 secs] 
Time spent for gc :  0.0024024 secs
Type of GC : Full GC
Reason for GC : Ergonomics
PSYoungGen: 946K->0K(1536K)
ParOldGen: 3986K->1208K(4096K)
============================================================833==============================
Time stamp : 2021-06-18T16:02:51.761+0530: 1.471
Collection time and cpu usage : [Times: user=0.01 sys=0.00, real=0.00 secs] 
Time spent for gc :  0.0023807 secs
Type of GC : Full GC
Reason for GC : Ergonomics
PSYoungGen: 947K->0K(1536K)
ParOldGen: 3991K->1209K(4096K)
============================================================834==============================
Time stamp : 2021-06-18T16:02:51.764+0530: 1.473
Collection time and cpu usage : [Times: user=0.00 sys=0.00, real=0.00 secs] 
Time spent for gc :  0.0024409 secs
Type of GC : Full GC
Reason for GC : Ergonomics
PSYoungGen: 948K->0K(1536K)
ParOldGen: 3996K->1210K(4096K)
============================================================835==============================
Time stamp : 2021-06-18T16:02:51.767+0530: 1.476
Collection time and cpu usage : [Times: user=0.00 sys=0.00, real=0.00 secs] 
Time spent for gc :  0.0024204 secs
Type of GC : Full GC
Reason for GC : Ergonomics
PSYoungGen: 950K->0K(1536K)
ParOldGen: 4001K->1211K(4096K)
============================================================836==============================
Time stamp : 2021-06-18T16:02:51.770+0530: 1.479
Collection time and cpu usage : [Times: user=0.00 sys=0.00, real=0.00 secs] 
Time spent for gc :  0.0024123 secs
Type of GC : Full GC
Reason for GC : Ergonomics
PSYoungGen: 951K->0K(1536K)
ParOldGen: 4005K->1213K(4096K)
============================================================837==============================
Time stamp : 2021-06-18T16:02:51.773+0530: 1.482
Collection time and cpu usage : [Times: user=0.00 sys=0.00, real=0.00 secs] 
Time spent for gc :  0.0023821 secs
Type of GC : Full GC
Reason for GC : Ergonomics
PSYoungGen: 952K->0K(1536K)
ParOldGen: 4010K->1214K(4096K)
============================================================838==============================
Time stamp : 2021-06-18T16:02:51.776+0530: 1.485
Collection time and cpu usage : [Times: user=0.02 sys=0.00, real=0.00 secs] 
Time spent for gc :  0.0024400 secs
Type of GC : Full GC
Reason for GC : Ergonomics
PSYoungGen: 953K->0K(1536K)
ParOldGen: 4015K->1215K(4096K)
============================================================839==============================
Time stamp : 2021-06-18T16:02:51.779+0530: 1.488
Collection time and cpu usage : [Times: user=0.00 sys=0.00, real=0.00 secs] 
Time spent for gc :  0.0024029 secs
Type of GC : Full GC
Reason for GC : Ergonomics
PSYoungGen: 955K->0K(1536K)
ParOldGen: 4020K->1216K(4096K)
============================================================840==============================
Time stamp : 2021-06-18T16:02:51.782+0530: 1.491
Collection time and cpu usage : [Times: user=0.00 sys=0.00, real=0.00 secs] 
Time spent for gc :  0.0024345 secs
Type of GC : Full GC
Reason for GC : Ergonomics
PSYoungGen: 956K->0K(1536K)
ParOldGen: 4025K->1218K(4096K)
============================================================841==============================
Time stamp : 2021-06-18T16:02:51.784+0530: 1.494
Collection time and cpu usage : [Times: user=0.00 sys=0.00, real=0.00 secs] 
Time spent for gc :  0.0024661 secs
Type of GC : Full GC
Reason for GC : Ergonomics
PSYoungGen: 957K->0K(1536K)
ParOldGen: 4030K->1219K(4096K)
============================================================842==============================
Time stamp : 2021-06-18T16:02:51.787+0530: 1.497
Collection time and cpu usage : [Times: user=0.00 sys=0.00, real=0.00 secs] 
Time spent for gc :  0.0024043 secs
Type of GC : Full GC
Reason for GC : Ergonomics
PSYoungGen: 958K->0K(1536K)
ParOldGen: 4035K->1220K(4096K)
============================================================843==============================
Time stamp : 2021-06-18T16:02:51.790+0530: 1.500
Collection time and cpu usage : [Times: user=0.06 sys=0.00, real=0.00 secs] 
Time spent for gc :  0.0024359 secs
Type of GC : Full GC
Reason for GC : Ergonomics
PSYoungGen: 959K->0K(1536K)
ParOldGen: 4040K->1221K(4096K)
============================================================844==============================
Time stamp : 2021-06-18T16:02:51.793+0530: 1.503
Collection time and cpu usage : [Times: user=0.00 sys=0.00, real=0.00 secs] 
Time spent for gc :  0.0024303 secs
Type of GC : Full GC
Reason for GC : Ergonomics
PSYoungGen: 961K->0K(1536K)
ParOldGen: 4044K->1222K(4096K)
============================================================845==============================
Time stamp : 2021-06-18T16:02:51.796+0530: 1.506
Collection time and cpu usage : [Times: user=0.00 sys=0.00, real=0.00 secs] 
Time spent for gc :  0.0023968 secs
Type of GC : Full GC
Reason for GC : Ergonomics
PSYoungGen: 962K->0K(1536K)
ParOldGen: 4049K->1224K(4096K)
============================================================846==============================
Time stamp : 2021-06-18T16:02:51.799+0530: 1.508
Collection time and cpu usage : [Times: user=0.00 sys=0.00, real=0.00 secs] 
Time spent for gc :  0.0024123 secs
Type of GC : Full GC
Reason for GC : Ergonomics
PSYoungGen: 963K->0K(1536K)
ParOldGen: 4054K->1225K(4096K)
============================================================847==============================
Time stamp : 2021-06-18T16:02:51.802+0530: 1.511
Collection time and cpu usage : [Times: user=0.00 sys=0.00, real=0.00 secs] 
Time spent for gc :  0.0024068 secs
Type of GC : Full GC
Reason for GC : Ergonomics
PSYoungGen: 964K->0K(1536K)
ParOldGen: 4059K->1226K(4096K)
============================================================848==============================
Time stamp : 2021-06-18T16:02:51.805+0530: 1.514
Collection time and cpu usage : [Times: user=0.00 sys=0.00, real=0.00 secs] 
Time spent for gc :  0.0023993 secs
Type of GC : Full GC
Reason for GC : Ergonomics
PSYoungGen: 966K->0K(1536K)
ParOldGen: 4064K->1227K(4096K)
============================================================849==============================
Time stamp : 2021-06-18T16:02:51.808+0530: 1.517
Collection time and cpu usage : [Times: user=0.00 sys=0.00, real=0.00 secs] 
Time spent for gc :  0.0023963 secs
Type of GC : Full GC
Reason for GC : Ergonomics
PSYoungGen: 967K->0K(1536K)
ParOldGen: 4069K->1229K(4096K)
============================================================850==============================
Time stamp : 2021-06-18T16:02:51.811+0530: 1.520
Collection time and cpu usage : [Times: user=0.00 sys=0.00, real=0.00 secs] 
Time spent for gc :  0.0024129 secs
Type of GC : Full GC
Reason for GC : Ergonomics
PSYoungGen: 968K->0K(1536K)
ParOldGen: 4074K->1230K(4096K)
============================================================851==============================
Time stamp : 2021-06-18T16:02:51.813+0530: 1.523
Collection time and cpu usage : [Times: user=0.00 sys=0.00, real=0.00 secs] 
Time spent for gc :  0.0024062 secs
Type of GC : Full GC
Reason for GC : Ergonomics
PSYoungGen: 969K->0K(1536K)
ParOldGen: 4078K->1231K(4096K)
============================================================852==============================
Time stamp : 2021-06-18T16:02:51.816+0530: 1.526
Collection time and cpu usage : [Times: user=0.00 sys=0.00, real=0.00 secs] 
Time spent for gc :  0.0024176 secs
Type of GC : Full GC
Reason for GC : Ergonomics
PSYoungGen: 970K->0K(1536K)
ParOldGen: 4083K->1232K(4096K)
============================================================853==============================
Time stamp : 2021-06-18T16:02:51.819+0530: 1.529
Collection time and cpu usage : [Times: user=0.00 sys=0.00, real=0.00 secs] 
Time spent for gc :  0.0024193 secs
Type of GC : Full GC
Reason for GC : Ergonomics
PSYoungGen: 972K->0K(1536K)
ParOldGen: 4088K->1233K(4096K)
============================================================854==============================
Time stamp : 2021-06-18T16:02:51.822+0530: 1.532
Collection time and cpu usage : [Times: user=0.06 sys=0.00, real=0.00 secs] 
Time spent for gc :  0.0024143 secs
Type of GC : Full GC
Reason for GC : Ergonomics
PSYoungGen: 973K->0K(1536K)
ParOldGen: 4093K->1235K(4096K)
============================================================855==============================
Time stamp : 2021-06-18T16:02:51.825+0530: 1.534
Collection time and cpu usage : [Times: user=0.00 sys=0.00, real=0.00 secs] 
Time spent for gc :  0.0001873 secs
Reason for GC : Allocation Failure
PSYoungGen: 974K->32K(1536K)
============================================================856==============================
Time stamp : 2021-06-18T16:02:51.825+0530: 1.535
Collection time and cpu usage : [Times: user=0.00 sys=0.00, real=0.00 secs] 
Time spent for gc :  0.0011232 secs
Type of GC : Full GC
Reason for GC : Ergonomics
PSYoungGen: 32K->0K(1536K)
ParOldGen: 3143K->3143K(4096K)
============================================================857==============================
Time stamp : 2021-06-18T16:02:51.826+0530: 1.536
Collection time and cpu usage : [Times: user=0.00 sys=0.00, real=0.00 secs] 
Time spent for gc :  0.0023134 secs
Type of GC : Full GC
Reason for GC : Ergonomics
PSYoungGen: 975K->0K(1536K)
ParOldGen: 3143K->1236K(4096K)
============================================================858==============================
Time stamp : 2021-06-18T16:02:51.829+0530: 1.539
Collection time and cpu usage : [Times: user=0.00 sys=0.00, real=0.00 secs] 
Time spent for gc :  0.0011478 secs
Type of GC : Full GC
Reason for GC : Ergonomics
PSYoungGen: 975K->0K(1536K)
ParOldGen: 3146K->3146K(4096K)
============================================================859==============================
Time stamp : 2021-06-18T16:02:51.830+0530: 1.540
Collection time and cpu usage : [Times: user=0.00 sys=0.00, real=0.00 secs] 
Time spent for gc :  0.0023289 secs
Type of GC : Full GC
Reason for GC : Ergonomics
PSYoungGen: 976K->0K(1536K)
ParOldGen: 3146K->1237K(4096K)
============================================================860==============================
Time stamp : 2021-06-18T16:02:51.833+0530: 1.543
Collection time and cpu usage : [Times: user=0.00 sys=0.00, real=0.00 secs] 
Time spent for gc :  0.0011459 secs
Type of GC : Full GC
Reason for GC : Ergonomics
PSYoungGen: 976K->0K(1536K)
ParOldGen: 3150K->3150K(4096K)
============================================================861==============================
Time stamp : 2021-06-18T16:02:51.834+0530: 1.544
Collection time and cpu usage : [Times: user=0.00 sys=0.00, real=0.00 secs] 
Time spent for gc :  0.0023370 secs
Type of GC : Full GC
Reason for GC : Ergonomics
PSYoungGen: 978K->0K(1536K)
ParOldGen: 3150K->1238K(4096K)
============================================================862==============================
Time stamp : 2021-06-18T16:02:51.837+0530: 1.547
Collection time and cpu usage : [Times: user=0.00 sys=0.00, real=0.00 secs] 
Time spent for gc :  0.0011667 secs
Type of GC : Full GC
Reason for GC : Ergonomics
PSYoungGen: 977K->0K(1536K)
ParOldGen: 3154K->3154K(4096K)
============================================================863==============================
Time stamp : 2021-06-18T16:02:51.839+0530: 1.548
Collection time and cpu usage : [Times: user=0.02 sys=0.00, real=0.00 secs] 
Time spent for gc :  0.0023167 secs
Type of GC : Full GC
Reason for GC : Ergonomics
PSYoungGen: 979K->0K(1536K)
ParOldGen: 3154K->1239K(4096K)
============================================================864==============================
Time stamp : 2021-06-18T16:02:51.841+0530: 1.551
Collection time and cpu usage : [Times: user=0.00 sys=0.00, real=0.00 secs] 
Time spent for gc :  0.0011805 secs
Type of GC : Full GC
Reason for GC : Ergonomics
PSYoungGen: 979K->0K(1536K)
ParOldGen: 3157K->3157K(4096K)
============================================================865==============================
Time stamp : 2021-06-18T16:02:51.843+0530: 1.552
Collection time and cpu usage : [Times: user=0.00 sys=0.00, real=0.00 secs] 
Time spent for gc :  0.0023087 secs
Type of GC : Full GC
Reason for GC : Ergonomics
PSYoungGen: 980K->0K(1536K)
ParOldGen: 3157K->1241K(4096K)
============================================================866==============================
Time stamp : 2021-06-18T16:02:51.845+0530: 1.555
Collection time and cpu usage : [Times: user=0.00 sys=0.00, real=0.00 secs] 
Time spent for gc :  0.0011769 secs
Type of GC : Full GC
Reason for GC : Ergonomics
PSYoungGen: 980K->0K(1536K)
ParOldGen: 3161K->3161K(4096K)
============================================================867==============================
Time stamp : 2021-06-18T16:02:51.847+0530: 1.556
Collection time and cpu usage : [Times: user=0.00 sys=0.00, real=0.00 secs] 
Time spent for gc :  0.0023287 secs
Type of GC : Full GC
Reason for GC : Ergonomics
PSYoungGen: 981K->0K(1536K)
ParOldGen: 3161K->1242K(4096K)
============================================================868==============================
Time stamp : 2021-06-18T16:02:51.849+0530: 1.559
Collection time and cpu usage : [Times: user=0.00 sys=0.00, real=0.00 secs] 
Time spent for gc :  0.0011573 secs
Type of GC : Full GC
Reason for GC : Ergonomics
PSYoungGen: 981K->0K(1536K)
ParOldGen: 3165K->3165K(4096K)
============================================================869==============================
Time stamp : 2021-06-18T16:02:51.851+0530: 1.560
Collection time and cpu usage : [Times: user=0.00 sys=0.00, real=0.00 secs] 
Time spent for gc :  0.0023043 secs
Type of GC : Full GC
Reason for GC : Ergonomics
PSYoungGen: 982K->0K(1536K)
ParOldGen: 3165K->1243K(4096K)
============================================================870==============================
Time stamp : 2021-06-18T16:02:51.853+0530: 1.563
Collection time and cpu usage : [Times: user=0.02 sys=0.01, real=0.00 secs] 
Time spent for gc :  0.0011476 secs
Type of GC : Full GC
Reason for GC : Ergonomics
PSYoungGen: 982K->0K(1536K)
ParOldGen: 3168K->3168K(4096K)
============================================================871==============================
Time stamp : 2021-06-18T16:02:51.855+0530: 1.564
Collection time and cpu usage : [Times: user=0.00 sys=0.00, real=0.00 secs] 
Time spent for gc :  0.0023336 secs
Type of GC : Full GC
Reason for GC : Ergonomics
PSYoungGen: 984K->0K(1536K)
ParOldGen: 3168K->1244K(4096K)
============================================================872==============================
Time stamp : 2021-06-18T16:02:51.857+0530: 1.567
Collection time and cpu usage : [Times: user=0.00 sys=0.00, real=0.00 secs] 
Time spent for gc :  0.0011564 secs
Type of GC : Full GC
Reason for GC : Ergonomics
PSYoungGen: 983K->0K(1536K)
ParOldGen: 3172K->3172K(4096K)
============================================================873==============================
Time stamp : 2021-06-18T16:02:51.859+0530: 1.568
Collection time and cpu usage : [Times: user=0.00 sys=0.00, real=0.00 secs] 
Time spent for gc :  0.0023062 secs
Type of GC : Full GC
Reason for GC : Ergonomics
PSYoungGen: 985K->0K(1536K)
ParOldGen: 3172K->1246K(4096K)
============================================================874==============================
Time stamp : 2021-06-18T16:02:51.861+0530: 1.571
Collection time and cpu usage : [Times: user=0.00 sys=0.00, real=0.00 secs] 
Time spent for gc :  0.0011977 secs
Type of GC : Full GC
Reason for GC : Ergonomics
PSYoungGen: 985K->0K(1536K)
ParOldGen: 3176K->3175K(4096K)
============================================================875==============================
Time stamp : 2021-06-18T16:02:51.863+0530: 1.573
Collection time and cpu usage : [Times: user=0.00 sys=0.00, real=0.00 secs] 
Time spent for gc :  0.0024046 secs
Type of GC : Full GC
Reason for GC : Ergonomics
PSYoungGen: 986K->0K(1536K)
ParOldGen: 3175K->1247K(4096K)
============================================================876==============================
Time stamp : 2021-06-18T16:02:51.866+0530: 1.575
Collection time and cpu usage : [Times: user=0.00 sys=0.00, real=0.00 secs] 
Time spent for gc :  0.0011545 secs
Type of GC : Full GC
Reason for GC : Ergonomics
PSYoungGen: 986K->0K(1536K)
ParOldGen: 3179K->3179K(4096K)
============================================================877==============================
Time stamp : 2021-06-18T16:02:51.867+0530: 1.577
Collection time and cpu usage : [Times: user=0.00 sys=0.00, real=0.00 secs] 
Time spent for gc :  0.0023046 secs
Type of GC : Full GC
Reason for GC : Ergonomics
PSYoungGen: 987K->0K(1536K)
ParOldGen: 3179K->1248K(4096K)
============================================================878==============================
Time stamp : 2021-06-18T16:02:51.870+0530: 1.579
Collection time and cpu usage : [Times: user=0.02 sys=0.00, real=0.00 secs] 
Time spent for gc :  0.0011534 secs
Type of GC : Full GC
Reason for GC : Ergonomics
PSYoungGen: 987K->0K(1536K)
ParOldGen: 3183K->3183K(4096K)
============================================================879==============================
Time stamp : 2021-06-18T16:02:51.871+0530: 1.581
Collection time and cpu usage : [Times: user=0.00 sys=0.00, real=0.00 secs] 
Time spent for gc :  0.0023190 secs
Type of GC : Full GC
Reason for GC : Ergonomics
PSYoungGen: 988K->0K(1536K)
ParOldGen: 3183K->1249K(4096K)
============================================================880==============================
Time stamp : 2021-06-18T16:02:51.874+0530: 1.583
Collection time and cpu usage : [Times: user=0.00 sys=0.00, real=0.00 secs] 
Time spent for gc :  0.0011501 secs
Type of GC : Full GC
Reason for GC : Ergonomics
PSYoungGen: 988K->0K(1536K)
ParOldGen: 3186K->3186K(4096K)
============================================================881==============================
Time stamp : 2021-06-18T16:02:51.875+0530: 1.585
Collection time and cpu usage : [Times: user=0.00 sys=0.00, real=0.00 secs] 
Time spent for gc :  0.0023638 secs
Type of GC : Full GC
Reason for GC : Ergonomics
PSYoungGen: 990K->0K(1536K)
ParOldGen: 3186K->1250K(4096K)
============================================================882==============================
Time stamp : 2021-06-18T16:02:51.878+0530: 1.588
Collection time and cpu usage : [Times: user=0.00 sys=0.00, real=0.00 secs] 
Time spent for gc :  0.0011717 secs
Type of GC : Full GC
Reason for GC : Ergonomics
PSYoungGen: 990K->0K(1536K)
ParOldGen: 3190K->3190K(4096K)
============================================================883==============================
Time stamp : 2021-06-18T16:02:51.879+0530: 1.589
Collection time and cpu usage : [Times: user=0.00 sys=0.00, real=0.00 secs] 
Time spent for gc :  0.0023012 secs
Type of GC : Full GC
Reason for GC : Ergonomics
PSYoungGen: 991K->0K(1536K)
ParOldGen: 3190K->1252K(4096K)
============================================================884==============================
Time stamp : 2021-06-18T16:02:51.882+0530: 1.592
Collection time and cpu usage : [Times: user=0.00 sys=0.00, real=0.00 secs] 
Time spent for gc :  0.0011501 secs
Type of GC : Full GC
Reason for GC : Ergonomics
PSYoungGen: 991K->0K(1536K)
ParOldGen: 3194K->3194K(4096K)
============================================================885==============================
Time stamp : 2021-06-18T16:02:51.883+0530: 1.593
Collection time and cpu usage : [Times: user=0.06 sys=0.00, real=0.00 secs] 
Time spent for gc :  0.0023037 secs
Type of GC : Full GC
Reason for GC : Ergonomics
PSYoungGen: 992K->0K(1536K)
ParOldGen: 3194K->1253K(4096K)
============================================================886==============================
Time stamp : 2021-06-18T16:02:51.886+0530: 1.596
Collection time and cpu usage : [Times: user=0.00 sys=0.00, real=0.00 secs] 
Time spent for gc :  0.0011761 secs
Type of GC : Full GC
Reason for GC : Ergonomics
PSYoungGen: 992K->0K(1536K)
ParOldGen: 3197K->3197K(4096K)
============================================================887==============================
Time stamp : 2021-06-18T16:02:51.887+0530: 1.597
Collection time and cpu usage : [Times: user=0.00 sys=0.00, real=0.00 secs] 
Time spent for gc :  0.0023372 secs
Type of GC : Full GC
Reason for GC : Ergonomics
PSYoungGen: 993K->0K(1536K)
ParOldGen: 3197K->1254K(4096K)
============================================================888==============================
Time stamp : 2021-06-18T16:02:51.890+0530: 1.600
Collection time and cpu usage : [Times: user=0.00 sys=0.00, real=0.00 secs] 
Time spent for gc :  0.0011548 secs
Type of GC : Full GC
Reason for GC : Ergonomics
PSYoungGen: 993K->0K(1536K)
ParOldGen: 3201K->3201K(4096K)
============================================================889==============================
Time stamp : 2021-06-18T16:02:51.891+0530: 1.601
Collection time and cpu usage : [Times: user=0.00 sys=0.00, real=0.00 secs] 
Time spent for gc :  0.0023104 secs
Type of GC : Full GC
Reason for GC : Ergonomics
PSYoungGen: 995K->0K(1536K)
ParOldGen: 3201K->1255K(4096K)
============================================================890==============================
Time stamp : 2021-06-18T16:02:51.894+0530: 1.604
Collection time and cpu usage : [Times: user=0.00 sys=0.00, real=0.00 secs] 
Time spent for gc :  0.0011473 secs
Type of GC : Full GC
Reason for GC : Ergonomics
PSYoungGen: 994K->0K(1536K)
ParOldGen: 3205K->3205K(4096K)
============================================================891==============================
Time stamp : 2021-06-18T16:02:51.895+0530: 1.605
Collection time and cpu usage : [Times: user=0.00 sys=0.00, real=0.00 secs] 
Time spent for gc :  0.0022957 secs
Type of GC : Full GC
Reason for GC : Ergonomics
PSYoungGen: 996K->0K(1536K)
ParOldGen: 3205K->1257K(4096K)
============================================================892==============================
Time stamp : 2021-06-18T16:02:51.898+0530: 1.608
Collection time and cpu usage : [Times: user=0.00 sys=0.00, real=0.00 secs] 
Time spent for gc :  0.0011534 secs
Type of GC : Full GC
Reason for GC : Ergonomics
PSYoungGen: 996K->0K(1536K)
ParOldGen: 3208K->3208K(4096K)
============================================================893==============================
Time stamp : 2021-06-18T16:02:51.899+0530: 1.609
Collection time and cpu usage : [Times: user=0.06 sys=0.00, real=0.00 secs] 
Time spent for gc :  0.0023691 secs
Type of GC : Full GC
Reason for GC : Ergonomics
PSYoungGen: 997K->0K(1536K)
ParOldGen: 3208K->1258K(4096K)
============================================================894==============================
Time stamp : 2021-06-18T16:02:51.902+0530: 1.612
Collection time and cpu usage : [Times: user=0.00 sys=0.00, real=0.00 secs] 
Time spent for gc :  0.0011487 secs
Type of GC : Full GC
Reason for GC : Ergonomics
PSYoungGen: 997K->0K(1536K)
ParOldGen: 3212K->3212K(4096K)
============================================================895==============================
Time stamp : 2021-06-18T16:02:51.904+0530: 1.613
Collection time and cpu usage : [Times: user=0.00 sys=0.00, real=0.00 secs] 
Time spent for gc :  0.0023051 secs
Type of GC : Full GC
Reason for GC : Ergonomics
PSYoungGen: 998K->0K(1536K)
ParOldGen: 3212K->1259K(4096K)
============================================================896==============================
Time stamp : 2021-06-18T16:02:51.906+0530: 1.616
Collection time and cpu usage : [Times: user=0.00 sys=0.00, real=0.00 secs] 
Time spent for gc :  0.0011816 secs
Type of GC : Full GC
Reason for GC : Ergonomics
PSYoungGen: 998K->0K(1536K)
ParOldGen: 3216K->3216K(4096K)
============================================================897==============================
Time stamp : 2021-06-18T16:02:51.908+0530: 1.617
Collection time and cpu usage : [Times: user=0.00 sys=0.00, real=0.00 secs] 
Time spent for gc :  0.0023248 secs
Type of GC : Full GC
Reason for GC : Ergonomics
PSYoungGen: 999K->0K(1536K)
ParOldGen: 3216K->1260K(4096K)
============================================================898==============================
Time stamp : 2021-06-18T16:02:51.910+0530: 1.620
Collection time and cpu usage : [Times: user=0.00 sys=0.00, real=0.00 secs] 
Time spent for gc :  0.0011567 secs
Type of GC : Full GC
Reason for GC : Ergonomics
PSYoungGen: 999K->0K(1536K)
ParOldGen: 3219K->3219K(4096K)
============================================================899==============================
Time stamp : 2021-06-18T16:02:51.912+0530: 1.622
Collection time and cpu usage : [Times: user=0.00 sys=0.00, real=0.00 secs] 
Time spent for gc :  0.0023411 secs
Type of GC : Full GC
Reason for GC : Ergonomics
PSYoungGen: 1001K->0K(1536K)
ParOldGen: 3219K->1261K(4096K)
============================================================900==============================
Time stamp : 2021-06-18T16:02:51.914+0530: 1.624
Collection time and cpu usage : [Times: user=0.00 sys=0.00, real=0.00 secs] 
Time spent for gc :  0.0011797 secs
Type of GC : Full GC
Reason for GC : Ergonomics
PSYoungGen: 1001K->0K(1536K)
ParOldGen: 3223K->3223K(4096K)
============================================================901==============================
Time stamp : 2021-06-18T16:02:51.916+0530: 1.626
Collection time and cpu usage : [Times: user=0.01 sys=0.00, real=0.00 secs] 
Time spent for gc :  0.0023148 secs
Type of GC : Full GC
Reason for GC : Ergonomics
PSYoungGen: 1002K->0K(1536K)
ParOldGen: 3223K->1263K(4096K)
============================================================902==============================
Time stamp : 2021-06-18T16:02:51.919+0530: 1.628
Collection time and cpu usage : [Times: user=0.00 sys=0.00, real=0.00 secs] 
Time spent for gc :  0.0011523 secs
Type of GC : Full GC
Reason for GC : Ergonomics
PSYoungGen: 1002K->0K(1536K)
ParOldGen: 3227K->3227K(4096K)
============================================================903==============================
Time stamp : 2021-06-18T16:02:51.920+0530: 1.630
Collection time and cpu usage : [Times: user=0.00 sys=0.00, real=0.00 secs] 
Time spent for gc :  0.0023093 secs
Type of GC : Full GC
Reason for GC : Ergonomics
PSYoungGen: 1003K->0K(1536K)
ParOldGen: 3227K->1264K(4096K)
============================================================904==============================
Time stamp : 2021-06-18T16:02:51.923+0530: 1.632
Collection time and cpu usage : [Times: user=0.00 sys=0.00, real=0.00 secs] 
Time spent for gc :  0.0011512 secs
Type of GC : Full GC
Reason for GC : Ergonomics
PSYoungGen: 1003K->0K(1536K)
ParOldGen: 3230K->3230K(4096K)
============================================================905==============================
Time stamp : 2021-06-18T16:02:51.924+0530: 1.634
Collection time and cpu usage : [Times: user=0.00 sys=0.00, real=0.00 secs] 
Time spent for gc :  0.0023087 secs
Type of GC : Full GC
Reason for GC : Ergonomics
PSYoungGen: 1004K->0K(1536K)
ParOldGen: 3230K->1265K(4096K)
============================================================906==============================
Time stamp : 2021-06-18T16:02:51.927+0530: 1.637
Collection time and cpu usage : [Times: user=0.00 sys=0.00, real=0.00 secs] 
Time spent for gc :  0.0011517 secs
Type of GC : Full GC
Reason for GC : Ergonomics
PSYoungGen: 1004K->0K(1536K)
ParOldGen: 3234K->3234K(4096K)
============================================================907==============================
Time stamp : 2021-06-18T16:02:51.928+0530: 1.638
Collection time and cpu usage : [Times: user=0.00 sys=0.00, real=0.00 secs] 
Time spent for gc :  0.0023076 secs
Type of GC : Full GC
Reason for GC : Ergonomics
PSYoungGen: 1006K->0K(1536K)
ParOldGen: 3234K->1266K(4096K)
============================================================908==============================
Time stamp : 2021-06-18T16:02:51.931+0530: 1.641
Collection time and cpu usage : [Times: user=0.00 sys=0.00, real=0.00 secs] 
Time spent for gc :  0.0014612 secs
Type of GC : Full GC
Reason for GC : Ergonomics
PSYoungGen: 1005K->0K(1536K)
ParOldGen: 3238K->3238K(4096K)
============================================================909==============================
Time stamp : 2021-06-18T16:02:51.933+0530: 1.643
Collection time and cpu usage : [Times: user=0.00 sys=0.00, real=0.00 secs] 
Time spent for gc :  0.0026686 secs
Type of GC : Full GC
Reason for GC : Ergonomics
PSYoungGen: 1007K->0K(1536K)
ParOldGen: 3238K->1267K(4096K)
============================================================910==============================
Time stamp : 2021-06-18T16:02:51.936+0530: 1.646
Collection time and cpu usage : [Times: user=0.00 sys=0.00, real=0.00 secs] 
Time spent for gc :  0.0018061 secs
Type of GC : Full GC
Reason for GC : Ergonomics
PSYoungGen: 1007K->0K(1536K)
ParOldGen: 3241K->3241K(4096K)
============================================================911==============================
Time stamp : 2021-06-18T16:02:51.938+0530: 1.648
Collection time and cpu usage : [Times: user=0.00 sys=0.00, real=0.00 secs] 
Time spent for gc :  0.0032053 secs
Type of GC : Full GC
Reason for GC : Ergonomics
PSYoungGen: 1008K->0K(1536K)
ParOldGen: 3241K->1269K(4096K)
============================================================912==============================
Time stamp : 2021-06-18T16:02:51.942+0530: 1.652
Collection time and cpu usage : [Times: user=0.00 sys=0.00, real=0.00 secs] 
Time spent for gc :  0.0019150 secs
Type of GC : Full GC
Reason for GC : Ergonomics
PSYoungGen: 1008K->0K(1536K)
ParOldGen: 3245K->3245K(4096K)
============================================================913==============================
Time stamp : 2021-06-18T16:02:51.945+0530: 1.655
Collection time and cpu usage : [Times: user=0.00 sys=0.00, real=0.00 secs] 
Time spent for gc :  0.0028465 secs
Type of GC : Full GC
Reason for GC : Ergonomics
PSYoungGen: 1009K->0K(1536K)
ParOldGen: 3245K->1270K(4096K)
============================================================914==============================
Time stamp : 2021-06-18T16:02:51.948+0530: 1.658
Collection time and cpu usage : [Times: user=0.01 sys=0.00, real=0.00 secs] 
Time spent for gc :  0.0015651 secs
Type of GC : Full GC
Reason for GC : Ergonomics
PSYoungGen: 1009K->0K(1536K)
ParOldGen: 3249K->3248K(4096K)
============================================================915==============================
Time stamp : 2021-06-18T16:02:51.950+0530: 1.660
Collection time and cpu usage : [Times: user=0.00 sys=0.00, real=0.00 secs] 
Time spent for gc :  0.0028894 secs
Type of GC : Full GC
Reason for GC : Ergonomics
PSYoungGen: 1010K->0K(1536K)
ParOldGen: 3248K->1271K(4096K)
============================================================916==============================
Time stamp : 2021-06-18T16:02:51.954+0530: 1.664
Collection time and cpu usage : [Times: user=0.00 sys=0.00, real=0.00 secs] 
Time spent for gc :  0.0014058 secs
Type of GC : Full GC
Reason for GC : Ergonomics
PSYoungGen: 1010K->0K(1536K)
ParOldGen: 3252K->3252K(4096K)
============================================================917==============================
Time stamp : 2021-06-18T16:02:51.956+0530: 1.666
Collection time and cpu usage : [Times: user=0.00 sys=0.00, real=0.00 secs] 
Time spent for gc :  0.0027282 secs
Type of GC : Full GC
Reason for GC : Ergonomics
PSYoungGen: 1012K->0K(1536K)
ParOldGen: 3252K->1272K(4096K)
============================================================918==============================
Time stamp : 2021-06-18T16:02:51.959+0530: 1.669
Collection time and cpu usage : [Times: user=0.00 sys=0.00, real=0.00 secs] 
Time spent for gc :  0.0016310 secs
Type of GC : Full GC
Reason for GC : Ergonomics
PSYoungGen: 1011K->0K(1536K)
ParOldGen: 3256K->3256K(4096K)
============================================================919==============================
Time stamp : 2021-06-18T16:02:51.961+0530: 1.671
Collection time and cpu usage : [Times: user=0.03 sys=0.00, real=0.00 secs] 
Time spent for gc :  0.0025533 secs
Type of GC : Full GC
Reason for GC : Ergonomics
PSYoungGen: 1013K->0K(1536K)
ParOldGen: 3256K->1274K(4096K)
============================================================920==============================
Time stamp : 2021-06-18T16:02:51.964+0530: 1.674
Collection time and cpu usage : [Times: user=0.00 sys=0.00, real=0.00 secs] 
Time spent for gc :  0.0013570 secs
Type of GC : Full GC
Reason for GC : Ergonomics
PSYoungGen: 1013K->0K(1536K)
ParOldGen: 3259K->3259K(4096K)
============================================================921==============================
Time stamp : 2021-06-18T16:02:51.966+0530: 1.676
Collection time and cpu usage : [Times: user=0.00 sys=0.00, real=0.00 secs] 
Time spent for gc :  0.0026024 secs
Type of GC : Full GC
Reason for GC : Ergonomics
PSYoungGen: 1014K->0K(1536K)
ParOldGen: 3259K->1275K(4096K)
============================================================922==============================
Time stamp : 2021-06-18T16:02:51.969+0530: 1.679
Collection time and cpu usage : [Times: user=0.00 sys=0.00, real=0.00 secs] 
Time spent for gc :  0.0015202 secs
Type of GC : Full GC
Reason for GC : Ergonomics
PSYoungGen: 1014K->0K(1536K)
ParOldGen: 3263K->3263K(4096K)
============================================================923==============================
Time stamp : 2021-06-18T16:02:51.971+0530: 1.681
Collection time and cpu usage : [Times: user=0.00 sys=0.00, real=0.00 secs] 
Time spent for gc :  0.0027271 secs
Type of GC : Full GC
Reason for GC : Ergonomics
PSYoungGen: 1015K->0K(1536K)
ParOldGen: 3263K->1276K(4096K)
============================================================924==============================
Time stamp : 2021-06-18T16:02:51.976+0530: 1.685
Collection time and cpu usage : [Times: user=0.00 sys=0.00, real=0.00 secs] 
Time spent for gc :  0.0014360 secs
Type of GC : Full GC
Reason for GC : Ergonomics
PSYoungGen: 1015K->0K(1536K)
ParOldGen: 3267K->3267K(4096K)
============================================================925==============================
Time stamp : 2021-06-18T16:02:51.977+0530: 1.686
Collection time and cpu usage : [Times: user=0.00 sys=0.00, real=0.00 secs] 
Time spent for gc :  0.0028193 secs
Type of GC : Full GC
Reason for GC : Ergonomics
PSYoungGen: 1016K->0K(1536K)
ParOldGen: 3267K->1277K(4096K)
============================================================926==============================
Time stamp : 2021-06-18T16:02:51.981+0530: 1.690
Collection time and cpu usage : [Times: user=0.00 sys=0.00, real=0.00 secs] 
Time spent for gc :  0.0014194 secs
Type of GC : Full GC
Reason for GC : Ergonomics
PSYoungGen: 1016K->0K(1536K)
ParOldGen: 3270K->3270K(4096K)
============================================================927==============================
Time stamp : 2021-06-18T16:02:51.983+0530: 1.692
Collection time and cpu usage : [Times: user=0.00 sys=0.00, real=0.00 secs] 
Time spent for gc :  0.0029717 secs
Type of GC : Full GC
Reason for GC : Ergonomics
PSYoungGen: 1018K->0K(1536K)
ParOldGen: 3270K->1278K(4096K)
============================================================928==============================
Time stamp : 2021-06-18T16:02:51.986+0530: 1.695
Collection time and cpu usage : [Times: user=0.00 sys=0.00, real=0.00 secs] 
Time spent for gc :  0.0013939 secs
Type of GC : Full GC
Reason for GC : Ergonomics
PSYoungGen: 1018K->0K(1536K)
ParOldGen: 3274K->3274K(4096K)
============================================================929==============================
Time stamp : 2021-06-18T16:02:51.988+0530: 1.697
Collection time and cpu usage : [Times: user=0.00 sys=0.00, real=0.00 secs] 
Time spent for gc :  0.0025597 secs
Type of GC : Full GC
Reason for GC : Ergonomics
PSYoungGen: 1019K->0K(1536K)
ParOldGen: 3274K->1280K(4096K)
============================================================930==============================
Time stamp : 2021-06-18T16:02:51.991+0530: 1.700
Collection time and cpu usage : [Times: user=0.00 sys=0.00, real=0.00 secs] 
Time spent for gc :  0.0011683 secs
Type of GC : Full GC
Reason for GC : Ergonomics
PSYoungGen: 1019K->0K(1536K)
ParOldGen: 3278K->3278K(4096K)
============================================================931==============================
Time stamp : 2021-06-18T16:02:51.992+0530: 1.701
Collection time and cpu usage : [Times: user=0.00 sys=0.00, real=0.00 secs] 
Time spent for gc :  0.0023242 secs
Type of GC : Full GC
Reason for GC : Ergonomics
PSYoungGen: 1020K->0K(1536K)
ParOldGen: 3278K->1281K(4096K)
============================================================932==============================
Time stamp : 2021-06-18T16:02:51.995+0530: 1.704
Collection time and cpu usage : [Times: user=0.02 sys=0.00, real=0.00 secs] 
Time spent for gc :  0.0011841 secs
Type of GC : Full GC
Reason for GC : Ergonomics
PSYoungGen: 1020K->0K(1536K)
ParOldGen: 3281K->3281K(4096K)
============================================================933==============================
Time stamp : 2021-06-18T16:02:51.996+0530: 1.705
Collection time and cpu usage : [Times: user=0.00 sys=0.00, real=0.00 secs] 
Time spent for gc :  0.0023209 secs
Type of GC : Full GC
Reason for GC : Ergonomics
PSYoungGen: 1021K->0K(1536K)
ParOldGen: 3281K->1282K(4096K)
============================================================934==============================
Time stamp : 2021-06-18T16:02:51.999+0530: 1.708
Collection time and cpu usage : [Times: user=0.00 sys=0.00, real=0.00 secs] 
Time spent for gc :  0.0011581 secs
Type of GC : Full GC
Reason for GC : Ergonomics
PSYoungGen: 1021K->0K(1536K)
ParOldGen: 3285K->3285K(4096K)
============================================================935==============================
Time stamp : 2021-06-18T16:02:52.000+0530: 1.709
Collection time and cpu usage : [Times: user=0.00 sys=0.00, real=0.00 secs] 
Time spent for gc :  0.0023176 secs
Type of GC : Full GC
Reason for GC : Ergonomics
PSYoungGen: 1023K->0K(1536K)
ParOldGen: 3285K->1283K(4096K)
============================================================936==============================
Time stamp : 2021-06-18T16:02:52.003+0530: 1.712
Collection time and cpu usage : [Times: user=0.00 sys=0.00, real=0.00 secs] 
Time spent for gc :  0.0011545 secs
Type of GC : Full GC
Reason for GC : Ergonomics
PSYoungGen: 1022K->0K(1536K)
ParOldGen: 3289K->3289K(4096K)
============================================================937==============================
Time stamp : 2021-06-18T16:02:52.005+0530: 1.714
Collection time and cpu usage : [Times: user=0.00 sys=0.00, real=0.00 secs] 
Time spent for gc :  0.0023312 secs
Type of GC : Full GC
Reason for GC : Ergonomics
PSYoungGen: 1024K->0K(1536K)
ParOldGen: 3289K->1284K(4096K)
============================================================938==============================
Time stamp : 2021-06-18T16:02:52.007+0530: 1.716
Collection time and cpu usage : [Times: user=0.00 sys=0.00, real=0.00 secs] 
Time spent for gc :  0.0011611 secs
Type of GC : Full GC
Reason for GC : Ergonomics
PSYoungGen: 1024K->0K(1536K)
ParOldGen: 3292K->3292K(4096K)
============================================================939==============================
Time stamp : 2021-06-18T16:02:52.009+0530: 1.718
Collection time and cpu usage : [Times: user=0.00 sys=0.00, real=0.00 secs] 
Time spent for gc :  0.0023264 secs
Type of GC : Full GC
Reason for GC : Ergonomics
PSYoungGen: 1024K->0K(1536K)
ParOldGen: 3292K->1286K(4096K)
============================================================940==============================
Time stamp : 2021-06-18T16:02:52.011+0530: 1.720
Collection time and cpu usage : [Times: user=0.06 sys=0.00, real=0.00 secs] 
Time spent for gc :  0.0011559 secs
Type of GC : Full GC
Reason for GC : Ergonomics
PSYoungGen: 1024K->0K(1536K)
ParOldGen: 3296K->3296K(4096K)
============================================================941==============================
Time stamp : 2021-06-18T16:02:52.013+0530: 1.722
Collection time and cpu usage : [Times: user=0.00 sys=0.00, real=0.00 secs] 
Time spent for gc :  0.0023256 secs
Type of GC : Full GC
Reason for GC : Ergonomics
PSYoungGen: 1024K->0K(1536K)
ParOldGen: 3296K->1287K(4096K)
============================================================942==============================
Time stamp : 2021-06-18T16:02:52.015+0530: 1.724
Collection time and cpu usage : [Times: user=0.00 sys=0.00, real=0.00 secs] 
Time spent for gc :  0.0011830 secs
Type of GC : Full GC
Reason for GC : Ergonomics
PSYoungGen: 1024K->0K(1536K)
ParOldGen: 3300K->3300K(4096K)
============================================================943==============================
Time stamp : 2021-06-18T16:02:52.017+0530: 1.726
Collection time and cpu usage : [Times: user=0.00 sys=0.00, real=0.00 secs] 
Time spent for gc :  0.0022965 secs
Type of GC : Full GC
Reason for GC : Ergonomics
PSYoungGen: 1024K->0K(1536K)
ParOldGen: 3300K->1288K(4096K)
============================================================944==============================
Time stamp : 2021-06-18T16:02:52.020+0530: 1.729
Collection time and cpu usage : [Times: user=0.00 sys=0.00, real=0.00 secs] 
Time spent for gc :  0.0012055 secs
Type of GC : Full GC
Reason for GC : Ergonomics
PSYoungGen: 1024K->0K(1536K)
ParOldGen: 3303K->3303K(4096K)
============================================================945==============================
Time stamp : 2021-06-18T16:02:52.021+0530: 1.730
Collection time and cpu usage : [Times: user=0.00 sys=0.00, real=0.00 secs] 
Time spent for gc :  0.0023300 secs
Type of GC : Full GC
Reason for GC : Ergonomics
PSYoungGen: 1024K->0K(1536K)
ParOldGen: 3303K->1289K(4096K)
============================================================946==============================
Time stamp : 2021-06-18T16:02:52.024+0530: 1.733
Collection time and cpu usage : [Times: user=0.00 sys=0.00, real=0.00 secs] 
Time spent for gc :  0.0011517 secs
Type of GC : Full GC
Reason for GC : Ergonomics
PSYoungGen: 1024K->0K(1536K)
ParOldGen: 3307K->3307K(4096K)
============================================================947==============================
Time stamp : 2021-06-18T16:02:52.025+0530: 1.734
Collection time and cpu usage : [Times: user=0.00 sys=0.00, real=0.00 secs] 
Time spent for gc :  0.0023201 secs
Type of GC : Full GC
Reason for GC : Ergonomics
PSYoungGen: 1024K->0K(1536K)
ParOldGen: 3307K->1291K(4096K)
============================================================948==============================
Time stamp : 2021-06-18T16:02:52.028+0530: 1.737
Collection time and cpu usage : [Times: user=0.00 sys=0.00, real=0.00 secs] 
Time spent for gc :  0.0011706 secs
Type of GC : Full GC
Reason for GC : Ergonomics
PSYoungGen: 1024K->0K(1536K)
ParOldGen: 3311K->3311K(4096K)
============================================================949==============================
Time stamp : 2021-06-18T16:02:52.029+0530: 1.738
Collection time and cpu usage : [Times: user=0.00 sys=0.00, real=0.00 secs] 
Time spent for gc :  0.0023508 secs
Type of GC : Full GC
Reason for GC : Ergonomics
PSYoungGen: 1024K->0K(1536K)
ParOldGen: 3311K->1292K(4096K)
============================================================950==============================
Time stamp : 2021-06-18T16:02:52.032+0530: 1.741
Collection time and cpu usage : [Times: user=0.00 sys=0.00, real=0.00 secs] 
Time spent for gc :  0.0011589 secs
Type of GC : Full GC
Reason for GC : Ergonomics
PSYoungGen: 1024K->0K(1536K)
ParOldGen: 3314K->3314K(4096K)
============================================================951==============================
Time stamp : 2021-06-18T16:02:52.033+0530: 1.742
Collection time and cpu usage : [Times: user=0.00 sys=0.00, real=0.00 secs] 
Time spent for gc :  0.0023212 secs
Type of GC : Full GC
Reason for GC : Ergonomics
PSYoungGen: 1024K->0K(1536K)
ParOldGen: 3314K->1293K(4096K)
============================================================952==============================
Time stamp : 2021-06-18T16:02:52.036+0530: 1.745
Collection time and cpu usage : [Times: user=0.00 sys=0.00, real=0.00 secs] 
Time spent for gc :  0.0011797 secs
Type of GC : Full GC
Reason for GC : Ergonomics
PSYoungGen: 1024K->0K(1536K)
ParOldGen: 3318K->3318K(4096K)
============================================================953==============================
Time stamp : 2021-06-18T16:02:52.037+0530: 1.747
Collection time and cpu usage : [Times: user=0.00 sys=0.00, real=0.00 secs] 
Time spent for gc :  0.0023101 secs
Type of GC : Full GC
Reason for GC : Ergonomics
PSYoungGen: 1024K->0K(1536K)
ParOldGen: 3318K->1294K(4096K)
============================================================954==============================
Time stamp : 2021-06-18T16:02:52.040+0530: 1.749
Collection time and cpu usage : [Times: user=0.00 sys=0.00, real=0.00 secs] 
Time spent for gc :  0.0011528 secs
Type of GC : Full GC
Reason for GC : Ergonomics
PSYoungGen: 1024K->0K(1536K)
ParOldGen: 3322K->3321K(4096K)
============================================================955==============================
Time stamp : 2021-06-18T16:02:52.042+0530: 1.751
Collection time and cpu usage : [Times: user=0.02 sys=0.00, real=0.00 secs] 
Time spent for gc :  0.0023251 secs
Type of GC : Full GC
Reason for GC : Ergonomics
PSYoungGen: 1024K->0K(1536K)
ParOldGen: 3321K->1295K(4096K)
============================================================956==============================
Time stamp : 2021-06-18T16:02:52.044+0530: 1.753
Collection time and cpu usage : [Times: user=0.00 sys=0.00, real=0.00 secs] 
Time spent for gc :  0.0011631 secs
Type of GC : Full GC
Reason for GC : Ergonomics
PSYoungGen: 1024K->0K(1536K)
ParOldGen: 3325K->3325K(4096K)
============================================================957==============================
Time stamp : 2021-06-18T16:02:52.046+0530: 1.755
Collection time and cpu usage : [Times: user=0.00 sys=0.00, real=0.00 secs] 
Time spent for gc :  0.0023262 secs
Type of GC : Full GC
Reason for GC : Ergonomics
PSYoungGen: 1024K->0K(1536K)
ParOldGen: 3325K->1297K(4096K)
============================================================958==============================
Time stamp : 2021-06-18T16:02:52.048+0530: 1.757
Collection time and cpu usage : [Times: user=0.00 sys=0.00, real=0.00 secs] 
Time spent for gc :  0.0011606 secs
Type of GC : Full GC
Reason for GC : Ergonomics
PSYoungGen: 1024K->0K(1536K)
ParOldGen: 3329K->3329K(4096K)
============================================================959==============================
Time stamp : 2021-06-18T16:02:52.050+0530: 1.759
Collection time and cpu usage : [Times: user=0.00 sys=0.00, real=0.00 secs] 
Time spent for gc :  0.0023267 secs
Type of GC : Full GC
Reason for GC : Ergonomics
PSYoungGen: 1024K->0K(1536K)
ParOldGen: 3329K->1298K(4096K)
============================================================960==============================
Time stamp : 2021-06-18T16:02:52.052+0530: 1.762
Collection time and cpu usage : [Times: user=0.00 sys=0.00, real=0.00 secs] 
Time spent for gc :  0.0012005 secs
Type of GC : Full GC
Reason for GC : Ergonomics
PSYoungGen: 1024K->0K(1536K)
ParOldGen: 3332K->3332K(4096K)
============================================================961==============================
Time stamp : 2021-06-18T16:02:52.054+0530: 1.763
Collection time and cpu usage : [Times: user=0.00 sys=0.00, real=0.00 secs] 
Time spent for gc :  0.0023281 secs
Type of GC : Full GC
Reason for GC : Ergonomics
PSYoungGen: 1024K->0K(1536K)
ParOldGen: 3332K->1299K(4096K)
============================================================962==============================
Time stamp : 2021-06-18T16:02:52.057+0530: 1.766
Collection time and cpu usage : [Times: user=0.00 sys=0.00, real=0.00 secs] 
Time spent for gc :  0.0011628 secs
Type of GC : Full GC
Reason for GC : Ergonomics
PSYoungGen: 1024K->0K(1536K)
ParOldGen: 3336K->3336K(4096K)
============================================================963==============================
Time stamp : 2021-06-18T16:02:52.058+0530: 1.767
Collection time and cpu usage : [Times: user=0.02 sys=0.00, real=0.00 secs] 
Time spent for gc :  0.0023270 secs
Type of GC : Full GC
Reason for GC : Ergonomics
PSYoungGen: 1024K->0K(1536K)
ParOldGen: 3336K->1300K(4096K)
============================================================964==============================
Time stamp : 2021-06-18T16:02:52.061+0530: 1.770
Collection time and cpu usage : [Times: user=0.00 sys=0.00, real=0.00 secs] 
Time spent for gc :  0.0011578 secs
Type of GC : Full GC
Reason for GC : Ergonomics
PSYoungGen: 1024K->0K(1536K)
ParOldGen: 3340K->3340K(4096K)
============================================================965==============================
Time stamp : 2021-06-18T16:02:52.062+0530: 1.771
Collection time and cpu usage : [Times: user=0.00 sys=0.00, real=0.00 secs] 
Time spent for gc :  0.0024603 secs
Type of GC : Full GC
Reason for GC : Ergonomics
PSYoungGen: 1024K->0K(1536K)
ParOldGen: 3340K->1302K(4096K)
============================================================966==============================
Time stamp : 2021-06-18T16:02:52.065+0530: 1.774
Collection time and cpu usage : [Times: user=0.00 sys=0.00, real=0.00 secs] 
Time spent for gc :  0.0012307 secs
Type of GC : Full GC
Reason for GC : Ergonomics
PSYoungGen: 1024K->0K(1536K)
ParOldGen: 3343K->3343K(4096K)
============================================================967==============================
Time stamp : 2021-06-18T16:02:52.066+0530: 1.776
Collection time and cpu usage : [Times: user=0.00 sys=0.00, real=0.00 secs] 
Time spent for gc :  0.0023331 secs
Type of GC : Full GC
Reason for GC : Ergonomics
PSYoungGen: 1024K->0K(1536K)
ParOldGen: 3343K->1303K(4096K)
============================================================968==============================
Time stamp : 2021-06-18T16:02:52.069+0530: 1.778
Collection time and cpu usage : [Times: user=0.00 sys=0.00, real=0.00 secs] 
Time spent for gc :  0.0012963 secs
Type of GC : Full GC
Reason for GC : Ergonomics
PSYoungGen: 1024K->0K(1536K)
ParOldGen: 3347K->3347K(4096K)
============================================================969==============================
Time stamp : 2021-06-18T16:02:52.071+0530: 1.780
Collection time and cpu usage : [Times: user=0.00 sys=0.00, real=0.00 secs] 
Time spent for gc :  0.0023400 secs
Type of GC : Full GC
Reason for GC : Ergonomics
PSYoungGen: 1024K->0K(1536K)
ParOldGen: 3347K->1304K(4096K)
============================================================970==============================
Time stamp : 2021-06-18T16:02:52.073+0530: 1.783
Collection time and cpu usage : [Times: user=0.06 sys=0.00, real=0.00 secs] 
Time spent for gc :  0.0011864 secs
Type of GC : Full GC
Reason for GC : Ergonomics
PSYoungGen: 1024K->0K(1536K)
ParOldGen: 3351K->3351K(4096K)
============================================================971==============================
Time stamp : 2021-06-18T16:02:52.075+0530: 1.784
Collection time and cpu usage : [Times: user=0.00 sys=0.00, real=0.00 secs] 
Time spent for gc :  0.0001216 secs
Reason for GC : Allocation Failure
PSYoungGen: 0K->0K(1536K)
============================================================972==============================
Time stamp : 2021-06-18T16:02:52.075+0530: 1.784
Collection time and cpu usage : [Times: user=0.00 sys=0.00, real=0.00 secs] 
Time spent for gc :  0.0025401 secs
Type of GC : Full GC
Reason for GC : Allocation Failure
PSYoungGen: 0K->0K(1536K)
ParOldGen: 3351K->3339K(4096K)
======================================